Component: ARM Compiler 5.06 update 6 (build 750) Tool: armlink [4d35ed]

==============================================================================

Section Cross References

    main.o(i.EXTI_Config) refers to misc.o(i.NVIC_PriorityGroupConfig) for NVIC_PriorityGroupConfig
    main.o(i.EXTI_Config) refers to stm32f10x_rcc.o(i.RCC_APB2PeriphClockCmd) for RCC_APB2PeriphClockCmd
    main.o(i.EXTI_Config) refers to stm32f10x_gpio.o(i.GPIO_Init) for GPIO_Init
    main.o(i.EXTI_Config) refers to stm32f10x_gpio.o(i.GPIO_EXTILineConfig) for GPIO_EXTILineConfig
    main.o(i.EXTI_Config) refers to stm32f10x_exti.o(i.EXTI_Init) for EXTI_Init
    main.o(i.EXTI_Config) refers to misc.o(i.NVIC_Init) for NVIC_Init
    main.o(i.Init_MailQueue) refers to rt_cmsis.o(i.osMailCreate) for osMailCreate
    main.o(i.Init_MailQueue) refers to main.o(.constdata) for os_mailQ_def_EventQueue
    main.o(i.Init_MailQueue) refers to main.o(.data) for qid_EventQueue
    main.o(i.main) refers to rt_cmsis.o(i.osKernelInitialize) for osKernelInitialize
    main.o(i.main) refers to main.o(i.EXTI_Config) for EXTI_Config
    main.o(i.main) refers to elevatorstate.o(i.Elevator_costructor) for Elevator_costructor
    main.o(i.main) refers to main.o(i.Init_MailQueue) for Init_MailQueue
    main.o(i.main) refers to rt_cmsis.o(i.osThreadCreate) for osThreadCreate
    main.o(i.main) refers to rt_cmsis.o(i.osKernelStart) for osKernelStart
    main.o(i.main) refers to main.o(.bss) for me
    main.o(i.main) refers to main.o(.constdata) for os_thread_def_state_dispatch
    main.o(i.main) refers to main.o(.data) for dispatchThread
    main.o(i.state_dispatch) refers to basestate.o(i.Base_init) for Base_init
    main.o(i.state_dispatch) refers to rt_cmsis.o(i.osMailGet) for osMailGet
    main.o(i.state_dispatch) refers to basestate.o(i.Base_dispatch) for Base_dispatch
    main.o(i.state_dispatch) refers to rt_cmsis.o(i.osMailFree) for osMailFree
    main.o(i.state_dispatch) refers to main.o(.bss) for me
    main.o(i.state_dispatch) refers to main.o(.data) for qid_EventQueue
    main.o(.constdata) refers to main.o(i.state_dispatch) for state_dispatch
    main.o(.constdata) refers to main.o(.data) for os_mailQ_p_EventQueue
    main.o(.data) refers to main.o(.bss) for os_mailQ_q_EventQueue
    elevatorstate.o(i.Elevator_costructor) refers to elevatorstate.o(i.Elevator_move) for Elevator_move
    elevatorstate.o(i.Elevator_costructor) refers to elevatorstate.o(i.Elevator_ready) for Elevator_ready
    elevatorstate.o(i.Elevator_costructor) refers to elevatorstate.o(i.Elevator_emergency) for Elevator_emergency
    elevatorstate.o(i.Elevator_emergency) refers to elevatorstate.o(i.Elevator_move) for Elevator_move
    elevatorstate.o(i.Elevator_emergency) refers to elevatorstate.o(i.Elevator_ready) for Elevator_ready
    elevatorstate.o(i.Elevator_initial) refers to elevatorstate.o(i.Elevator_ready) for Elevator_ready
    elevatorstate.o(i.Elevator_move) refers to elevatorstate.o(i.Elevator_emergency) for Elevator_emergency
    elevatorstate.o(i.Elevator_move) refers to elevatorstate.o(i.Elevator_ready) for Elevator_ready
    elevatorstate.o(i.Elevator_ready) refers to elevatorstate.o(i.Elevator_emergency) for Elevator_emergency
    elevatorstate.o(i.Elevator_ready) refers to elevatorstate.o(i.Elevator_move) for Elevator_move
    basestate.o(i.Base_dispatch) refers to basestate.o(.data) for exitEvt
    basestate.o(i.Base_init) refers to basestate.o(.data) for entryEvt
    stm32f10x_it.o(i.EXTI0_IRQHandler) refers to stm32f10x_exti.o(i.EXTI_GetITStatus) for EXTI_GetITStatus
    stm32f10x_it.o(i.EXTI0_IRQHandler) refers to rt_cmsis.o(i.osMailAlloc) for osMailAlloc
    stm32f10x_it.o(i.EXTI0_IRQHandler) refers to rt_cmsis.o(i.osMailPut) for osMailPut
    stm32f10x_it.o(i.EXTI0_IRQHandler) refers to stm32f10x_exti.o(i.EXTI_ClearITPendingBit) for EXTI_ClearITPendingBit
    stm32f10x_it.o(i.EXTI0_IRQHandler) refers to main.o(.data) for qid_EventQueue
    stm32f10x_it.o(i.EXTI10_15_IRQHandler) refers to stm32f10x_exti.o(i.EXTI_GetITStatus) for EXTI_GetITStatus
    stm32f10x_it.o(i.EXTI10_15_IRQHandler) refers to rt_cmsis.o(i.osMailAlloc) for osMailAlloc
    stm32f10x_it.o(i.EXTI10_15_IRQHandler) refers to stm32f10x_gpio.o(i.GPIO_ReadInputDataBit) for GPIO_ReadInputDataBit
    stm32f10x_it.o(i.EXTI10_15_IRQHandler) refers to rt_cmsis.o(i.osMailPut) for osMailPut
    stm32f10x_it.o(i.EXTI10_15_IRQHandler) refers to stm32f10x_exti.o(i.EXTI_ClearITPendingBit) for EXTI_ClearITPendingBit
    stm32f10x_it.o(i.EXTI10_15_IRQHandler) refers to main.o(.data) for qid_EventQueue
    stm32f10x_it.o(i.EXTI1_IRQHandler) refers to stm32f10x_exti.o(i.EXTI_GetITStatus) for EXTI_GetITStatus
    stm32f10x_it.o(i.EXTI1_IRQHandler) refers to rt_cmsis.o(i.osMailAlloc) for osMailAlloc
    stm32f10x_it.o(i.EXTI1_IRQHandler) refers to rt_cmsis.o(i.osMailPut) for osMailPut
    stm32f10x_it.o(i.EXTI1_IRQHandler) refers to stm32f10x_exti.o(i.EXTI_ClearITPendingBit) for EXTI_ClearITPendingBit
[...]

    ../clib/angel/boardlib.s                 0x00000000   Number         0  boardinit1.o ABSOLUTE
    ../clib/angel/boardlib.s                 0x00000000   Number         0  boardshut.o ABSOLUTE
    ../clib/angel/boardlib.s                 0x00000000   Number         0  boardinit2.o ABSOLUTE
    ../clib/angel/handlers.s                 0x00000000   Number         0  __scatter_zi.o ABSOLUTE
    ../clib/angel/handlers.s                 0x00000000   Number         0  __scatter_copy.o ABSOLUTE
    ../clib/angel/kernel.s                   0x00000000   Number         0  __rtentry2.o ABSOLUTE
    ../clib/angel/kernel.s                   0x00000000   Number         0  __rtentry4.o ABSOLUTE
    ../clib/angel/kernel.s                   0x00000000   Number         0  rtexit2.o ABSOLUTE
    ../clib/angel/kernel.s                   0x00000000   Number         0  rtexit.o ABSOLUTE
    ../clib/angel/kernel.s                   0x00000000   Number         0  __rtentry.o ABSOLUTE
    ../clib/angel/rt.s                       0x00000000   Number         0  rt_div0.o ABSOLUTE
    ../clib/angel/rt.s                       0x00000000   Number         0  aeabi_ldiv0.o ABSOLUTE
    ../clib/angel/rt.s                       0x00000000   Number         0  aeabi_ldiv0_sigfpe.o ABSOLUTE
    ../clib/angel/rt.s                       0x00000000   Number         0  rt_raise.o ABSOLUTE
    ../clib/angel/scatter.s                  0x00000000   Number         0  __scatter.o ABSOLUTE
    ../clib/angel/startup.s                  0x00000000   Number         0  __main.o ABSOLUTE
    ../clib/angel/sys.s                      0x00000000   Number         0  sys_stackheap_outer.o ABSOLUTE
    ../clib/angel/sys.s                      0x00000000   Number         0  use_no_semi.o ABSOLUTE
    ../clib/angel/sys.s                      0x00000000   Number         0  indicate_semi.o ABSOLUTE
    ../clib/angel/sys.s                      0x00000000   Number         0  libspace.o ABSOLUTE
    ../clib/angel/sysapp.c                   0x00000000   Number         0  sys_exit.o ABSOLUTE
    ../clib/angel/sysapp.c                   0x00000000   Number         0  sys_command.o ABSOLUTE
    ../clib/angel/sysapp.c                   0x00000000   Number         0  sys_wrch.o ABSOLUTE
    ../clib/armsys.c                         0x00000000   Number         0  _get_argv_nomalloc.o ABSOLUTE
    ../clib/armsys.c                         0x00000000   Number         0  no_argv.o ABSOLUTE
    ../clib/armsys.c                         0x00000000   Number         0  argv_veneer.o ABSOLUTE
    ../clib/armsys.c                         0x00000000   Number         0  argv_veneer.o ABSOLUTE
    ../clib/heapalloc.c                      0x00000000   Number         0  hrguard.o ABSOLUTE
    ../clib/heapaux.c                        0x00000000   Number         0  heapauxi.o ABSOLUTE
    ../clib/libinit.s                        0x00000000   Number         0  libshutdown.o ABSOLUTE
    ../clib/libinit.s                        0x00000000   Number         0  libshutdown2.o ABSOLUTE
    ../clib/libinit.s                        0x00000000   Number         0  libinit.o ABSOLUTE
    ../clib/libinit.s                        0x00000000   Number         0  libinit2.o ABSOLUTE
    ../clib/longlong.s                       0x00000000   Number         0  lludivv7m.o ABSOLUTE
    ../clib/signal.c                         0x00000000   Number         0  defsig_rtred_inner.o ABSOLUTE
    ../clib/signal.c                         0x00000000   Number         0  defsig_abrt_inner.o ABSOLUTE
    ../clib/signal.c                         0x00000000   Number         0  defsig_fpe_formal.o ABSOLUTE
    ../clib/signal.c                         0x00000000   Number         0  defsig_fpe_outer.o ABSOLUTE
    ../clib/signal.c                         0x00000000   Number         0  defsig_general.o ABSOLUTE
    ../clib/signal.c                         0x00000000   Number         0  __raise.o ABSOLUTE
    ../clib/signal.c                         0x00000000   Number         0  defsig_fpe_inner.o ABSOLUTE
    ../clib/signal.c                         0x00000000   Number         0  defsig_exit.o ABSOLUTE
    ../clib/signal.c                         0x00000000   Number         0  defsig_other.o ABSOLUTE
    ../clib/signal.c                         0x00000000   Number         0  defsig_segv_inner.o ABSOLUTE
    ../clib/signal.c                         0x00000000   Number         0  defsig_cppl_inner.o ABSOLUTE
    ../clib/signal.c                         0x00000000   Number         0  defsig_pvfn_inner.o ABSOLUTE
    ../clib/signal.c                         0x00000000   Number         0  defsig_stak_inner.o ABSOLUTE
    ../clib/signal.c                         0x00000000   Number         0  defsig_rtmem_formal.o ABSOLUTE
    ../clib/signal.c                         0x00000000   Number         0  defsig_rtmem_outer.o ABSOLUTE
    ../clib/signal.c                         0x00000000   Number         0  defsig_rtmem_inner.o ABSOLUTE
    ../clib/signal.s                         0x00000000   Number         0  defsig.o ABSOLUTE
    ../clib/stdlib.c                         0x00000000   Number         0  exit.o ABSOLUTE
    ../fplib/fpinit.s                        0x00000000   Number         0  fpinit.o ABSOLUTE
    ..\HAL_CM.c                              0x00000000   Number         0  hal_cm.o ABSOLUTE
    ..\\rt_CMSIS.c                           0x00000000   Number         0  rt_cmsis.o ABSOLUTE
    ..\\rt_System.c                          0x00000000   Number         0  rt_system.o ABSOLUTE
    ..\rt_CMSIS.c                            0x00000000   Number         0  rt_cmsis.o ABSOLUTE
    ..\rt_Event.c                            0x00000000   Number         0  rt_event.o ABSOLUTE
    ..\rt_List.c                             0x00000000   Number         0  rt_list.o ABSOLUTE
    ..\rt_Mailbox.c                          0x00000000   Number         0  rt_mailbox.o ABSOLUTE
    ..\rt_MemBox.c                           0x00000000   Number         0  rt_membox.o ABSOLUTE
    ..\rt_Memory.c                           0x00000000   Number         0  rt_memory.o ABSOLUTE
    ..\rt_Mutex.c                            0x00000000   Number         0  rt_mutex.o ABSOLUTE
    ..\rt_Robin.c                            0x00000000   Number         0  rt_robin.o ABSOLUTE
    ..\rt_Semaphore.c                        0x00000000   Number         0  rt_semaphore.o ABSOLUTE
    ..\rt_System.c                           0x00000000   Number         0  rt_system.o ABSOLUTE
    ..\rt_Task.c                             0x00000000   Number         0  rt_task.o ABSOLUTE
    ..\rt_Time.c                             0x00000000   Number         0  rt_time.o ABSOLUTE
    HAL_CM3.c                                0x00000000   Number         0  hal_cm3.o ABSOLUTE
    HAL_CM3.c                                0x00000000   Number         0  hal_cm3.o ABSOLUTE
    RTE\CMSIS\RTX_Conf_CM.c                  0x00000000   Number         0  rtx_conf_cm.o ABSOLUTE
    RTE\Device\STM32F103RB\startup_stm32f10x_md.s 0x00000000   Number         0  startup_stm32f10x_md.o ABSOLUTE
    RTE\Device\STM32F103RB\system_stm32f10x.c 0x00000000   Number         0  system_stm32f10x.o ABSOLUTE
    RTE\\CMSIS\\RTX_Conf_CM.c                0x00000000   Number         0  rtx_conf_cm.o ABSOLUTE
    RTE\\Device\\STM32F103RB\\system_stm32f10x.c 0x00000000   Number         0  system_stm32f10x.o ABSOLUTE
    SVC_Table.s                              0x00000000   Number         0  svc_table.o ABSOLUTE
    d:\Users\Ahmad\AppData\Local\Arm\Packs\Keil\STM32F1xx_DFP\2.1.0\Boards\Keil\MCBSTM32C\Common\LED_MCBSTM32C.c 0x00000000   Number         0  led_mcbstm32c.o ABSOLUTE
    d:\Users\Ahmad\AppData\Local\Arm\Packs\Keil\STM32F1xx_DFP\2.1.0\Device\StdPeriph_Driver\src\misc.c 0x00000000   Number         0  misc.o ABSOLUTE
    d:\Users\Ahmad\AppData\Local\Arm\Packs\Keil\STM32F1xx_DFP\2.1.0\Device\StdPeriph_Driver\src\stm32f10x_exti.c 0x00000000   Number         0  stm32f10x_exti.o ABSOLUTE
    d:\Users\Ahmad\AppData\Local\Arm\Packs\Keil\STM32F1xx_DFP\2.1.0\Device\StdPeriph_Driver\src\stm32f10x_gpio.c 0x00000000   Number         0  stm32f10x_gpio.o ABSOLUTE
    d:\Users\Ahmad\AppData\Local\Arm\Packs\Keil\STM32F1xx_DFP\2.1.0\Device\StdPeriph_Driver\src\stm32f10x_rcc.c 0x00000000   Number         0  stm32f10x_rcc.o ABSOLUTE
    d:\Users\Ahmad\AppData\Local\Arm\Packs\Keil\STM32F1xx_DFP\2.1.0\RTE_Driver\GPIO_STM32F10x.c 0x00000000   Number         0  gpio_stm32f10x.o ABSOLUTE
    d:\\Users\\Ahmad\\AppData\\Local\\Arm\\Packs\\Keil\\STM32F1xx_DFP\\2.1.0\\Boards\\Keil\\MCBSTM32C\\Common\\LED_MCBSTM32C.c 0x00000000   Number         0  led_mcbstm32c.o ABSOLUTE
    d:\\Users\\Ahmad\\AppData\\Local\\Arm\\Packs\\Keil\\STM32F1xx_DFP\\2.1.0\\Device\\StdPeriph_Driver\\src\\misc.c 0x00000000   Number         0  misc.o ABSOLUTE
    d:\\Users\\Ahmad\\AppData\\Local\\Arm\\Packs\\Keil\\STM32F1xx_DFP\\2.1.0\\Device\\StdPeriph_Driver\\src\\stm32f10x_exti.c 0x00000000   Number         0  stm32f10x_exti.o ABSOLUTE
    d:\\Users\\Ahmad\\AppData\\Local\\Arm\\Packs\\Keil\\STM32F1xx_DFP\\2.1.0\\Device\\StdPeriph_Driver\\src\\stm32f10x_gpio.c 0x00000000   Number         0  stm32f10x_gpio.o ABSOLUTE
    d:\\Users\\Ahmad\\AppData\\Local\\Arm\\Packs\\Keil\\STM32F1xx_DFP\\2.1.0\\Device\\StdPeriph_Driver\\src\\stm32f10x_rcc.c 0x00000000   Number         0  stm32f10x_rcc.o ABSOLUTE
    d:\\Users\\Ahmad\\AppData\\Local\\Arm\\Packs\\Keil\\STM32F1xx_DFP\\2.1.0\\RTE_Driver\\GPIO_STM32F10x.c 0x00000000   Number         0  gpio_stm32f10x.o ABSOLUTE
    dc.s                                     0x00000000   Number         0  dc.o ABSOLUTE
    src\BaseState.c                          0x00000000   Number         0  basestate.o ABSOLUTE
    src\ElevatorState.c                      0x00000000   Number         0  elevatorstate.o ABSOLUTE
    src\\main.c                              0x00000000   Number         0  main.o ABSOLUTE
    src\\stm32f10x_it.c                      0x00000000   Number         0  stm32f10x_it.o ABSOLUTE
    src\main.c                               0x00000000   Number         0  main.o ABSOLUTE
    src\stm32f10x_it.c                       0x00000000   Number         0  stm32f10x_it.o ABSOLUTE
    RESET                                    0x08000000   Section      236  startup_stm32f10x_md.o(RESET)
    !!!main                                  0x080000ec   Section        8  __main.o(!!!main)
    !!!scatter                               0x080000f4   Section       52  __scatter.o(!!!scatter)
    !!handler_copy                           0x08000128   Section       26  __scatter_copy.o(!!handler_copy)
    !!handler_zi                             0x08000144   Section       28  __scatter_zi.o(!!handler_zi)
    .ARM.Collect$$libinit$$00000000          0x08000160   Section        2  libinit.o(.ARM.Collect$$libinit$$00000000)
    .ARM.Collect$$libinit$$00000002          0x08000162   Section        0  libinit2.o(.ARM.Collect$$libinit$$00000002)
    .ARM.Collect$$libinit$$00000004          0x08000162   Section        0  libinit2.o(.ARM.Collect$$libinit$$00000004)
    .ARM.Collect$$libinit$$0000000A          0x08000162   Section        0  libinit2.o(.ARM.Collect$$libinit$$0000000A)
    .ARM.Collect$$libinit$$0000000C          0x08000162   Section        0  libinit2.o(.ARM.Collect$$libinit$$0000000C)
    .ARM.Collect$$libinit$$0000000E          0x08000162   Section        0  libinit2.o(.ARM.Collect$$libinit$$0000000E)
    .ARM.Collect$$libinit$$00000011          0x08000162   Section        0  libinit2.o(.ARM.Collect$$libinit$$00000011)
    .ARM.Collect$$libinit$$00000013          0x08000162   Section        0  libinit2.o(.ARM.Collect$$libinit$$00000013)
    .ARM.Collect$$libinit$$00000015          0x08000162   Section        0  libinit2.o(.ARM.Collect$$libinit$$00000015)
    .ARM.Collect$$libinit$$00000017          0x08000162   Section        0  libinit2.o(.ARM.Collect$$libinit$$00000017)
    .ARM.Collect$$libinit$$00000019          0x08000162   Section        0  libinit2.o(.ARM.Collect$$libinit$$00000019)
    .ARM.Collect$$libinit$$0000001B          0x08000162   Section        0  libinit2.o(.ARM.Collect$$libinit$$0000001B)
    .ARM.Collect$$libinit$$0000001D          0x08000162   Section        0  libinit2.o(.ARM.Collect$$libinit$$0000001D)
    .ARM.Collect$$libinit$$0000001F          0x08000162   Section        0  libinit2.o(.ARM.Collect$$libinit$$0000001F)
    .ARM.Collect$$libinit$$00000021          0x08000162   Section        0  libinit2.o(.ARM.Collect$$libinit$$00000021)
    .ARM.Collect$$libinit$$00000023          0x08000162   Section        0  libinit2.o(.ARM.Collect$$libinit$$00000023)
    .ARM.Collect$$libinit$$00000025          0x08000162   Section        0  libinit2.o(.ARM.Collect$$libinit$$00000025)
    .ARM.Collect$$libinit$$0000002C          0x08000162   Section        0  libinit2.o(.ARM.Collect$$libinit$$0000002C)
    .ARM.Collect$$libinit$$0000002E          0x08000162   Section        0  libinit2.o(.ARM.Collect$$libinit$$0000002E)
    .ARM.Collect$$libinit$$00000030          0x08000162   Section        0  libinit2.o(.ARM.Collect$$libinit$$00000030)
    .ARM.Collect$$libinit$$00000032          0x08000162   Section        0  libinit2.o(.ARM.Collect$$libinit$$00000032)
    .ARM.Collect$$libinit$$00000033          0x08000162   Section        2  libinit2.o(.ARM.Collect$$libinit$$00000033)
    .ARM.Collect$$libshutdown$$00000000      0x08000164   Section        2  libshutdown.o(.ARM.Collect$$libshutdown$$00000000)
    .ARM.Collect$$libshutdown$$00000002      0x08000166   Section        0  libshutdown2.o(.ARM.Collect$$libshutdown$$00000002)
    .ARM.Collect$$libshutdown$$00000004      0x08000166   Section        0  libshutdown2.o(.ARM.Collect$$libshutdown$$00000004)
    .ARM.Collect$$libshutdown$$00000007      0x08000166   Section        0  libshutdown2.o(.ARM.Collect$$libshutdown$$00000007)
    .ARM.Collect$$libshutdown$$0000000A      0x08000166   Section        0  libshutdown2.o(.ARM.Collect$$libshutdown$$0000000A)
    .ARM.Collect$$libshutdown$$0000000C      0x08000166   Section        0  libshutdown2.o(.ARM.Collect$$libshutdown$$0000000C)
    .ARM.Collect$$libshutdown$$0000000F      0x08000166   Section        0  libshutdown2.o(.ARM.Collect$$libshutdown$$0000000F)
    .ARM.Collect$$libshutdown$$00000010      0x08000166   Section        2  libshutdown2.o(.ARM.Collect$$libshutdown$$00000010)
    .ARM.Collect$$rtentry$$00000000          0x08000168   Section        0  __rtentry.o(.ARM.Collect$$rtentry$$00000000)
    .ARM.Collect$$rtentry$$00000002          0x08000168   Section        0  __rtentry2.o(.ARM.Collect$$rtentry$$00000002)
    .ARM.Collect$$rtentry$$00000004          0x08000168   Section        6  __rtentry4.o(.ARM.Collect$$rtentry$$00000004)
    .ARM.Collect$$rtentry$$00000009          0x0800016e   Section        0  __rtentry2.o(.ARM.Collect$$rtentry$$00000009)
    .ARM.Collect$$rtentry$$0000000A          0x0800016e   Section        4  __rtentry2.o(.ARM.Collect$$rtentry$$0000000A)
    .ARM.Collect$$rtentry$$0000000B          0x08000172   Section        8  __rtentry2.o(.ARM.Collect$$rtentry$$0000000B)
    .ARM.Collect$$rtentry$$0000000D          0x0800017a   Section        8  __rtentry2.o(.ARM.Collect$$rtentry$$0000000D)
    .ARM.Collect$$rtexit$$00000000           0x08000182   Section        2  rtexit.o(.ARM.Collect$$rtexit$$00000000)
    .ARM.Collect$$rtexit$$00000002           0x08000184   Section        0  rtexit2.o(.ARM.Collect$$rtexit$$00000002)
    .ARM.Collect$$rtexit$$00000003           0x08000184   Section        4  rtexit2.o(.ARM.Collect$$rtexit$$00000003)
    .ARM.Collect$$rtexit$$00000004           0x08000188   Section        6  rtexit2.o(.ARM.Collect$$rtexit$$00000004)
    .emb_text                                0x08000190   Section       28  rtx_conf_cm.o(.emb_text)
    .emb_text                                0x080001ac   Section      304  hal_cm3.o(.emb_text)
    .text                                    0x080002dc   Section       56  startup_stm32f10x_md.o(.text)
    .text                                    0x08000314   Section        8  libspace.o(.text)
    .text                                    0x0800031c   Section        0  exit.o(.text)
    .text                                    0x0800032e   Section        0  heapauxi.o(.text)
    .text                                    0x08000334   Section        0  sys_exit.o(.text)
    .text                                    0x08000340   Section       74  sys_stackheap_outer.o(.text)
    .text                                    0x0800038a   Section        2  use_no_semi.o(.text)
    .text                                    0x0800038c   Section        0  indicate_semi.o(.text)
    SVC_TABLE                                0x0800038c   Section        4  svc_table.o(SVC_TABLE)
    i.Base_dispatch                          0x08000390   Section        0  basestate.o(i.Base_dispatch)
    i.Base_init                              0x080003c0   Section        0  basestate.o(i.Base_init)
    i.BusFault_Handler                       0x080003dc   Section        0  stm32f10x_it.o(i.BusFault_Handler)
    i.DebugMon_Handler                       0x080003e0   Section        0  stm32f10x_it.o(i.DebugMon_Handler)
    i.EXTI0_IRQHandler                       0x080003e4   Section        0  stm32f10x_it.o(i.EXTI0_IRQHandler)
    i.EXTI1_IRQHandler                       0x08000420   Section        0  stm32f10x_it.o(i.EXTI1_IRQHandler)
    i.EXTI2_IRQHandler                       0x0800045c   Section        0  stm32f10x_it.o(i.EXTI2_IRQHandler)
    i.EXTI3_IRQHandler                       0x0800048c   Section        0  stm32f10x_it.o(i.EXTI3_IRQHandler)
    i.EXTI4_IRQHandler                       0x080004bc   Section        0  stm32f10x_it.o(i.EXTI4_IRQHandler)
    i.EXTI9_5_IRQHandler                     0x0800050c   Section        0  stm32f10x_it.o(i.EXTI9_5_IRQHandler)
    i.EXTI_ClearITPendingBit                 0x08000654   Section        0  stm32f10x_exti.o(i.EXTI_ClearITPendingBit)
    i.EXTI_Config                            0x08000660   Section        0  main.o(i.EXTI_Config)
    i.EXTI_GetITStatus                       0x08000738   Section        0  stm32f10x_exti.o(i.EXTI_GetITStatus)
    i.EXTI_Init                              0x08000760   Section        0  stm32f10x_exti.o(i.EXTI_Init)
    i.Elevator_costructor                    0x080007f4   Section        0  elevatorstate.o(i.Elevator_costructor)
    i.Elevator_emergency                     0x08000834   Section        0  elevatorstate.o(i.Elevator_emergency)
    i.Elevator_move                          0x080008e0   Section        0  elevatorstate.o(i.Elevator_move)
    i.Elevator_ready                         0x080009c0   Section        0  elevatorstate.o(i.Elevator_ready)
    i.GPIO_EXTILineConfig                    0x08000a94   Section        0  stm32f10x_gpio.o(i.GPIO_EXTILineConfig)
    i.GPIO_Init                              0x08000ad4   Section        0  stm32f10x_gpio.o(i.GPIO_Init)
    i.GPIO_ReadInputDataBit                  0x08000bea   Section        0  stm32f10x_gpio.o(i.GPIO_ReadInputDataBit)
    i.HardFault_Handler                      0x08000bfc   Section        0  stm32f10x_it.o(i.HardFault_Handler)
    i.Init_MailQueue                         0x08000c00   Section        0  main.o(i.Init_MailQueue)
    i.MemManage_Handler                      0x08000c24   Section        0  stm32f10x_it.o(i.MemManage_Handler)
    i.NMI_Handler                            0x08000c28   Section        0  stm32f10x_it.o(i.NMI_Handler)
    i.NVIC_Init                              0x08000c2c   Section        0  misc.o(i.NVIC_Init)
    i.NVIC_PriorityGroupConfig               0x08000c9c   Section        0  misc.o(i.NVIC_PriorityGroupConfig)
    i.RCC_APB2PeriphClockCmd                 0x08000cb0   Section        0  stm32f10x_rcc.o(i.RCC_APB2PeriphClockCmd)
    i.SetSysClock                            0x08000cd0   Section        0  system_stm32f10x.o(i.SetSysClock)
    SetSysClock                              0x08000cd1   Thumb Code     8  system_stm32f10x.o(i.SetSysClock)
    i.SetSysClockTo72                        0x08000cd8   Section        0  system_stm32f10x.o(i.SetSysClockTo72)
    SetSysClockTo72                          0x08000cd9   Thumb Code   214  system_stm32f10x.o(i.SetSysClockTo72)
    i.SystemInit                             0x08000db8   Section        0  system_stm32f10x.o(i.SystemInit)
    i.UsageFault_Handler                     0x08000e18   Section        0  stm32f10x_it.o(i.UsageFault_Handler)
    i._init_box                              0x08000e1c   Section        0  rt_membox.o(i._init_box)
    i._mutex_acquire                         0x08000e64   Section        0  rtx_conf_cm.o(i._mutex_acquire)
    __tagsym$$used                           0x08000e65   Number         0  rtx_conf_cm.o(i._mutex_acquire)
    i._mutex_release                         0x08000e84   Section        0  rtx_conf_cm.o(i._mutex_release)
    __tagsym$$used                           0x08000e85   Number         0  rtx_conf_cm.o(i._mutex_release)
    i.dbg_init                               0x08000ea0   Section        0  hal_cm.o(i.dbg_init)
    i.dbg_task_notify                        0x08000ed0   Section        0  hal_cm.o(i.dbg_task_notify)
    i.dbg_task_switch                        0x08000ef0   Section        0  hal_cm.o(i.dbg_task_switch)
    i.isrMessageGet                          0x08000f00   Section        0  rt_cmsis.o(i.isrMessageGet)
    i.isrMessagePut                          0x08000f2a   Section        0  rt_cmsis.o(i.isrMessagePut)
    i.isr_mbx_receive                        0x08000f58   Section        0  rt_mailbox.o(i.isr_mbx_receive)
    i.isr_mbx_send                           0x08000fae   Section        0  rt_mailbox.o(i.isr_mbx_send)
    i.main                                   0x08000fbc   Section        0  main.o(i.main)
    i.osKernelInitialize                     0x08000ff4   Section        0  rt_cmsis.o(i.osKernelInitialize)
    i.osKernelStart                          0x08001018   Section        0  rt_cmsis.o(i.osKernelStart)
    i.osMailAlloc                            0x08001084   Section        0  rt_cmsis.o(i.osMailAlloc)
    i.osMailCreate                           0x080010a0   Section        0  rt_cmsis.o(i.osMailCreate)
    i.osMailFree                             0x080010cc   Section        0  rt_cmsis.o(i.osMailFree)
    i.osMailGet                              0x080010e8   Section        0  rt_cmsis.o(i.osMailGet)
    i.osMailPut                              0x080010fe   Section        0  rt_cmsis.o(i.osMailPut)
    i.osMessageGet                           0x08001114   Section        0  rt_cmsis.o(i.osMessageGet)
    i.osMessagePut                           0x0800112c   Section        0  rt_cmsis.o(i.osMessagePut)
    i.osThreadCreate                         0x08001144   Section        0  rt_cmsis.o(i.osThreadCreate)
    i.osThreadExit                           0x08001170   Section        0  rt_cmsis.o(i.osThreadExit)
    i.osTimerCall                            0x08001188   Section        0  rt_cmsis.o(i.osTimerCall)
    i.osTimerThread                          0x08001194   Section        0  rt_cmsis.o(i.osTimerThread)
    i.os_error                               0x080011c0   Section        0  rtx_conf_cm.o(i.os_error)
    i.os_idle_demon                          0x080011e2   Section        0  rtx_conf_cm.o(i.os_idle_demon)
    i.os_tick_init                           0x080011e8   Section        0  rt_system.o(i.os_tick_init)
    i.os_tick_irqack                         0x08001210   Section        0  rt_system.o(i.os_tick_irqack)
    i.rt_alloc_box                           0x08001212   Section        0  rt_membox.o(i.rt_alloc_box)
    i.rt_alloc_mem                           0x0800122c   Section        0  rt_memory.o(i.rt_alloc_mem)
    i.rt_block                               0x0800126c   Section        0  rt_task.o(i.rt_block)
    i.rt_chk_robin                           0x080012a4   Section        0  rt_robin.o(i.rt_chk_robin)
    i.rt_dec_dly                             0x080012ec   Section        0  rt_list.o(i.rt_dec_dly)
    i.rt_dispatch                            0x0800135c   Section        0  rt_task.o(i.rt_dispatch)
    i.rt_evt_psh                             0x080013a0   Section        0  rt_event.o(i.rt_evt_psh)
    i.rt_free_box                            0x080013f0   Section        0  rt_membox.o(i.rt_free_box)
    i.rt_free_mem                            0x0800141c   Section        0  rt_memory.o(i.rt_free_mem)
    i.rt_get_first                           0x08001444   Section        0  rt_list.o(i.rt_get_first)
    i.rt_id2obj                              0x0800146c   Section        0  rt_cmsis.o(i.rt_id2obj)
    rt_id2obj                                0x0800146d   Thumb Code     8  rt_cmsis.o(i.rt_id2obj)
    i.rt_init_context                        0x08001474   Section        0  rt_task.o(i.rt_init_context)
    rt_init_context                          0x08001475   Thumb Code    66  rt_task.o(i.rt_init_context)
    i.rt_init_mem                            0x080014bc   Section        0  rt_memory.o(i.rt_init_mem)
    i.rt_init_robin                          0x080014d8   Section        0  rt_robin.o(i.rt_init_robin)
    i.rt_init_stack                          0x080014f0   Section        0  hal_cm.o(i.rt_init_stack)
    i.rt_mbx_check                           0x08001570   Section        0  rt_mailbox.o(i.rt_mbx_check)
    i.rt_mbx_init                            0x08001578   Section        0  rt_mailbox.o(i.rt_mbx_init)
    i.rt_mbx_psh                             0x08001594   Section        0  rt_mailbox.o(i.rt_mbx_psh)
    i.rt_mbx_send                            0x08001684   Section        0  rt_mailbox.o(i.rt_mbx_send)
    i.rt_mbx_wait                            0x0800171c   Section        0  rt_mailbox.o(i.rt_mbx_wait)
    i.rt_ms2tick                             0x080017d0   Section        0  rt_cmsis.o(i.rt_ms2tick)
    rt_ms2tick                               0x080017d1   Thumb Code    58  rt_cmsis.o(i.rt_ms2tick)
    i.rt_mut_release                         0x08001814   Section        0  rt_mutex.o(i.rt_mut_release)
    i.rt_mut_wait                            0x080018ec   Section        0  rt_mutex.o(i.rt_mut_wait)
    i.rt_pop_req                             0x08001964   Section        0  rt_system.o(i.rt_pop_req)
    i.rt_psh_req                             0x080019e0   Section        0  rt_system.o(i.rt_psh_req)
    i.rt_psq_enq                             0x08001a00   Section        0  rt_list.o(i.rt_psq_enq)
    i.rt_put_dly                             0x08001a5c   Section        0  rt_list.o(i.rt_put_dly)
    i.rt_put_prio                            0x08001aa4   Section        0  rt_list.o(i.rt_put_prio)
    i.rt_put_rdy_first                       0x08001adc   Section        0  rt_list.o(i.rt_put_rdy_first)
    i.rt_resort_prio                         0x08001af0   Section        0  rt_list.o(i.rt_resort_prio)
    i.rt_ret_val                             0x08001b24   Section        0  hal_cm.o(i.rt_ret_val)
    i.rt_ret_val2                            0x08001b2a   Section        0  hal_cm.o(i.rt_ret_val2)
    i.rt_rmv_dly                             0x08001b32   Section        0  rt_list.o(i.rt_rmv_dly)
    i.rt_rmv_list                            0x08001b5c   Section        0  rt_list.o(i.rt_rmv_list)
    i.rt_sem_psh                             0x08001b8c   Section        0  rt_semaphore.o(i.rt_sem_psh)
    i.rt_stk_check                           0x08001bc0   Section        0  rt_system.o(i.rt_stk_check)
    i.rt_switch_req                          0x08001be4   Section        0  rt_task.o(i.rt_switch_req)
    i.rt_sys_init                            0x08001c0c   Section        0  rt_task.o(i.rt_sys_init)
    i.rt_sys_start                           0x08001cd8   Section        0  rt_task.o(i.rt_sys_start)
    i.rt_systick                             0x08001d50   Section        0  rt_system.o(i.rt_systick)
    i.rt_tid2ptcb                            0x08001d90   Section        0  rt_cmsis.o(i.rt_tid2ptcb)
    rt_tid2ptcb                              0x08001d91   Thumb Code    18  rt_cmsis.o(i.rt_tid2ptcb)
    i.rt_timer_insert                        0x08001da4   Section        0  rt_cmsis.o(i.rt_timer_insert)
    rt_timer_insert                          0x08001da5   Thumb Code    48  rt_cmsis.o(i.rt_timer_insert)
    i.rt_tsk_create                          0x08001dd8   Section        0  rt_task.o(i.rt_tsk_create)
    i.rt_tsk_delete                          0x08001e60   Section        0  rt_task.o(i.rt_tsk_delete)
    i.rt_tsk_prio                            0x08001fdc   Section        0  rt_task.o(i.rt_tsk_prio)
    i.rt_tsk_self                            0x08002058   Section        0  rt_task.o(i.rt_tsk_self)
    i.state_dispatch                         0x08002068   Section        0  main.o(i.state_dispatch)
    i.svcKernelInitialize                    0x080020ac   Section        0  rt_cmsis.o(i.svcKernelInitialize)
    i.svcKernelStart                         0x0800211c   Section        0  rt_cmsis.o(i.svcKernelStart)
    i.svcMailCreate                          0x08002164   Section        0  rt_cmsis.o(i.svcMailCreate)
    i.svcMessageCreate                       0x080021a6   Section        0  rt_cmsis.o(i.svcMessageCreate)
    i.svcMessageGet                          0x080021ca   Section        0  rt_cmsis.o(i.svcMessageGet)
    i.svcMessagePut                          0x08002204   Section        0  rt_cmsis.o(i.svcMessagePut)
    i.svcThreadCreate                        0x0800223c   Section        0  rt_cmsis.o(i.svcThreadCreate)
    i.svcThreadGetId                         0x080022a8   Section        0  rt_cmsis.o(i.svcThreadGetId)
    i.svcThreadTerminate                     0x080022c4   Section        0  rt_cmsis.o(i.svcThreadTerminate)
    i.svcTimerCall                           0x080022fc   Section        0  rt_cmsis.o(i.svcTimerCall)
    i.sysMailAlloc                           0x08002314   Section        0  rt_cmsis.o(i.sysMailAlloc)
    i.sysMailFree                            0x0800236c   Section        0  rt_cmsis.o(i.sysMailFree)
    i.sysTimerTick                           0x080023cc   Section        0  rt_cmsis.o(i.sysTimerTick)
    .constdata                               0x08002428   Section       28  main.o(.constdata)
    .constdata                               0x08002444   Section      104  rtx_conf_cm.o(.constdata)
    __tagsym$$used                           0x08002460   Number         0  rtx_conf_cm.o(.constdata)
    __tagsym$$used                           0x08002464   Number         0  rtx_conf_cm.o(.constdata)
    __tagsym$$used                           0x08002468   Number         0  rtx_conf_cm.o(.constdata)
    __tagsym$$used                           0x0800246c   Number         0  rtx_conf_cm.o(.constdata)
    .data                                    0x20000000   Section       16  main.o(.data)
    .data                                    0x20000010   Section        2  basestate.o(.data)
    .data                                    0x20000014   Section       20  rtx_conf_cm.o(.data)
    nr_mutex                                 0x20000024   Data           4  rtx_conf_cm.o(.data)
    .data                                    0x20000028   Section        8  rt_cmsis.o(.data)
    .data                                    0x20000030   Section        8  rt_task.o(.data)
    .data                                    0x20000038   Section        8  rt_system.o(.data)
    os_lock                                  0x20000038   Data           1  rt_system.o(.data)
    os_psh_flag                              0x20000039   Data           1  rt_system.o(.data)
    pend_flags                               0x2000003a   Data           1  rt_system.o(.data)
    .data                                    0x20000040   Section        4  rt_time.o(.data)
    .data                                    0x20000044   Section        8  rt_robin.o(.data)
    .data                                    0x2000004c   Section        1  hal_cm.o(.data)
    .bss                                     0x20000050   Section       80  main.o(.bss)
    me                                       0x20000050   Data          12  main.o(.bss)
    .bss                                     0x200000a0   Section     3016  rtx_conf_cm.o(.bss)
    std_libspace                             0x20000948   Data         672  rtx_conf_cm.o(.bss)
    std_libmutex                             0x20000be8   Data         128  rtx_conf_cm.o(.bss)
    .bss                                     0x20000c68   Section       52  rt_task.o(.bss)
    .bss                                     0x20000c9c   Section       48  rt_list.o(.bss)
    .bss                                     0x20000ccc   Section       96  libspace.o(.bss)
    HEAP                                     0x20000d30   Section      512  startup_stm32f10x_md.o(HEAP)
    Heap_Mem                                 0x20000d30   Data         512  startup_stm32f10x_md.o(HEAP)
    STACK                                    0x20000f30   Section     1024  startup_stm32f10x_md.o(STACK)
    Stack_Mem                                0x20000f30   Data        1024  startup_stm32f10x_md.o(STACK)
    __initial_sp                             0x20001330   Data           0  startup_stm32f10x_md.o(STACK)

    Global Symbols

    Symbol Name                              Value     Ov Type        Size  Object(Section)

    BuildAttributes$$THM_ISAv4$P$D$K$B$S$PE$A:L22UL41UL21$X:L11$S22US41US21$IEEE1$IW$USESV6$~STKCKD$USESV7$~SHL$OSPACE$ROPI$EBA8$UX$STANDARDLIB$REQ8$PRES8$EABIv2 0x00000000   Number         0  anon$$obj.o ABSOLUTE
    __ARM_use_no_argv                        0x00000000   Number         0  main.o ABSOLUTE
    __ARM_exceptions_init                     - Undefined Weak Reference
    __alloca_initialize                       - Undefined Weak Reference
    __arm_preinit_                            - Undefined Weak Reference
    __cpp_initialize__aeabi_                  - Undefined Weak Reference
    __cxa_finalize                            - Undefined Weak Reference
    __rt_locale                               - Undefined Weak Reference
    __sigvec_lookup                           - Undefined Weak Reference
    _atexit_init                              - Undefined Weak Reference
    _call_atexit_fns                          - Undefined Weak Reference
    _clock_init                               - Undefined Weak Reference
    _fp_trap_init                             - Undefined Weak Reference
    _fp_trap_shutdown                         - Undefined Weak Reference
    _get_lc_collate                           - Undefined Weak Reference
    _get_lc_ctype                             - Undefined Weak Reference
    _get_lc_monetary                          - Undefined Weak Reference
    _get_lc_numeric                           - Undefined Weak Reference
    _get_lc_time                              - Undefined Weak Reference
    _getenv_init                              - Undefined Weak Reference
    _handle_redirection                       - Undefined Weak Reference
    _init_alloc                               - Undefined Weak Reference
    _init_user_alloc                          - Undefined Weak Reference
    _initio                                   - Undefined Weak Reference
    _rand_init                                - Undefined Weak Reference
    _signal_finish                            - Undefined Weak Reference
    _signal_init                              - Undefined Weak Reference
    _terminate_alloc                          - Undefined Weak Reference
    _terminate_user_alloc                     - Undefined Weak Reference
    _terminateio                              - Undefined Weak Reference
    __Vectors_Size                           0x000000ec   Number         0  startup_stm32f10x_md.o ABSOLUTE
    __RL_RTX_VER                             0x00000482   Number         0  rt_system.o ABSOLUTE
    __Vectors                                0x08000000   Data           4  startup_stm32f10x_md.o(RESET)
    __Vectors_End                            0x080000ec   Data           0  startup_stm32f10x_md.o(RESET)
    __main                                   0x080000ed   Thumb Code     8  __main.o(!!!main)
    __scatterload                            0x080000f5   Thumb Code     0  __scatter.o(!!!scatter)
    __scatterload_rt2                        0x080000f5   Thumb Code    44  __scatter.o(!!!scatter)
    __scatterload_rt2_thumb_only             0x080000f5   Thumb Code     0  __scatter.o(!!!scatter)
    __scatterload_null                       0x08000103   Thumb Code     0  __scatter.o(!!!scatter)
    __scatterload_copy                       0x08000129   Thumb Code    26  __scatter_copy.o(!!handler_copy)
    __scatterload_zeroinit                   0x08000145   Thumb Code    28  __scatter_zi.o(!!handler_zi)
    __rt_lib_init                            0x08000161   Thumb Code     0  libinit.o(.ARM.Collect$$libinit$$00000000)
    __rt_lib_init_alloca_1                   0x08000163   Thumb Code     0  libinit2.o(.ARM.Collect$$libinit$$0000002E)
    __rt_lib_init_argv_1                     0x08000163   Thumb Code     0  libinit2.o(.ARM.Collect$$libinit$$0000002C)
    __rt_lib_init_atexit_1                   0x08000163   Thumb Code     0  libinit2.o(.ARM.Collect$$libinit$$0000001B)
    __rt_lib_init_clock_1                    0x08000163   Thumb Code     0  libinit2.o(.ARM.Collect$$libinit$$00000021)
    __rt_lib_init_cpp_1                      0x08000163   Thumb Code     0  libinit2.o(.ARM.Collect$$libinit$$00000032)
    __rt_lib_init_exceptions_1               0x08000163   Thumb Code     0  libinit2.o(.ARM.Collect$$libinit$$00000030)
    __rt_lib_init_fp_1                       0x08000163   Thumb Code     0  libinit2.o(.ARM.Collect$$libinit$$00000002)
    __rt_lib_init_fp_trap_1                  0x08000163   Thumb Code     0  libinit2.o(.ARM.Collect$$libinit$$0000001F)
    __rt_lib_init_getenv_1                   0x08000163   Thumb Code     0  libinit2.o(.ARM.Collect$$libinit$$00000023)
    __rt_lib_init_heap_1                     0x08000163   Thumb Code     0  libinit2.o(.ARM.Collect$$libinit$$0000000A)
    __rt_lib_init_lc_collate_1               0x08000163   Thumb Code     0  libinit2.o(.ARM.Collect$$libinit$$00000011)
    __rt_lib_init_lc_ctype_1                 0x08000163   Thumb Code     0  libinit2.o(.ARM.Collect$$libinit$$00000013)
    __rt_lib_init_lc_monetary_1              0x08000163   Thumb Code     0  libinit2.o(.ARM.Collect$$libinit$$00000015)
    __rt_lib_init_lc_numeric_1               0x08000163   Thumb Code     0  libinit2.o(.ARM.Collect$$libinit$$00000017)
    __rt_lib_init_lc_time_1                  0x08000163   Thumb Code     0  libinit2.o(.ARM.Collect$$libinit$$00000019)
    __rt_lib_init_preinit_1                  0x08000163   Thumb Code     0  libinit2.o(.ARM.Collect$$libinit$$00000004)
    __rt_lib_init_rand_1                     0x08000163   Thumb Code     0  libinit2.o(.ARM.Collect$$libinit$$0000000E)
    __rt_lib_init_return                     0x08000163   Thumb Code     0  libinit2.o(.ARM.Collect$$libinit$$00000033)
    __rt_lib_init_signal_1                   0x08000163   Thumb Code     0  libinit2.o(.ARM.Collect$$libinit$$0000001D)
    __rt_lib_init_stdio_1                    0x08000163   Thumb Code     0  libinit2.o(.ARM.Collect$$libinit$$00000025)
    __rt_lib_init_user_alloc_1               0x08000163   Thumb Code     0  libinit2.o(.ARM.Collect$$libinit$$0000000C)
    __rt_lib_shutdown                        0x08000165   Thumb Code     0  libshutdown.o(.ARM.Collect$$libshutdown$$00000000)
    __rt_lib_shutdown_cpp_1                  0x08000167   Thumb Code     0  libshutdown2.o(.ARM.Collect$$libshutdown$$00000002)
    __rt_lib_shutdown_fp_trap_1              0x08000167   Thumb Code     0  libshutdown2.o(.ARM.Collect$$libshutdown$$00000007)
    __rt_lib_shutdown_heap_1                 0x08000167   Thumb Code     0  libshutdown2.o(.ARM.Collect$$libshutdown$$0000000F)
    __rt_lib_shutdown_return                 0x08000167   Thumb Code     0  libshutdown2.o(.ARM.Collect$$libshutdown$$00000010)
    __rt_lib_shutdown_signal_1               0x08000167   Thumb Code     0  libshutdown2.o(.ARM.Collect$$libshutdown$$0000000A)
    __rt_lib_shutdown_stdio_1                0x08000167   Thumb Code     0  libshutdown2.o(.ARM.Collect$$libshutdown$$00000004)
    __rt_lib_shutdown_user_alloc_1           0x08000167   Thumb Code     0  libshutdown2.o(.ARM.Collect$$libshutdown$$0000000C)
    __rt_entry                               0x08000169   Thumb Code     0  __rtentry.o(.ARM.Collect$$rtentry$$00000000)
    __rt_entry_presh_1                       0x08000169   Thumb Code     0  __rtentry2.o(.ARM.Collect$$rtentry$$00000002)
    __rt_entry_sh                            0x08000169   Thumb Code     0  __rtentry4.o(.ARM.Collect$$rtentry$$00000004)
    __rt_entry_li                            0x0800016f   Thumb Code     0  __rtentry2.o(.ARM.Collect$$rtentry$$0000000A)
    __rt_entry_postsh_1                      0x0800016f   Thumb Code     0  __rtentry2.o(.ARM.Collect$$rtentry$$00000009)
    __rt_entry_postli_1                      0x08000173   Thumb Code     0  __rtentry2.o(.ARM.Collect$$rtentry$$0000000B)
    __rt_entry_main                          0x0800017b   Thumb Code     0  __rtentry2.o(.ARM.Collect$$rtentry$$0000000D)
    __rt_exit                                0x08000183   Thumb Code     0  rtexit.o(.ARM.Collect$$rtexit$$00000000)
    __rt_exit_ls                             0x08000185   Thumb Code     0  rtexit2.o(.ARM.Collect$$rtexit$$00000003)
    __rt_exit_prels_1                        0x08000185   Thumb Code     0  rtexit2.o(.ARM.Collect$$rtexit$$00000002)
    __rt_exit_exit                           0x08000189   Thumb Code     0  rtexit2.o(.ARM.Collect$$rtexit$$00000004)
    _platform_post_lib_init                  0x08000191   Thumb Code    24  rtx_conf_cm.o(.emb_text)
    rt_set_PSP                               0x080001ad   Thumb Code     6  hal_cm3.o(.emb_text)
    rt_get_PSP                               0x080001b3   Thumb Code     6  hal_cm3.o(.emb_text)
    os_set_env                               0x080001b9   Thumb Code    24  hal_cm3.o(.emb_text)
    _alloc_box                               0x080001d5   Thumb Code    28  hal_cm3.o(.emb_text)
    _free_box                                0x080001f5   Thumb Code    28  hal_cm3.o(.emb_text)
    SVC_Handler                              0x08000215   Thumb Code   108  hal_cm3.o(.emb_text)
    PendSV_Handler                           0x0800028d   Thumb Code    56  hal_cm3.o(.emb_text)
    SysTick_Handler                          0x080002c9   Thumb Code     8  hal_cm3.o(.emb_text)
    OS_Tick_Handler                          0x080002d1   Thumb Code    12  hal_cm3.o(.emb_text)
    Reset_Handler                            0x080002dd   Thumb Code     4  startup_stm32f10x_md.o(.text)
    ADC1_2_IRQHandler                        0x080002f3   Thumb Code     0  startup_stm32f10x_md.o(.text)
    CAN1_RX1_IRQHandler                      0x080002f3   Thumb Code     0  startup_stm32f10x_md.o(.text)
    CAN1_SCE_IRQHandler                      0x080002f3   Thumb Code     0  startup_stm32f10x_md.o(.text)
    DMA1_Channel1_IRQHandler                 0x080002f3   Thumb Code     0  startup_stm32f10x_md.o(.text)
    DMA1_Channel2_IRQHandler                 0x080002f3   Thumb Code     0  startup_stm32f10x_md.o(.text)
    DMA1_Channel3_IRQHandler                 0x080002f3   Thumb Code     0  startup_stm32f10x_md.o(.text)
    DMA1_Channel4_IRQHandler                 0x080002f3   Thumb Code     0  startup_stm32f10x_md.o(.text)
    DMA1_Channel5_IRQHandler                 0x080002f3   Thumb Code     0  startup_stm32f10x_md.o(.text)
    DMA1_Channel6_IRQHandler                 0x080002f3   Thumb Code     0  startup_stm32f10x_md.o(.text)
    DMA1_Channel7_IRQHandler                 0x080002f3   Thumb Code     0  startup_stm32f10x_md.o(.text)
    EXTI15_10_IRQHandler                     0x080002f3   Thumb Code     0  startup_stm32f10x_md.o(.text)
    FLASH_IRQHandler                         0x080002f3   Thumb Code     0  startup_stm32f10x_md.o(.text)
    I2C1_ER_IRQHandler                       0x080002f3   Thumb Code     0  startup_stm32f10x_md.o(.text)
    I2C1_EV_IRQHandler                       0x080002f3   Thumb Code     0  startup_stm32f10x_md.o(.text)
    I2C2_ER_IRQHandler                       0x080002f3   Thumb Code     0  startup_stm32f10x_md.o(.text)
    I2C2_EV_IRQHandler                       0x080002f3   Thumb Code     0  startup_stm32f10x_md.o(.text)
    PVD_IRQHandler                           0x080002f3   Thumb Code     0  startup_stm32f10x_md.o(.text)
    RCC_IRQHandler                           0x080002f3   Thumb Code     0  startup_stm32f10x_md.o(.text)
    RTCAlarm_IRQHandler                      0x080002f3   Thumb Code     0  startup_stm32f10x_md.o(.text)
    RTC_IRQHandler                           0x080002f3   Thumb Code     0  startup_stm32f10x_md.o(.text)
    SPI1_IRQHandler                          0x080002f3   Thumb Code     0  startup_stm32f10x_md.o(.text)
    SPI2_IRQHandler                          0x080002f3   Thumb Code     0  startup_stm32f10x_md.o(.text)
    TAMPER_IRQHandler                        0x080002f3   Thumb Code     0  startup_stm32f10x_md.o(.text)
    TIM1_BRK_IRQHandler                      0x080002f3   Thumb Code     0  startup_stm32f10x_md.o(.text)
    TIM1_CC_IRQHandler                       0x080002f3   Thumb Code     0  startup_stm32f10x_md.o(.text)
    TIM1_TRG_COM_IRQHandler                  0x080002f3   Thumb Code     0  startup_stm32f10x_md.o(.text)
    TIM1_UP_IRQHandler                       0x080002f3   Thumb Code     0  startup_stm32f10x_md.o(.text)
    TIM2_IRQHandler                          0x080002f3   Thumb Code     0  startup_stm32f10x_md.o(.text)
    TIM3_IRQHandler                          0x080002f3   Thumb Code     0  startup_stm32f10x_md.o(.text)
    TIM4_IRQHandler                          0x080002f3   Thumb Code     0  startup_stm32f10x_md.o(.text)
    USART1_IRQHandler                        0x080002f3   Thumb Code     0  startup_stm32f10x_md.o(.text)
    USART2_IRQHandler                        0x080002f3   Thumb Code     0  startup_stm32f10x_md.o(.text)
    USART3_IRQHandler                        0x080002f3   Thumb Code     0  startup_stm32f10x_md.o(.text)
    USBWakeUp_IRQHandler                     0x080002f3   Thumb Code     0  startup_stm32f10x_md.o(.text)
    USB_HP_CAN1_TX_IRQHandler                0x080002f3   Thumb Code     0  startup_stm32f10x_md.o(.text)
    USB_LP_CAN1_RX0_IRQHandler               0x080002f3   Thumb Code     0  startup_stm32f10x_md.o(.text)
    WWDG_IRQHandler                          0x080002f3   Thumb Code     0  startup_stm32f10x_md.o(.text)
    __user_initial_stackheap                 0x080002f5   Thumb Code     0  startup_stm32f10x_md.o(.text)
    __user_libspace                          0x08000315   Thumb Code     8  libspace.o(.text)
    __user_perproc_libspace                  0x08000315   Thumb Code     0  libspace.o(.text)
    exit                                     0x0800031d   Thumb Code    18  exit.o(.text)
    __use_two_region_memory                  0x0800032f   Thumb Code     2  heapauxi.o(.text)
    __rt_heap_escrow$2region                 0x08000331   Thumb Code     2  heapauxi.o(.text)
    __rt_heap_expand$2region                 0x08000333   Thumb Code     2  heapauxi.o(.text)
    _sys_exit                                0x08000335   Thumb Code     8  sys_exit.o(.text)
    __user_setup_stackheap                   0x08000341   Thumb Code    74  sys_stackheap_outer.o(.text)
    __I$use$semihosting                      0x0800038b   Thumb Code     0  use_no_semi.o(.text)
    __use_no_semihosting_swi                 0x0800038b   Thumb Code     2  use_no_semi.o(.text)
    SVC_Count                                0x0800038c   Data           4  svc_table.o(SVC_TABLE)
    __semihosting_library_function           0x0800038d   Thumb Code     0  indicate_semi.o(.text)
    Base_dispatch                            0x08000391   Thumb Code    40  basestate.o(i.Base_dispatch)
    SVC_Table                                0x08000390   Data           0  svc_table.o(SVC_TABLE)
    Base_init                                0x080003c1   Thumb Code    24  basestate.o(i.Base_init)
    BusFault_Handler                         0x080003dd   Thumb Code     4  stm32f10x_it.o(i.BusFault_Handler)
    DebugMon_Handler                         0x080003e1   Thumb Code     2  stm32f10x_it.o(i.DebugMon_Handler)
    EXTI0_IRQHandler                         0x080003e5   Thumb Code    54  stm32f10x_it.o(i.EXTI0_IRQHandler)
    EXTI1_IRQHandler                         0x08000421   Thumb Code    54  stm32f10x_it.o(i.EXTI1_IRQHandler)
    EXTI2_IRQHandler                         0x0800045d   Thumb Code    44  stm32f10x_it.o(i.EXTI2_IRQHandler)
    EXTI3_IRQHandler                         0x0800048d   Thumb Code    44  stm32f10x_it.o(i.EXTI3_IRQHandler)
    EXTI4_IRQHandler                         0x080004bd   Thumb Code    70  stm32f10x_it.o(i.EXTI4_IRQHandler)
    EXTI9_5_IRQHandler                       0x0800050d   Thumb Code   320  stm32f10x_it.o(i.EXTI9_5_IRQHandler)
    EXTI_ClearITPendingBit                   0x08000655   Thumb Code     6  stm32f10x_exti.o(i.EXTI_ClearITPendingBit)
    EXTI_Config                              0x08000661   Thumb Code   212  main.o(i.EXTI_Config)
    EXTI_GetITStatus                         0x08000739   Thumb Code    34  stm32f10x_exti.o(i.EXTI_GetITStatus)
    EXTI_Init                                0x08000761   Thumb Code   142  stm32f10x_exti.o(i.EXTI_Init)
    Elevator_costructor                      0x080007f5   Thumb Code    50  elevatorstate.o(i.Elevator_costructor)
    Elevator_emergency                       0x08000835   Thumb Code   164  elevatorstate.o(i.Elevator_emergency)
    Elevator_move                            0x080008e1   Thumb Code   216  elevatorstate.o(i.Elevator_move)
    Elevator_ready                           0x080009c1   Thumb Code   204  elevatorstate.o(i.Elevator_ready)
    GPIO_EXTILineConfig                      0x08000a95   Thumb Code    60  stm32f10x_gpio.o(i.GPIO_EXTILineConfig)
    GPIO_Init                                0x08000ad5   Thumb Code   278  stm32f10x_gpio.o(i.GPIO_Init)
    GPIO_ReadInputDataBit                    0x08000beb   Thumb Code    18  stm32f10x_gpio.o(i.GPIO_ReadInputDataBit)
    HardFault_Handler                        0x08000bfd   Thumb Code     4  stm32f10x_it.o(i.HardFault_Handler)
    Init_MailQueue                           0x08000c01   Thumb Code    28  main.o(i.Init_MailQueue)
    MemManage_Handler                        0x08000c25   Thumb Code     4  stm32f10x_it.o(i.MemManage_Handler)
    NMI_Handler                              0x08000c29   Thumb Code     2  stm32f10x_it.o(i.NMI_Handler)
    NVIC_Init                                0x08000c2d   Thumb Code   100  misc.o(i.NVIC_Init)
    NVIC_PriorityGroupConfig                 0x08000c9d   Thumb Code    10  misc.o(i.NVIC_PriorityGroupConfig)
    RCC_APB2PeriphClockCmd                   0x08000cb1   Thumb Code    26  stm32f10x_rcc.o(i.RCC_APB2PeriphClockCmd)
    SystemInit                               0x08000db9   Thumb Code    78  system_stm32f10x.o(i.SystemInit)
    UsageFault_Handler                       0x08000e19   Thumb Code     4  stm32f10x_it.o(i.UsageFault_Handler)
    _init_box                                0x08000e1d   Thumb Code    70  rt_membox.o(i._init_box)
    _mutex_acquire                           0x08000e65   Thumb Code    22  rtx_conf_cm.o(i._mutex_acquire)
    _mutex_release                           0x08000e85   Thumb Code    18  rtx_conf_cm.o(i._mutex_release)
    dbg_init                                 0x08000ea1   Thumb Code    34  hal_cm.o(i.dbg_init)
    dbg_task_notify                          0x08000ed1   Thumb Code    32  hal_cm.o(i.dbg_task_notify)
    dbg_task_switch                          0x08000ef1   Thumb Code    16  hal_cm.o(i.dbg_task_switch)
    isrMessageGet                            0x08000f01   Thumb Code    42  rt_cmsis.o(i.isrMessageGet)
    isrMessagePut                            0x08000f2b   Thumb Code    44  rt_cmsis.o(i.isrMessagePut)
    isr_mbx_receive                          0x08000f59   Thumb Code    86  rt_mailbox.o(i.isr_mbx_receive)
    isr_mbx_send                             0x08000faf   Thumb Code    14  rt_mailbox.o(i.isr_mbx_send)
    main                                     0x08000fbd   Thumb Code    42  main.o(i.main)
    osKernelInitialize                       0x08000ff5   Thumb Code    30  rt_cmsis.o(i.osKernelInitialize)
    osKernelStart                            0x08001019   Thumb Code    98  rt_cmsis.o(i.osKernelStart)
    osMailAlloc                              0x08001085   Thumb Code    22  rt_cmsis.o(i.osMailAlloc)
    osMailCreate                             0x080010a1   Thumb Code    36  rt_cmsis.o(i.osMailCreate)
    osMailFree                               0x080010cd   Thumb Code    22  rt_cmsis.o(i.osMailFree)
    osMailGet                                0x080010e9   Thumb Code    22  rt_cmsis.o(i.osMailGet)
    osMailPut                                0x080010ff   Thumb Code    20  rt_cmsis.o(i.osMailPut)
    osMessageGet                             0x08001115   Thumb Code    18  rt_cmsis.o(i.osMessageGet)
    osMessagePut                             0x0800112d   Thumb Code    18  rt_cmsis.o(i.osMessagePut)
    osThreadCreate                           0x08001145   Thumb Code    36  rt_cmsis.o(i.osThreadCreate)
    osThreadExit                             0x08001171   Thumb Code    14  rt_cmsis.o(i.osThreadExit)
    osTimerCall                              0x08001189   Thumb Code     8  rt_cmsis.o(i.osTimerCall)
    osTimerThread                            0x08001195   Thumb Code    38  rt_cmsis.o(i.osTimerThread)
    os_error                                 0x080011c1   Thumb Code    34  rtx_conf_cm.o(i.os_error)
    os_idle_demon                            0x080011e3   Thumb Code     4  rtx_conf_cm.o(i.os_idle_demon)
    os_tick_init                             0x080011e9   Thumb Code    32  rt_system.o(i.os_tick_init)
    os_tick_irqack                           0x08001211   Thumb Code     2  rt_system.o(i.os_tick_irqack)
    rt_alloc_box                             0x08001213   Thumb Code    26  rt_membox.o(i.rt_alloc_box)
    rt_alloc_mem                             0x0800122d   Thumb Code    62  rt_memory.o(i.rt_alloc_mem)
    rt_block                                 0x0800126d   Thumb Code    48  rt_task.o(i.rt_block)
    rt_chk_robin                             0x080012a5   Thumb Code    60  rt_robin.o(i.rt_chk_robin)
    rt_dec_dly                               0x080012ed   Thumb Code   102  rt_list.o(i.rt_dec_dly)
    rt_dispatch                              0x0800135d   Thumb Code    60  rt_task.o(i.rt_dispatch)
    rt_evt_psh                               0x080013a1   Thumb Code    76  rt_event.o(i.rt_evt_psh)
    rt_free_box                              0x080013f1   Thumb Code    44  rt_membox.o(i.rt_free_box)
    rt_free_mem                              0x0800141d   Thumb Code    40  rt_memory.o(i.rt_free_mem)
    rt_get_first                             0x08001445   Thumb Code    40  rt_list.o(i.rt_get_first)
    rt_init_mem                              0x080014bd   Thumb Code    26  rt_memory.o(i.rt_init_mem)
    rt_init_robin                            0x080014d9   Thumb Code    14  rt_robin.o(i.rt_init_robin)
    rt_init_stack                            0x080014f1   Thumb Code   118  hal_cm.o(i.rt_init_stack)
    rt_mbx_check                             0x08001571   Thumb Code     8  rt_mailbox.o(i.rt_mbx_check)
    rt_mbx_init                              0x08001579   Thumb Code    26  rt_mailbox.o(i.rt_mbx_init)
    rt_mbx_psh                               0x08001595   Thumb Code   236  rt_mailbox.o(i.rt_mbx_psh)
    rt_mbx_send                              0x08001685   Thumb Code   148  rt_mailbox.o(i.rt_mbx_send)
    rt_mbx_wait                              0x0800171d   Thumb Code   174  rt_mailbox.o(i.rt_mbx_wait)
    rt_mut_release                           0x08001815   Thumb Code   208  rt_mutex.o(i.rt_mut_release)
    rt_mut_wait                              0x080018ed   Thumb Code   114  rt_mutex.o(i.rt_mut_wait)
    rt_pop_req                               0x08001965   Thumb Code   112  rt_system.o(i.rt_pop_req)
    rt_psh_req                               0x080019e1   Thumb Code    22  rt_system.o(i.rt_psh_req)
    rt_psq_enq                               0x08001a01   Thumb Code    88  rt_list.o(i.rt_psq_enq)
    rt_put_dly                               0x08001a5d   Thumb Code    68  rt_list.o(i.rt_put_dly)
    rt_put_prio                              0x08001aa5   Thumb Code    54  rt_list.o(i.rt_put_prio)
    rt_put_rdy_first                         0x08001add   Thumb Code    14  rt_list.o(i.rt_put_rdy_first)
    rt_resort_prio                           0x08001af1   Thumb Code    46  rt_list.o(i.rt_resort_prio)
    rt_ret_val                               0x08001b25   Thumb Code     6  hal_cm.o(i.rt_ret_val)
    rt_ret_val2                              0x08001b2b   Thumb Code     8  hal_cm.o(i.rt_ret_val2)
    rt_rmv_dly                               0x08001b33   Thumb Code    40  rt_list.o(i.rt_rmv_dly)
    rt_rmv_list                              0x08001b5d   Thumb Code    44  rt_list.o(i.rt_rmv_list)
    rt_sem_psh                               0x08001b8d   Thumb Code    48  rt_semaphore.o(i.rt_sem_psh)
    rt_stk_check                             0x08001bc1   Thumb Code    28  rt_system.o(i.rt_stk_check)
    rt_switch_req                            0x08001be5   Thumb Code    30  rt_task.o(i.rt_switch_req)
    rt_sys_init                              0x08001c0d   Thumb Code   138  rt_task.o(i.rt_sys_init)
    rt_sys_start                             0x08001cd9   Thumb Code   110  rt_task.o(i.rt_sys_start)
    rt_systick                               0x08001d51   Thumb Code    50  rt_system.o(i.rt_systick)
    rt_tsk_create                            0x08001dd9   Thumb Code   118  rt_task.o(i.rt_tsk_create)
    rt_tsk_delete                            0x08001e61   Thumb Code   352  rt_task.o(i.rt_tsk_delete)
    rt_tsk_prio                              0x08001fdd   Thumb Code   108  rt_task.o(i.rt_tsk_prio)
    rt_tsk_self                              0x08002059   Thumb Code    12  rt_task.o(i.rt_tsk_self)
    state_dispatch                           0x08002069   Thumb Code    60  main.o(i.state_dispatch)
    svcKernelInitialize                      0x080020ad   Thumb Code    80  rt_cmsis.o(i.svcKernelInitialize)
    svcKernelStart                           0x0800211d   Thumb Code    62  rt_cmsis.o(i.svcKernelStart)
    svcMailCreate                            0x08002165   Thumb Code    66  rt_cmsis.o(i.svcMailCreate)
    svcMessageCreate                         0x080021a7   Thumb Code    36  rt_cmsis.o(i.svcMessageCreate)
    svcMessageGet                            0x080021cb   Thumb Code    58  rt_cmsis.o(i.svcMessageGet)
    svcMessagePut                            0x08002205   Thumb Code    54  rt_cmsis.o(i.svcMessagePut)
    svcThreadCreate                          0x0800223d   Thumb Code    96  rt_cmsis.o(i.svcThreadCreate)
    svcThreadGetId                           0x080022a9   Thumb Code    22  rt_cmsis.o(i.svcThreadGetId)
    svcThreadTerminate                       0x080022c5   Thumb Code    50  rt_cmsis.o(i.svcThreadTerminate)
    svcTimerCall                             0x080022fd   Thumb Code    24  rt_cmsis.o(i.svcTimerCall)
    sysMailAlloc                             0x08002315   Thumb Code    84  rt_cmsis.o(i.sysMailAlloc)
    sysMailFree                              0x0800236d   Thumb Code    96  rt_cmsis.o(i.sysMailFree)
    sysTimerTick                             0x080023cd   Thumb Code    84  rt_cmsis.o(i.sysTimerTick)
    os_thread_def_state_dispatch             0x08002428   Data          16  main.o(.constdata)
    os_mailQ_def_EventQueue                  0x08002438   Data          12  main.o(.constdata)
    os_maxtaskrun                            0x08002444   Data           2  rtx_conf_cm.o(.constdata)
    os_stackinfo                             0x08002448   Data           4  rtx_conf_cm.o(.constdata)
    os_rrobin                                0x0800244c   Data           4  rtx_conf_cm.o(.constdata)
    os_tickfreq                              0x08002450   Data           4  rtx_conf_cm.o(.constdata)
    os_tickus_i                              0x08002454   Data           2  rtx_conf_cm.o(.constdata)
    os_tickus_f                              0x08002456   Data           2  rtx_conf_cm.o(.constdata)
    os_trv                                   0x08002458   Data           4  rtx_conf_cm.o(.constdata)
    os_flags                                 0x0800245c   Data           1  rtx_conf_cm.o(.constdata)
    CMSIS_RTOS_API_Version                   0x08002460   Data           4  rtx_conf_cm.o(.constdata)
    CMSIS_RTOS_RTX_Version                   0x08002464   Data           4  rtx_conf_cm.o(.constdata)
    os_clockrate                             0x08002468   Data           4  rtx_conf_cm.o(.constdata)
    os_timernum                              0x0800246c   Data           4  rtx_conf_cm.o(.constdata)
    mp_tcb_size                              0x08002470   Data           2  rtx_conf_cm.o(.constdata)
    mp_stk_size                              0x08002474   Data           4  rtx_conf_cm.o(.constdata)
    os_stack_sz                              0x08002478   Data           4  rtx_conf_cm.o(.constdata)
    os_fifo_size                             0x0800247c   Data           1  rtx_conf_cm.o(.constdata)
    os_thread_def_osTimerThread              0x08002480   Data          16  rtx_conf_cm.o(.constdata)
    os_messageQ_def_osTimerMessageQ          0x08002490   Data           8  rtx_conf_cm.o(.constdata)
    mp_tmr_size                              0x08002498   Data           2  rtx_conf_cm.o(.constdata)
    os_thread_def_main                       0x0800249c   Data          16  rtx_conf_cm.o(.constdata)
    Region$$Table$$Base                      0x080024ac   Number         0  anon$$obj.o(Region$$Table)
    Region$$Table$$Limit                     0x080024cc   Number         0  anon$$obj.o(Region$$Table)
    dispatchThread                           0x20000000   Data           4  main.o(.data)
    qid_EventQueue                           0x20000004   Data           4  main.o(.data)
    os_mailQ_p_EventQueue                    0x20000008   Data           8  main.o(.data)
    exitEvt                                  0x20000010   Data           1  basestate.o(.data)
    entryEvt                                 0x20000011   Data           1  basestate.o(.data)
    osThreadId_osTimerThread                 0x20000014   Data           4  rtx_conf_cm.o(.data)
    osMessageQId_osTimerMessageQ             0x20000018   Data           4  rtx_conf_cm.o(.data)
    os_tmr                                   0x2000001c   Data           4  rtx_conf_cm.o(.data)
    m_tmr                                    0x20000020   Data           4  rtx_conf_cm.o(.data)
    os_initialized                           0x20000028   Data           1  rt_cmsis.o(.data)
    os_running                               0x20000029   Data           1  rt_cmsis.o(.data)
    os_timer_head                            0x2000002c   Data           4  rt_cmsis.o(.data)
    os_tsk                                   0x20000030   Data           8  rt_task.o(.data)
    os_tick_irqn                             0x2000003c   Data           4  rt_system.o(.data)
    os_time                                  0x20000040   Data           4  rt_time.o(.data)
    os_robin                                 0x20000044   Data           8  rt_robin.o(.data)
    dbg_msg                                  0x2000004c   Data           1  hal_cm.o(.data)
    os_mailQ_q_EventQueue                    0x2000005c   Data          36  main.o(.bss)
    os_mailQ_m_EventQueue                    0x20000080   Data          32  main.o(.bss)
    mp_tcb                                   0x200000a0   Data         376  rtx_conf_cm.o(.bss)
    mp_stk                                   0x20000218   Data        1216  rtx_conf_cm.o(.bss)
    os_stack_mem                             0x200006d8   Data         432  rtx_conf_cm.o(.bss)
    os_fifo                                  0x20000888   Data         132  rtx_conf_cm.o(.bss)
    os_active_TCB                            0x2000090c   Data          28  rtx_conf_cm.o(.bss)
    os_messageQ_q_osTimerMessageQ            0x20000928   Data          32  rtx_conf_cm.o(.bss)
    os_idle_TCB                              0x20000c68   Data          52  rt_task.o(.bss)
    os_rdy                                   0x20000c9c   Data          24  rt_list.o(.bss)
    os_dly                                   0x20000cb4   Data          24  rt_list.o(.bss)
    __libspace_start                         0x20000ccc   Data          96  libspace.o(.bss)
    __temporary_stack_top$libspace           0x20000d2c   Data           0  libspace.o(.bss)



==============================================================================

Memory Map of the image

  Image Entry point : 0x080000ed

  Load Region LR_IROM1 (Base: 0x08000000, Size: 0x0000251c, Max: 0x00020000, ABSOLUTE)

    Execution Region ER_IROM1 (Exec base: 0x08000000, Load base: 0x08000000, Size: 0x000024cc, Max: 0x00020000, ABSOLUTE)

    Exec Addr    Load Addr    Size         Type   Attr      Idx    E Section Name        Object

    0x08000000   0x08000000   0x000000ec   Data   RO          428    RESET               startup_stm32f10x_md.o
    0x080000ec   0x080000ec   0x00000008   Code   RO         2195  * !!!main             c_w.l(__main.o)
    0x080000f4   0x080000f4   0x00000034   Code   RO         2356    !!!scatter          c_w.l(__scatter.o)
    0x08000128   0x08000128   0x0000001a   Code   RO         2358    !!handler_copy      c_w.l(__scatter_copy.o)
    0x08000142   0x08000142   0x00000002   PAD
    0x08000144   0x08000144   0x0000001c   Code   RO         2360    !!handler_zi        c_w.l(__scatter_zi.o)
    0x08000160   0x08000160   0x00000002   Code   RO         2242    .ARM.Collect$$libinit$$00000000  c_w.l(libinit.o)
    0x08000162   0x08000162   0x00000000   Code   RO         2254    .ARM.Collect$$libinit$$00000002  c_w.l(libinit2.o)
    0x08000162   0x08000162   0x00000000   Code   RO         2256    .ARM.Collect$$libinit$$00000004  c_w.l(libinit2.o)
    0x08000162   0x08000162   0x00000000   Code   RO         2259    .ARM.Collect$$libinit$$0000000A  c_w.l(libinit2.o)
    0x08000162   0x08000162   0x00000000   Code   RO         2261    .ARM.Collect$$libinit$$0000000C  c_w.l(libinit2.o)
    0x08000162   0x08000162   0x00000000   Code   RO         2263    .ARM.Collect$$libinit$$0000000E  c_w.l(libinit2.o)
    0x08000162   0x08000162   0x00000000   Code   RO         2266    .ARM.Collect$$libinit$$00000011  c_w.l(libinit2.o)
    0x08000162   0x08000162   0x00000000   Code   RO         2268    .ARM.Collect$$libinit$$00000013  c_w.l(libinit2.o)
    0x08000162   0x08000162   0x00000000   Code   RO         2270    .ARM.Collect$$libinit$$00000015  c_w.l(libinit2.o)
    0x08000162   0x08000162   0x00000000   Code   RO         2272    .ARM.Collect$$libinit$$00000017  c_w.l(libinit2.o)
    0x08000162   0x08000162   0x00000000   Code   RO         2274    .ARM.Collect$$libinit$$00000019  c_w.l(libinit2.o)
    0x08000162   0x08000162   0x00000000   Code   RO         2276    .ARM.Collect$$libinit$$0000001B  c_w.l(libinit2.o)
    0x08000162   0x08000162   0x00000000   Code   RO         2278    .ARM.Collect$$libinit$$0000001D  c_w.l(libinit2.o)
    0x08000162   0x08000162   0x00000000   Code   RO         2280    .ARM.Collect$$libinit$$0000001F  c_w.l(libinit2.o)
    0x08000162   0x08000162   0x00000000   Code   RO         2282    .ARM.Collect$$libinit$$00000021  c_w.l(libinit2.o)
    0x08000162   0x08000162   0x00000000   Code   RO         2284    .ARM.Collect$$libinit$$00000023  c_w.l(libinit2.o)
    0x08000162   0x08000162   0x00000000   Code   RO         2286    .ARM.Collect$$libinit$$00000025  c_w.l(libinit2.o)
    0x08000162   0x08000162   0x00000000   Code   RO         2290    .ARM.Collect$$libinit$$0000002C  c_w.l(libinit2.o)
    0x08000162   0x08000162   0x00000000   Code   RO         2292    .ARM.Collect$$libinit$$0000002E  c_w.l(libinit2.o)
    0x08000162   0x08000162   0x00000000   Code   RO         2294    .ARM.Collect$$libinit$$00000030  c_w.l(libinit2.o)
    0x08000162   0x08000162   0x00000000   Code   RO         2296    .ARM.Collect$$libinit$$00000032  c_w.l(libinit2.o)
    0x08000162   0x08000162   0x00000002   Code   RO         2297    .ARM.Collect$$libinit$$00000033  c_w.l(libinit2.o)
    0x08000164   0x08000164   0x00000002   Code   RO         2243    .ARM.Collect$$libshutdown$$00000000  c_w.l(libshutdown.o)
    0x08000166   0x08000166   0x00000000   Code   RO         2299    .ARM.Collect$$libshutdown$$00000002  c_w.l(libshutdown2.o)
    0x08000166   0x08000166   0x00000000   Code   RO         2301    .ARM.Collect$$libshutdown$$00000004  c_w.l(libshutdown2.o)
    0x08000166   0x08000166   0x00000000   Code   RO         2304    .ARM.Collect$$libshutdown$$00000007  c_w.l(libshutdown2.o)
    0x08000166   0x08000166   0x00000000   Code   RO         2307    .ARM.Collect$$libshutdown$$0000000A  c_w.l(libshutdown2.o)
    0x08000166   0x08000166   0x00000000   Code   RO         2309    .ARM.Collect$$libshutdown$$0000000C  c_w.l(libshutdown2.o)
    0x08000166   0x08000166   0x00000000   Code   RO         2312    .ARM.Collect$$libshutdown$$0000000F  c_w.l(libshutdown2.o)
    0x08000166   0x08000166   0x00000002   Code   RO         2313    .ARM.Collect$$libshutdown$$00000010  c_w.l(libshutdown2.o)
    0x08000168   0x08000168   0x00000000   Code   RO         2197    .ARM.Collect$$rtentry$$00000000  c_w.l(__rtentry.o)
    0x08000168   0x08000168   0x00000000   Code   RO         2205    .ARM.Collect$$rtentry$$00000002  c_w.l(__rtentry2.o)
    0x08000168   0x08000168   0x00000006   Code   RO         2217    .ARM.Collect$$rtentry$$00000004  c_w.l(__rtentry4.o)
    0x0800016e   0x0800016e   0x00000000   Code   RO         2207    .ARM.Collect$$rtentry$$00000009  c_w.l(__rtentry2.o)
    0x0800016e   0x0800016e   0x00000004   Code   RO         2208    .ARM.Collect$$rtentry$$0000000A  c_w.l(__rtentry2.o)
    0x08000172   0x08000172   0x00000008   Code   RO         2209    .ARM.Collect$$rtentry$$0000000B  c_w.l(__rtentry2.o)
    0x0800017a   0x0800017a   0x00000008   Code   RO         2211    .ARM.Collect$$rtentry$$0000000D  c_w.l(__rtentry2.o)
    0x08000182   0x08000182   0x00000002   Code   RO         2198    .ARM.Collect$$rtexit$$00000000  c_w.l(rtexit.o)
    0x08000184   0x08000184   0x00000000   Code   RO         2220    .ARM.Collect$$rtexit$$00000002  c_w.l(rtexit2.o)
    0x08000184   0x08000184   0x00000004   Code   RO         2221    .ARM.Collect$$rtexit$$00000003  c_w.l(rtexit2.o)
    0x08000188   0x08000188   0x00000006   Code   RO         2222    .ARM.Collect$$rtexit$$00000004  c_w.l(rtexit2.o)
    0x0800018e   0x0800018e   0x00000002   PAD
    0x08000190   0x08000190   0x0000001c   Code   RO          368    .emb_text           rtx_conf_cm.o
    0x080001ac   0x080001ac   0x00000130   Code   RO         2171    .emb_text           RTX_CM3.lib(hal_cm3.o)
    0x080002dc   0x080002dc   0x00000038   Code   RO          429    .text               startup_stm32f10x_md.o
    0x08000314   0x08000314   0x00000008   Code   RO         2186    .text               c_w.l(libspace.o)
    0x0800031c   0x0800031c   0x00000012   Code   RO         2191    .text               c_w.l(exit.o)
    0x0800032e   0x0800032e   0x00000006   Code   RO         2193    .text               c_w.l(heapauxi.o)
    0x08000334   0x08000334   0x0000000c   Code   RO         2228    .text               c_w.l(sys_exit.o)
    0x08000340   0x08000340   0x0000004a   Code   RO         2230    .text               c_w.l(sys_stackheap_outer.o)
    0x0800038a   0x0800038a   0x00000002   Code   RO         2244    .text               c_w.l(use_no_semi.o)
    0x0800038c   0x0800038c   0x00000000   Code   RO         2246    .text               c_w.l(indicate_semi.o)
    0x0800038c   0x0800038c   0x00000004   Code   RO         2181    SVC_TABLE           RTX_CM3.lib(svc_table.o)
    0x08000390   0x08000390   0x00000030   Code   RO          165    i.Base_dispatch     basestate.o
    0x080003c0   0x080003c0   0x0000001c   Code   RO          166    i.Base_init         basestate.o
    0x080003dc   0x080003dc   0x00000004   Code   RO          198    i.BusFault_Handler  stm32f10x_it.o
    0x080003e0   0x080003e0   0x00000002   Code   RO          199    i.DebugMon_Handler  stm32f10x_it.o
    0x080003e2   0x080003e2   0x00000002   PAD
    0x080003e4   0x080003e4   0x0000003c   Code   RO          200    i.EXTI0_IRQHandler  stm32f10x_it.o
    0x08000420   0x08000420   0x0000003c   Code   RO          202    i.EXTI1_IRQHandler  stm32f10x_it.o
    0x0800045c   0x0800045c   0x00000030   Code   RO          203    i.EXTI2_IRQHandler  stm32f10x_it.o
    0x0800048c   0x0800048c   0x00000030   Code   RO          204    i.EXTI3_IRQHandler  stm32f10x_it.o
    0x080004bc   0x080004bc   0x00000050   Code   RO          205    i.EXTI4_IRQHandler  stm32f10x_it.o
    0x0800050c   0x0800050c   0x00000148   Code   RO          206    i.EXTI9_5_IRQHandler  stm32f10x_it.o
    0x08000654   0x08000654   0x0000000c   Code   RO          914    i.EXTI_ClearITPendingBit  stm32f10x_exti.o
    0x08000660   0x08000660   0x000000d8   Code   RO            4    i.EXTI_Config       main.o
    0x08000738   0x08000738   0x00000028   Code   RO          918    i.EXTI_GetITStatus  stm32f10x_exti.o
    0x08000760   0x08000760   0x00000094   Code   RO          919    i.EXTI_Init         stm32f10x_exti.o
    0x080007f4   0x080007f4   0x00000040   Code   RO          117    i.Elevator_costructor  elevatorstate.o
    0x08000834   0x08000834   0x000000ac   Code   RO          118    i.Elevator_emergency  elevatorstate.o
    0x080008e0   0x080008e0   0x000000e0   Code   RO          120    i.Elevator_move     elevatorstate.o
    0x080009c0   0x080009c0   0x000000d4   Code   RO          121    i.Elevator_ready    elevatorstate.o
    0x08000a94   0x08000a94   0x00000040   Code   RO          533    i.GPIO_EXTILineConfig  stm32f10x_gpio.o
    0x08000ad4   0x08000ad4   0x00000116   Code   RO          536    i.GPIO_Init         stm32f10x_gpio.o
    0x08000bea   0x08000bea   0x00000012   Code   RO          540    i.GPIO_ReadInputDataBit  stm32f10x_gpio.o
    0x08000bfc   0x08000bfc   0x00000004   Code   RO          207    i.HardFault_Handler  stm32f10x_it.o
    0x08000c00   0x08000c00   0x00000024   Code   RO            5    i.Init_MailQueue    main.o
    0x08000c24   0x08000c24   0x00000004   Code   RO          208    i.MemManage_Handler  stm32f10x_it.o
    0x08000c28   0x08000c28   0x00000002   Code   RO          209    i.NMI_Handler       stm32f10x_it.o
    0x08000c2a   0x08000c2a   0x00000002   PAD
    0x08000c2c   0x08000c2c   0x00000070   Code   RO          482    i.NVIC_Init         misc.o
    0x08000c9c   0x08000c9c   0x00000014   Code   RO          483    i.NVIC_PriorityGroupConfig  misc.o
    0x08000cb0   0x08000cb0   0x00000020   Code   RO          660    i.RCC_APB2PeriphClockCmd  stm32f10x_rcc.o
    0x08000cd0   0x08000cd0   0x00000008   Code   RO          436    i.SetSysClock       system_stm32f10x.o
    0x08000cd8   0x08000cd8   0x000000e0   Code   RO          437    i.SetSysClockTo72   system_stm32f10x.o
    0x08000db8   0x08000db8   0x00000060   Code   RO          439    i.SystemInit        system_stm32f10x.o
    0x08000e18   0x08000e18   0x00000004   Code   RO          210    i.UsageFault_Handler  stm32f10x_it.o
    0x08000e1c   0x08000e1c   0x00000046   Code   RO         2070    i._init_box         RTX_CM3.lib(rt_membox.o)
    0x08000e62   0x08000e62   0x00000002   PAD
    0x08000e64   0x08000e64   0x00000020   Code   RO          370    i._mutex_acquire    rtx_conf_cm.o
    0x08000e84   0x08000e84   0x0000001c   Code   RO          372    i._mutex_release    rtx_conf_cm.o
    0x08000ea0   0x08000ea0   0x00000030   Code   RO         2123    i.dbg_init          RTX_CM3.lib(hal_cm.o)
    0x08000ed0   0x08000ed0   0x00000020   Code   RO         2124    i.dbg_task_notify   RTX_CM3.lib(hal_cm.o)
    0x08000ef0   0x08000ef0   0x00000010   Code   RO         2125    i.dbg_task_switch   RTX_CM3.lib(hal_cm.o)
    0x08000f00   0x08000f00   0x0000002a   Code   RO          979    i.isrMessageGet     RTX_CM3.lib(rt_cmsis.o)
    0x08000f2a   0x08000f2a   0x0000002c   Code   RO          980    i.isrMessagePut     RTX_CM3.lib(rt_cmsis.o)
    0x08000f56   0x08000f56   0x00000002   PAD
    0x08000f58   0x08000f58   0x00000056   Code   RO         1925    i.isr_mbx_receive   RTX_CM3.lib(rt_mailbox.o)
    0x08000fae   0x08000fae   0x0000000e   Code   RO         1926    i.isr_mbx_send      RTX_CM3.lib(rt_mailbox.o)
    0x08000fbc   0x08000fbc   0x00000038   Code   RO            6    i.main              main.o
    0x08000ff4   0x08000ff4   0x00000024   Code   RO          984    i.osKernelInitialize  RTX_CM3.lib(rt_cmsis.o)
    0x08001018   0x08001018   0x0000006c   Code   RO          986    i.osKernelStart     RTX_CM3.lib(rt_cmsis.o)
    0x08001084   0x08001084   0x0000001c   Code   RO          988    i.osMailAlloc       RTX_CM3.lib(rt_cmsis.o)
    0x080010a0   0x080010a0   0x0000002c   Code   RO          990    i.osMailCreate      RTX_CM3.lib(rt_cmsis.o)
    0x080010cc   0x080010cc   0x0000001c   Code   RO          991    i.osMailFree        RTX_CM3.lib(rt_cmsis.o)
    0x080010e8   0x080010e8   0x00000016   Code   RO          992    i.osMailGet         RTX_CM3.lib(rt_cmsis.o)
    0x080010fe   0x080010fe   0x00000014   Code   RO          993    i.osMailPut         RTX_CM3.lib(rt_cmsis.o)
    0x08001112   0x08001112   0x00000002   PAD
    0x08001114   0x08001114   0x00000018   Code   RO          995    i.osMessageGet      RTX_CM3.lib(rt_cmsis.o)
    0x0800112c   0x0800112c   0x00000018   Code   RO          996    i.osMessagePut      RTX_CM3.lib(rt_cmsis.o)
    0x08001144   0x08001144   0x0000002c   Code   RO         1012    i.osThreadCreate    RTX_CM3.lib(rt_cmsis.o)
    0x08001170   0x08001170   0x00000018   Code   RO         1013    i.osThreadExit      RTX_CM3.lib(rt_cmsis.o)
    0x08001188   0x08001188   0x0000000c   Code   RO         1019    i.osTimerCall       RTX_CM3.lib(rt_cmsis.o)
    0x08001194   0x08001194   0x0000002c   Code   RO         1024    i.osTimerThread     RTX_CM3.lib(rt_cmsis.o)
    0x080011c0   0x080011c0   0x00000022   Code   RO          373    i.os_error          rtx_conf_cm.o
    0x080011e2   0x080011e2   0x00000004   Code   RO          374    i.os_idle_demon     rtx_conf_cm.o
    0x080011e6   0x080011e6   0x00000002   PAD
    0x080011e8   0x080011e8   0x00000028   Code   RO         1717    i.os_tick_init      RTX_CM3.lib(rt_system.o)
    0x08001210   0x08001210   0x00000002   Code   RO         1718    i.os_tick_irqack    RTX_CM3.lib(rt_system.o)
    0x08001212   0x08001212   0x0000001a   Code   RO         2071    i.rt_alloc_box      RTX_CM3.lib(rt_membox.o)
    0x0800122c   0x0800122c   0x0000003e   Code   RO         2099    i.rt_alloc_mem      RTX_CM3.lib(rt_memory.o)
    0x0800126a   0x0800126a   0x00000002   PAD
    0x0800126c   0x0800126c   0x00000038   Code   RO         1598    i.rt_block          RTX_CM3.lib(rt_task.o)
    0x080012a4   0x080012a4   0x00000048   Code   RO         2048    i.rt_chk_robin      RTX_CM3.lib(rt_robin.o)
    0x080012ec   0x080012ec   0x00000070   Code   RO         1849    i.rt_dec_dly        RTX_CM3.lib(rt_list.o)
    0x0800135c   0x0800135c   0x00000044   Code   RO         1599    i.rt_dispatch       RTX_CM3.lib(rt_task.o)
    0x080013a0   0x080013a0   0x00000050   Code   RO         1810    i.rt_evt_psh        RTX_CM3.lib(rt_event.o)
    0x080013f0   0x080013f0   0x0000002c   Code   RO         2072    i.rt_free_box       RTX_CM3.lib(rt_membox.o)
    0x0800141c   0x0800141c   0x00000028   Code   RO         2100    i.rt_free_mem       RTX_CM3.lib(rt_memory.o)
    0x08001444   0x08001444   0x00000028   Code   RO         1850    i.rt_get_first      RTX_CM3.lib(rt_list.o)
    0x0800146c   0x0800146c   0x00000008   Code   RO         1029    i.rt_id2obj         RTX_CM3.lib(rt_cmsis.o)
    0x08001474   0x08001474   0x00000048   Code   RO         1600    i.rt_init_context   RTX_CM3.lib(rt_task.o)
    0x080014bc   0x080014bc   0x0000001a   Code   RO         2101    i.rt_init_mem       RTX_CM3.lib(rt_memory.o)
    0x080014d6   0x080014d6   0x00000002   PAD
    0x080014d8   0x080014d8   0x00000018   Code   RO         2049    i.rt_init_robin     RTX_CM3.lib(rt_robin.o)
    0x080014f0   0x080014f0   0x00000080   Code   RO         2126    i.rt_init_stack     RTX_CM3.lib(hal_cm.o)
    0x08001570   0x08001570   0x00000008   Code   RO         1927    i.rt_mbx_check      RTX_CM3.lib(rt_mailbox.o)
    0x08001578   0x08001578   0x0000001a   Code   RO         1928    i.rt_mbx_init       RTX_CM3.lib(rt_mailbox.o)
    0x08001592   0x08001592   0x00000002   PAD
    0x08001594   0x08001594   0x000000f0   Code   RO         1929    i.rt_mbx_psh        RTX_CM3.lib(rt_mailbox.o)
    0x08001684   0x08001684   0x00000098   Code   RO         1930    i.rt_mbx_send       RTX_CM3.lib(rt_mailbox.o)
    0x0800171c   0x0800171c   0x000000b4   Code   RO         1931    i.rt_mbx_wait       RTX_CM3.lib(rt_mailbox.o)
    0x080017d0   0x080017d0   0x00000044   Code   RO         1030    i.rt_ms2tick        RTX_CM3.lib(rt_cmsis.o)
    0x08001814   0x08001814   0x000000d8   Code   RO         1684    i.rt_mut_release    RTX_CM3.lib(rt_mutex.o)
    0x080018ec   0x080018ec   0x00000078   Code   RO         1685    i.rt_mut_wait       RTX_CM3.lib(rt_mutex.o)
    0x08001964   0x08001964   0x0000007c   Code   RO         1721    i.rt_pop_req        RTX_CM3.lib(rt_system.o)
    0x080019e0   0x080019e0   0x00000020   Code   RO         1722    i.rt_psh_req        RTX_CM3.lib(rt_system.o)
    0x08001a00   0x08001a00   0x0000005c   Code   RO         1852    i.rt_psq_enq        RTX_CM3.lib(rt_list.o)
    0x08001a5c   0x08001a5c   0x00000048   Code   RO         1853    i.rt_put_dly        RTX_CM3.lib(rt_list.o)
    0x08001aa4   0x08001aa4   0x00000036   Code   RO         1854    i.rt_put_prio       RTX_CM3.lib(rt_list.o)
    0x08001ada   0x08001ada   0x00000002   PAD
    0x08001adc   0x08001adc   0x00000014   Code   RO         1855    i.rt_put_rdy_first  RTX_CM3.lib(rt_list.o)
    0x08001af0   0x08001af0   0x00000034   Code   RO         1856    i.rt_resort_prio    RTX_CM3.lib(rt_list.o)
    0x08001b24   0x08001b24   0x00000006   Code   RO         2127    i.rt_ret_val        RTX_CM3.lib(hal_cm.o)
    0x08001b2a   0x08001b2a   0x00000008   Code   RO         2128    i.rt_ret_val2       RTX_CM3.lib(hal_cm.o)
    0x08001b32   0x08001b32   0x00000028   Code   RO         1857    i.rt_rmv_dly        RTX_CM3.lib(rt_list.o)
    0x08001b5a   0x08001b5a   0x00000002   PAD
    0x08001b5c   0x08001b5c   0x00000030   Code   RO         1858    i.rt_rmv_list       RTX_CM3.lib(rt_list.o)
    0x08001b8c   0x08001b8c   0x00000034   Code   RO         1976    i.rt_sem_psh        RTX_CM3.lib(rt_semaphore.o)
    0x08001bc0   0x08001bc0   0x00000024   Code   RO         1724    i.rt_stk_check      RTX_CM3.lib(rt_system.o)
    0x08001be4   0x08001be4   0x00000028   Code   RO         1601    i.rt_switch_req     RTX_CM3.lib(rt_task.o)
    0x08001c0c   0x08001c0c   0x000000cc   Code   RO         1602    i.rt_sys_init       RTX_CM3.lib(rt_task.o)
    0x08001cd8   0x08001cd8   0x00000078   Code   RO         1603    i.rt_sys_start      RTX_CM3.lib(rt_task.o)
    0x08001d50   0x08001d50   0x00000040   Code   RO         1726    i.rt_systick        RTX_CM3.lib(rt_system.o)
    0x08001d90   0x08001d90   0x00000012   Code   RO         1031    i.rt_tid2ptcb       RTX_CM3.lib(rt_cmsis.o)
    0x08001da2   0x08001da2   0x00000002   PAD
    0x08001da4   0x08001da4   0x00000034   Code   RO         1032    i.rt_timer_insert   RTX_CM3.lib(rt_cmsis.o)
    0x08001dd8   0x08001dd8   0x00000088   Code   RO         1604    i.rt_tsk_create     RTX_CM3.lib(rt_task.o)
    0x08001e60   0x08001e60   0x0000017c   Code   RO         1605    i.rt_tsk_delete     RTX_CM3.lib(rt_task.o)
    0x08001fdc   0x08001fdc   0x0000007c   Code   RO         1607    i.rt_tsk_prio       RTX_CM3.lib(rt_task.o)
    0x08002058   0x08002058   0x00000010   Code   RO         1608    i.rt_tsk_self       RTX_CM3.lib(rt_task.o)
    0x08002068   0x08002068   0x00000044   Code   RO            7    i.state_dispatch    main.o
    0x080020ac   0x080020ac   0x00000070   Code   RO         1035    i.svcKernelInitialize  RTX_CM3.lib(rt_cmsis.o)
    0x0800211c   0x0800211c   0x00000048   Code   RO         1037    i.svcKernelStart    RTX_CM3.lib(rt_cmsis.o)
    0x08002164   0x08002164   0x00000042   Code   RO         1039    i.svcMailCreate     RTX_CM3.lib(rt_cmsis.o)
    0x080021a6   0x080021a6   0x00000024   Code   RO         1040    i.svcMessageCreate  RTX_CM3.lib(rt_cmsis.o)
    0x080021ca   0x080021ca   0x0000003a   Code   RO         1041    i.svcMessageGet     RTX_CM3.lib(rt_cmsis.o)
    0x08002204   0x08002204   0x00000036   Code   RO         1042    i.svcMessagePut     RTX_CM3.lib(rt_cmsis.o)
    0x0800223a   0x0800223a   0x00000002   PAD
    0x0800223c   0x0800223c   0x0000006c   Code   RO         1055    i.svcThreadCreate   RTX_CM3.lib(rt_cmsis.o)
    0x080022a8   0x080022a8   0x0000001c   Code   RO         1056    i.svcThreadGetId    RTX_CM3.lib(rt_cmsis.o)
    0x080022c4   0x080022c4   0x00000038   Code   RO         1059    i.svcThreadTerminate  RTX_CM3.lib(rt_cmsis.o)
    0x080022fc   0x080022fc   0x00000018   Code   RO         1061    i.svcTimerCall      RTX_CM3.lib(rt_cmsis.o)
    0x08002314   0x08002314   0x00000058   Code   RO         1066    i.sysMailAlloc      RTX_CM3.lib(rt_cmsis.o)
    0x0800236c   0x0800236c   0x00000060   Code   RO         1067    i.sysMailFree       RTX_CM3.lib(rt_cmsis.o)
    0x080023cc   0x080023cc   0x0000005c   Code   RO         1070    i.sysTimerTick      RTX_CM3.lib(rt_cmsis.o)
    0x08002428   0x08002428   0x0000001c   Data   RO            9    .constdata          main.o
    0x08002444   0x08002444   0x00000068   Data   RO          376    .constdata          rtx_conf_cm.o
    0x080024ac   0x080024ac   0x00000020   Data   RO         2354    Region$$Table       anon$$obj.o


    Execution Region RW_IRAM1 (Exec base: 0x20000000, Load base: 0x080024cc, Size: 0x00001330, Max: 0x00005000, ABSOLUTE)

    Exec Addr    Load Addr    Size         Type   Attr      Idx    E Section Name        Object

    0x20000000   0x080024cc   0x00000010   Data   RW           10    .data               main.o
    0x20000010   0x080024dc   0x00000002   Data   RW          167    .data               basestate.o
    0x20000012   0x080024de   0x00000002   PAD
    0x20000014   0x080024e0   0x00000014   Data   RW          377    .data               rtx_conf_cm.o
    0x20000028   0x080024f4   0x00000008   Data   RW         1073    .data               RTX_CM3.lib(rt_cmsis.o)
    0x20000030   0x080024fc   0x00000008   Data   RW         1610    .data               RTX_CM3.lib(rt_task.o)
    0x20000038   0x08002504   0x00000008   Data   RW         1729    .data               RTX_CM3.lib(rt_system.o)
    0x20000040   0x0800250c   0x00000004   Data   RW         2019    .data               RTX_CM3.lib(rt_time.o)
    0x20000044   0x08002510   0x00000008   Data   RW         2050    .data               RTX_CM3.lib(rt_robin.o)
    0x2000004c   0x08002518   0x00000001   Data   RW         2129    .data               RTX_CM3.lib(hal_cm.o)
    0x2000004d   0x08002519   0x00000003   PAD
    0x20000050        -       0x00000050   Zero   RW            8    .bss                main.o
    0x200000a0        -       0x00000bc8   Zero   RW          375    .bss                rtx_conf_cm.o
    0x20000c68        -       0x00000034   Zero   RW         1609    .bss                RTX_CM3.lib(rt_task.o)
    0x20000c9c        -       0x00000030   Zero   RW         1859    .bss                RTX_CM3.lib(rt_list.o)
    0x20000ccc        -       0x00000060   Zero   RW         2187    .bss                c_w.l(libspace.o)
    0x20000d2c   0x08002519   0x00000004   PAD
    0x20000d30        -       0x00000200   Zero   RW          427    HEAP                startup_stm32f10x_md.o
    0x20000f30        -       0x00000400   Zero   RW          426    STACK               startup_stm32f10x_md.o


==============================================================================

Image component sizes


      Code (inc. data)   RO Data    RW Data    ZI Data      Debug   Object Name

        76         12          0          2          0       3635   basestate.o
       672         58          0          0          0       6284   elevatorstate.o
       376         34         28         16         80     228136   main.o
       132         22          0          0          0       1939   misc.o
       126         26        104         20       3016       9095   rtx_conf_cm.o
        56         22        236          0       1536        792   startup_stm32f10x_md.o
       200         18          0          0          0       2592   stm32f10x_exti.o
       360          4          0          0          0       3686   stm32f10x_gpio.o
       644         38          0          0          0      10176   stm32f10x_it.o
        32          6          0          0          0        641   stm32f10x_rcc.o
       328         28          0          0          0       2017   system_stm32f10x.o

    ----------------------------------------------------------------------
      3008        268        400         40       4632     268993   Object Totals
         0          0         32          0          0          0   (incl. Generated)
         6          0          0          2          0          0   (incl. Padding)

    ----------------------------------------------------------------------

      Code (inc. data)   RO Data    RW Data    ZI Data      Debug   Library Member Name

       238         24          0          1          0       3312   hal_cm.o
       304         36          0          0          0        768   hal_cm3.o
      1580        168          0          8          0      38692   rt_cmsis.o
        80          4          0          0          0        661   rt_event.o
       530         34          0          0         48       8253   rt_list.o
       706         14          0          0          0       4787   rt_mailbox.o
       140          0          0          0          0       1925   rt_membox.o
       128          0          0          0          0       2307   rt_memory.o
       336         14          0          0          0       1643   rt_mutex.o
        96         22          0          8          0       1158   rt_robin.o
        52          4          0          0          0        573   rt_semaphore.o
       298         52          0          8          0       6223   rt_system.o
      1216        174          0          8         52       9649   rt_task.o
         0          0          0          4          0        214   rt_time.o
         4          4          0          0          0        208   svc_table.o
         8          0          0          0          0         68   __main.o
         0          0          0          0          0          0   __rtentry.o
        20          0          0          0          0          0   __rtentry2.o
         6          0          0          0          0          0   __rtentry4.o
        52          8          0          0          0          0   __scatter.o
        26          0          0          0          0          0   __scatter_copy.o
        28          0          0          0          0          0   __scatter_zi.o
        18          0          0          0          0         80   exit.o
         6          0          0          0          0        152   heapauxi.o
         0          0          0          0          0          0   indicate_semi.o
         2          0          0          0          0          0   libinit.o
         2          0          0          0          0          0   libinit2.o
         2          0          0          0          0          0   libshutdown.o
         2          0          0          0          0          0   libshutdown2.o
         8          4          0          0         96         68   libspace.o
         2          0          0          0          0          0   rtexit.o
        10          0          0          0          0          0   rtexit2.o
        12          4          0          0          0         68   sys_exit.o
        74          0          0          0          0         80   sys_stackheap_outer.o
         2          0          0          0          0         68   use_no_semi.o

    ----------------------------------------------------------------------
      6012        566          0         40        200      80957   Library Totals
        24          0          0          3          4          0   (incl. Padding)

    ----------------------------------------------------------------------

      Code (inc. data)   RO Data    RW Data    ZI Data      Debug   Library Name

      5708        550          0         37        100      80373   RTX_CM3.lib
       280         16          0          0         96        584   c_w.l

    ----------------------------------------------------------------------
      6012        566          0         40        200      80957   Library Totals

    ----------------------------------------------------------------------

==============================================================================


      Code (inc. data)   RO Data    RW Data    ZI Data      Debug   

      9020        834        400         80       4832     343914   Grand Totals
      9020        834        400         80       4832     343914   ELF Image Totals
      9020        834        400         80          0          0   ROM Totals

==============================================================================

    Total RO  Size (Code + RO Data)                 9420 (   9.20kB)
    Total RW  Size (RW Data + ZI Data)              4912 (   4.80kB)
    Total ROM Size (Code + RO Data + RW Data)       9500 (   9.28kB)

==============================================================================

