Component: ARM Compiler 5.06 update 6 (build 750) Tool: armlink [4d35ed]

==============================================================================

Section Cross References

    main.o(i.Init_MailQueue) refers to rt_cmsis.o(i.osMailCreate) for osMailCreate
    main.o(i.Init_MailQueue) refers to main.o(.constdata) for os_mailQ_def_EventQueue
    main.o(i.Init_MailQueue) refers to main.o(.data) for qid_EventQueue
    main.o(i.main) refers to rt_cmsis.o(i.osKernelInitialize) for osKernelInitialize
    main.o(i.main) refers to rcc.o(i.RCC_Configuration) for RCC_Configuration
    main.o(i.main) refers to gpio.o(i.GPIO_Configuration) for GPIO_Configuration
    main.o(i.main) refers to uart_1.o(i.UART_Configuration) for UART_Configuration
    main.o(i.main) refers to stm32f10x_dma.o(i.DMA_GetFlagStatus) for DMA_GetFlagStatus
    main.o(i.main) refers to uart_1.o(i.print) for print
    main.o(i.main) refers to exti.o(i.EXTI_Configuration) for EXTI_Configuration
    main.o(i.main) refers to elevatorstate.o(i.Elevator_costructor) for Elevator_costructor
    main.o(i.main) refers to main.o(i.Init_MailQueue) for Init_MailQueue
    main.o(i.main) refers to rt_cmsis.o(i.osThreadCreate) for osThreadCreate
    main.o(i.main) refers to rt_cmsis.o(i.osKernelStart) for osKernelStart
    main.o(i.main) refers to main.o(.bss) for me
    main.o(i.main) refers to main.o(.constdata) for os_thread_def_state_dispatch
    main.o(i.main) refers to main.o(.data) for dispatchThread
    main.o(i.state_dispatch) refers to basestate.o(i.Base_init) for Base_init
    main.o(i.state_dispatch) refers to rt_cmsis.o(i.osMailGet) for osMailGet
    main.o(i.state_dispatch) refers to basestate.o(i.Base_dispatch) for Base_dispatch
    main.o(i.state_dispatch) refers to rt_cmsis.o(i.osMailFree) for osMailFree
    main.o(i.state_dispatch) refers to main.o(.bss) for me
    main.o(i.state_dispatch) refers to main.o(.data) for qid_EventQueue
    main.o(.constdata) refers to main.o(i.state_dispatch) for state_dispatch
    main.o(.constdata) refers to main.o(.data) for os_mailQ_p_EventQueue
    main.o(.data) refers to main.o(.bss) for os_mailQ_q_EventQueue
    elevatorstate.o(i.Elevator_costructor) refers to elevatorstate.o(i.Elevator_move) for Elevator_move
    elevatorstate.o(i.Elevator_costructor) refers to elevatorstate.o(i.Elevator_ready) for Elevator_ready
    elevatorstate.o(i.Elevator_costructor) refers to elevatorstate.o(i.Elevator_emergency) for Elevator_emergency
    elevatorstate.o(i.Elevator_emergency) refers to elevatorstate.o(i.Elevator_move) for Elevator_move
    elevatorstate.o(i.Elevator_emergency) refers to elevatorstate.o(i.Elevator_ready) for Elevator_ready
    elevatorstate.o(i.Elevator_initial) refers to elevatorstate.o(i.Elevator_ready) for Elevator_ready
    elevatorstate.o(i.Elevator_move) refers to elevatorstate.o(i.Elevator_emergency) for Elevator_emergency
    elevatorstate.o(i.Elevator_move) refers to elevatorstate.o(i.Elevator_ready) for Elevator_ready
    elevatorstate.o(i.Elevator_ready) refers to elevatorstate.o(i.Elevator_emergency) for Elevator_emergency
    elevatorstate.o(i.Elevator_ready) refers to elevatorstate.o(i.Elevator_move) for Elevator_move
    basestate.o(i.Base_dispatch) refers to basestate.o(.data) for exitEvt
    basestate.o(i.Base_init) refers to basestate.o(.data) for entryEvt
    stm32f10x_it.o(i.EXTI0_IRQHandler) refers to stm32f10x_exti.o(i.EXTI_GetITStatus) for EXTI_GetITStatus
    stm32f10x_it.o(i.EXTI0_IRQHandler) refers to rt_cmsis.o(i.osMailAlloc) for osMailAlloc
    stm32f10x_it.o(i.EXTI0_IRQHandler) refers to rt_cmsis.o(i.osMailPut) for osMailPut
    stm32f10x_it.o(i.EXTI0_IRQHandler) refers to stm32f10x_exti.o(i.EXTI_ClearITPendingBit) for EXTI_ClearITPendingBit
    stm32f10x_it.o(i.EXTI0_IRQHandler) refers to main.o(.data) for qid_EventQueue
    stm32f10x_it.o(i.EXTI10_15_IRQHandler) refers to stm32f10x_exti.o(i.EXTI_GetITStatus) for EXTI_GetITStatus
    stm32f10x_it.o(i.EXTI10_15_IRQHandler) refers to rt_cmsis.o(i.osMailAlloc) for osMailAlloc
    stm32f10x_it.o(i.EXTI10_15_IRQHandler) refers to stm32f10x_gpio.o(i.GPIO_ReadInputDataBit) for GPIO_ReadInputDataBit
    stm32f10x_it.o(i.EXTI10_15_IRQHandler) refers to rt_cmsis.o(i.osMailPut) for osMailPut
    stm32f10x_it.o(i.EXTI10_15_IRQHandler) refers to stm32f10x_exti.o(i.EXTI_ClearITPendingBit) for EXTI_ClearITPendingBit
    stm32f10x_it.o(i.EXTI10_15_IRQHandler) refers to main.o(.data) for qid_EventQueue
    stm32f10x_it.o(i.EXTI1_IRQHandler) refers to stm32f10x_exti.o(i.EXTI_GetITStatus) for EXTI_GetITStatus
    stm32f10x_it.o(i.EXTI1_IRQHandler) refers to rt_cmsis.o(i.osMailAlloc) for osMailAlloc
    stm32f10x_it.o(i.EXTI1_IRQHandler) refers to rt_cmsis.o(i.osMailPut) for osMailPut
    stm32f10x_it.o(i.EXTI1_IRQHandler) refers to stm32f10x_exti.o(i.EXTI_ClearITPendingBit) for EXTI_ClearITPendingBit
    stm32f10x_it.o(i.EXTI1_IRQHandler) refers to main.o(.data) for qid_EventQueue
[...]
    .ARM.Collect$$libinit$$00000017          0x08000162   Section        0  libinit2.o(.ARM.Collect$$libinit$$00000017)
    .ARM.Collect$$libinit$$00000019          0x08000162   Section        0  libinit2.o(.ARM.Collect$$libinit$$00000019)
    .ARM.Collect$$libinit$$0000001B          0x08000162   Section        0  libinit2.o(.ARM.Collect$$libinit$$0000001B)
    .ARM.Collect$$libinit$$0000001D          0x08000162   Section        0  libinit2.o(.ARM.Collect$$libinit$$0000001D)
    .ARM.Collect$$libinit$$0000001F          0x08000162   Section        0  libinit2.o(.ARM.Collect$$libinit$$0000001F)
    .ARM.Collect$$libinit$$00000021          0x08000162   Section        0  libinit2.o(.ARM.Collect$$libinit$$00000021)
    .ARM.Collect$$libinit$$00000023          0x08000162   Section        0  libinit2.o(.ARM.Collect$$libinit$$00000023)
    .ARM.Collect$$libinit$$00000025          0x08000162   Section        0  libinit2.o(.ARM.Collect$$libinit$$00000025)
    .ARM.Collect$$libinit$$0000002C          0x08000162   Section        0  libinit2.o(.ARM.Collect$$libinit$$0000002C)
    .ARM.Collect$$libinit$$0000002E          0x08000162   Section        0  libinit2.o(.ARM.Collect$$libinit$$0000002E)
    .ARM.Collect$$libinit$$00000030          0x08000162   Section        0  libinit2.o(.ARM.Collect$$libinit$$00000030)
    .ARM.Collect$$libinit$$00000032          0x08000162   Section        0  libinit2.o(.ARM.Collect$$libinit$$00000032)
    .ARM.Collect$$libinit$$00000033          0x08000162   Section        2  libinit2.o(.ARM.Collect$$libinit$$00000033)
    .ARM.Collect$$libshutdown$$00000000      0x08000164   Section        2  libshutdown.o(.ARM.Collect$$libshutdown$$00000000)
    .ARM.Collect$$libshutdown$$00000002      0x08000166   Section        0  libshutdown2.o(.ARM.Collect$$libshutdown$$00000002)
    .ARM.Collect$$libshutdown$$00000004      0x08000166   Section        0  libshutdown2.o(.ARM.Collect$$libshutdown$$00000004)
    .ARM.Collect$$libshutdown$$00000007      0x08000166   Section        0  libshutdown2.o(.ARM.Collect$$libshutdown$$00000007)
    .ARM.Collect$$libshutdown$$0000000A      0x08000166   Section        0  libshutdown2.o(.ARM.Collect$$libshutdown$$0000000A)
    .ARM.Collect$$libshutdown$$0000000C      0x08000166   Section        0  libshutdown2.o(.ARM.Collect$$libshutdown$$0000000C)
    .ARM.Collect$$libshutdown$$0000000F      0x08000166   Section        0  libshutdown2.o(.ARM.Collect$$libshutdown$$0000000F)
    .ARM.Collect$$libshutdown$$00000010      0x08000166   Section        2  libshutdown2.o(.ARM.Collect$$libshutdown$$00000010)
    .ARM.Collect$$rtentry$$00000000          0x08000168   Section        0  __rtentry.o(.ARM.Collect$$rtentry$$00000000)
    .ARM.Collect$$rtentry$$00000002          0x08000168   Section        0  __rtentry2.o(.ARM.Collect$$rtentry$$00000002)
    .ARM.Collect$$rtentry$$00000004          0x08000168   Section        6  __rtentry4.o(.ARM.Collect$$rtentry$$00000004)
    .ARM.Collect$$rtentry$$00000009          0x0800016e   Section        0  __rtentry2.o(.ARM.Collect$$rtentry$$00000009)
    .ARM.Collect$$rtentry$$0000000A          0x0800016e   Section        4  __rtentry2.o(.ARM.Collect$$rtentry$$0000000A)
    .ARM.Collect$$rtentry$$0000000B          0x08000172   Section        8  __rtentry2.o(.ARM.Collect$$rtentry$$0000000B)
    .ARM.Collect$$rtentry$$0000000D          0x0800017a   Section        8  __rtentry2.o(.ARM.Collect$$rtentry$$0000000D)
    .ARM.Collect$$rtexit$$00000000           0x08000182   Section        2  rtexit.o(.ARM.Collect$$rtexit$$00000000)
    .ARM.Collect$$rtexit$$00000002           0x08000184   Section        0  rtexit2.o(.ARM.Collect$$rtexit$$00000002)
    .ARM.Collect$$rtexit$$00000003           0x08000184   Section        4  rtexit2.o(.ARM.Collect$$rtexit$$00000003)
    .ARM.Collect$$rtexit$$00000004           0x08000188   Section        6  rtexit2.o(.ARM.Collect$$rtexit$$00000004)
    .emb_text                                0x08000190   Section       28  rtx_conf_cm.o(.emb_text)
    .emb_text                                0x080001ac   Section      304  hal_cm3.o(.emb_text)
    .text                                    0x080002dc   Section       56  startup_stm32f10x_md.o(.text)
    .text                                    0x08000314   Section        8  libspace.o(.text)
    .text                                    0x0800031c   Section        0  exit.o(.text)
    .text                                    0x0800032e   Section        0  heapauxi.o(.text)
    .text                                    0x08000334   Section        0  sys_exit.o(.text)
    .text                                    0x08000340   Section       74  sys_stackheap_outer.o(.text)
    .text                                    0x0800038a   Section        2  use_no_semi.o(.text)
    .text                                    0x0800038c   Section        0  indicate_semi.o(.text)
    SVC_TABLE                                0x0800038c   Section        4  svc_table.o(SVC_TABLE)
    i.Base_dispatch                          0x08000390   Section        0  basestate.o(i.Base_dispatch)
    i.Base_init                              0x080003c0   Section        0  basestate.o(i.Base_init)
    i.BusFault_Handler                       0x080003dc   Section        0  stm32f10x_it.o(i.BusFault_Handler)
    i.DMA1_Channel1_Event                    0x080003e0   Section        0  dma_stm32f10x.o(i.DMA1_Channel1_Event)
    i.DMA1_Channel1_IRQHandler               0x080003e4   Section        0  dma_stm32f10x.o(i.DMA1_Channel1_IRQHandler)
    i.DMA1_Channel2_Event                    0x08000400   Section        0  dma_stm32f10x.o(i.DMA1_Channel2_Event)
    i.DMA1_Channel2_IRQHandler               0x08000404   Section        0  dma_stm32f10x.o(i.DMA1_Channel2_IRQHandler)
    i.DMA1_Channel3_Event                    0x08000420   Section        0  dma_stm32f10x.o(i.DMA1_Channel3_Event)
    i.DMA1_Channel3_IRQHandler               0x08000424   Section        0  dma_stm32f10x.o(i.DMA1_Channel3_IRQHandler)
    i.DMA1_Channel4_Event                    0x08000440   Section        0  dma_stm32f10x.o(i.DMA1_Channel4_Event)
    i.DMA1_Channel4_IRQHandler               0x08000444   Section        0  dma_stm32f10x.o(i.DMA1_Channel4_IRQHandler)
    i.DMA1_Channel5_Event                    0x08000460   Section        0  dma_stm32f10x.o(i.DMA1_Channel5_Event)
    i.DMA1_Channel5_IRQHandler               0x08000464   Section        0  dma_stm32f10x.o(i.DMA1_Channel5_IRQHandler)
    i.DMA1_Channel6_Event                    0x08000480   Section        0  dma_stm32f10x.o(i.DMA1_Channel6_Event)
    i.DMA1_Channel6_IRQHandler               0x08000484   Section        0  dma_stm32f10x.o(i.DMA1_Channel6_IRQHandler)
    i.DMA1_Channel7_Event                    0x080004a0   Section        0  dma_stm32f10x.o(i.DMA1_Channel7_Event)
    i.DMA1_Channel7_IRQHandler               0x080004a4   Section        0  dma_stm32f10x.o(i.DMA1_Channel7_IRQHandler)
    i.DMA_Cmd                                0x080004c0   Section        0  stm32f10x_dma.o(i.DMA_Cmd)
    i.DMA_DeInit                             0x080004d8   Section        0  stm32f10x_dma.o(i.DMA_DeInit)
    i.DMA_GetFlagStatus                      0x08000624   Section        0  stm32f10x_dma.o(i.DMA_GetFlagStatus)
    i.DMA_Init                               0x08000650   Section        0  stm32f10x_dma.o(i.DMA_Init)
    i.DMA_Tx_Configuration                   0x0800068c   Section        0  dma.o(i.DMA_Tx_Configuration)
    i.DebugMon_Handler                       0x080006c8   Section        0  stm32f10x_it.o(i.DebugMon_Handler)
    i.EXTI0_IRQHandler                       0x080006cc   Section        0  stm32f10x_it.o(i.EXTI0_IRQHandler)
    i.EXTI1_IRQHandler                       0x08000708   Section        0  stm32f10x_it.o(i.EXTI1_IRQHandler)
    i.EXTI2_IRQHandler                       0x08000744   Section        0  stm32f10x_it.o(i.EXTI2_IRQHandler)
    i.EXTI3_IRQHandler                       0x08000774   Section        0  stm32f10x_it.o(i.EXTI3_IRQHandler)
    i.EXTI4_IRQHandler                       0x080007a4   Section        0  stm32f10x_it.o(i.EXTI4_IRQHandler)
    i.EXTI9_5_IRQHandler                     0x080007f4   Section        0  stm32f10x_it.o(i.EXTI9_5_IRQHandler)
    i.EXTI_ClearITPendingBit                 0x0800093c   Section        0  stm32f10x_exti.o(i.EXTI_ClearITPendingBit)
    i.EXTI_Configuration                     0x08000948   Section        0  exti.o(i.EXTI_Configuration)
    i.EXTI_GetITStatus                       0x080009f8   Section        0  stm32f10x_exti.o(i.EXTI_GetITStatus)
    i.EXTI_Init                              0x08000a20   Section        0  stm32f10x_exti.o(i.EXTI_Init)
    i.Elevator_costructor                    0x08000ab4   Section        0  elevatorstate.o(i.Elevator_costructor)
    i.Elevator_emergency                     0x08000af4   Section        0  elevatorstate.o(i.Elevator_emergency)
    i.Elevator_move                          0x08000ba0   Section        0  elevatorstate.o(i.Elevator_move)
    i.Elevator_ready                         0x08000c80   Section        0  elevatorstate.o(i.Elevator_ready)
    i.GPIO_Configuration                     0x08000d54   Section        0  gpio.o(i.GPIO_Configuration)
    i.GPIO_EXTILineConfig                    0x08000dac   Section        0  stm32f10x_gpio.o(i.GPIO_EXTILineConfig)
    i.GPIO_Init                              0x08000dec   Section        0  stm32f10x_gpio.o(i.GPIO_Init)
    i.GPIO_PinRemapConfig                    0x08000f04   Section        0  stm32f10x_gpio.o(i.GPIO_PinRemapConfig)
    i.GPIO_ReadInputDataBit                  0x08000f94   Section        0  stm32f10x_gpio.o(i.GPIO_ReadInputDataBit)
    i.HardFault_Handler                      0x08000fa6   Section        0  stm32f10x_it.o(i.HardFault_Handler)
    i.Init_MailQueue                         0x08000fac   Section        0  main.o(i.Init_MailQueue)
    i.MemManage_Handler                      0x08000fd0   Section        0  stm32f10x_it.o(i.MemManage_Handler)
    i.NMI_Handler                            0x08000fd4   Section        0  stm32f10x_it.o(i.NMI_Handler)
    i.NVIC_Init                              0x08000fd8   Section        0  misc.o(i.NVIC_Init)
    i.NVIC_PriorityGroupConfig               0x08001048   Section        0  misc.o(i.NVIC_PriorityGroupConfig)
    i.RCC_AHBPeriphClockCmd                  0x0800105c   Section        0  stm32f10x_rcc.o(i.RCC_AHBPeriphClockCmd)
    i.RCC_APB1PeriphClockCmd                 0x0800107c   Section        0  stm32f10x_rcc.o(i.RCC_APB1PeriphClockCmd)
    i.RCC_APB2PeriphClockCmd                 0x0800109c   Section        0  stm32f10x_rcc.o(i.RCC_APB2PeriphClockCmd)
    i.RCC_Configuration                      0x080010bc   Section        0  rcc.o(i.RCC_Configuration)
    i.RCC_GetClocksFreq                      0x080010e8   Section        0  stm32f10x_rcc.o(i.RCC_GetClocksFreq)
    i.SetSysClock                            0x080011bc   Section        0  system_stm32f10x.o(i.SetSysClock)
    SetSysClock                              0x080011bd   Thumb Code     8  system_stm32f10x.o(i.SetSysClock)
    i.SetSysClockTo72                        0x080011c4   Section        0  system_stm32f10x.o(i.SetSysClockTo72)
    SetSysClockTo72                          0x080011c5   Thumb Code   214  system_stm32f10x.o(i.SetSysClockTo72)
    i.SystemInit                             0x080012a4   Section        0  system_stm32f10x.o(i.SystemInit)
    i.UART_Configuration                     0x08001304   Section        0  uart_1.o(i.UART_Configuration)
    i.USART_Cmd                              0x0800135c   Section        0  stm32f10x_usart.o(i.USART_Cmd)
    i.USART_DMACmd                           0x08001374   Section        0  stm32f10x_usart.o(i.USART_DMACmd)
    i.USART_Init                             0x08001388   Section        0  stm32f10x_usart.o(i.USART_Init)
    i.UsageFault_Handler                     0x08001460   Section        0  stm32f10x_it.o(i.UsageFault_Handler)
    i._init_box                              0x08001464   Section        0  rt_membox.o(i._init_box)
    i._mutex_acquire                         0x080014ac   Section        0  rtx_conf_cm.o(i._mutex_acquire)
    __tagsym$$used                           0x080014ad   Number         0  rtx_conf_cm.o(i._mutex_acquire)
    i._mutex_release                         0x080014cc   Section        0  rtx_conf_cm.o(i._mutex_release)
    __tagsym$$used                           0x080014cd   Number         0  rtx_conf_cm.o(i._mutex_release)
    i.dbg_init                               0x080014e8   Section        0  hal_cm.o(i.dbg_init)
    i.dbg_task_notify                        0x08001518   Section        0  hal_cm.o(i.dbg_task_notify)
    i.dbg_task_switch                        0x08001538   Section        0  hal_cm.o(i.dbg_task_switch)
    i.isrMessageGet                          0x08001548   Section        0  rt_cmsis.o(i.isrMessageGet)
    i.isrMessagePut                          0x08001572   Section        0  rt_cmsis.o(i.isrMessagePut)
    i.isr_mbx_receive                        0x080015a0   Section        0  rt_mailbox.o(i.isr_mbx_receive)
    i.isr_mbx_send                           0x080015f6   Section        0  rt_mailbox.o(i.isr_mbx_send)
    i.main                                   0x08001604   Section        0  main.o(i.main)
    i.osKernelInitialize                     0x08001668   Section        0  rt_cmsis.o(i.osKernelInitialize)
    i.osKernelStart                          0x0800168c   Section        0  rt_cmsis.o(i.osKernelStart)
    i.osMailAlloc                            0x080016f8   Section        0  rt_cmsis.o(i.osMailAlloc)
    i.osMailCreate                           0x08001714   Section        0  rt_cmsis.o(i.osMailCreate)
    i.osMailFree                             0x08001740   Section        0  rt_cmsis.o(i.osMailFree)
    i.osMailGet                              0x0800175c   Section        0  rt_cmsis.o(i.osMailGet)
    i.osMailPut                              0x08001772   Section        0  rt_cmsis.o(i.osMailPut)
    i.osMessageGet                           0x08001788   Section        0  rt_cmsis.o(i.osMessageGet)
    i.osMessagePut                           0x080017a0   Section        0  rt_cmsis.o(i.osMessagePut)
    i.osThreadCreate                         0x080017b8   Section        0  rt_cmsis.o(i.osThreadCreate)
    i.osThreadExit                           0x080017e4   Section        0  rt_cmsis.o(i.osThreadExit)
    i.osTimerCall                            0x080017fc   Section        0  rt_cmsis.o(i.osTimerCall)
    i.osTimerThread                          0x08001808   Section        0  rt_cmsis.o(i.osTimerThread)
    i.os_error                               0x08001834   Section        0  rtx_conf_cm.o(i.os_error)
    i.os_idle_demon                          0x08001856   Section        0  rtx_conf_cm.o(i.os_idle_demon)
    i.os_tick_init                           0x0800185c   Section        0  rt_system.o(i.os_tick_init)
    i.os_tick_irqack                         0x08001884   Section        0  rt_system.o(i.os_tick_irqack)
    i.print                                  0x08001888   Section        0  uart_1.o(i.print)
    i.rt_alloc_box                           0x080018d0   Section        0  rt_membox.o(i.rt_alloc_box)
    i.rt_alloc_mem                           0x080018ea   Section        0  rt_memory.o(i.rt_alloc_mem)
    i.rt_block                               0x08001928   Section        0  rt_task.o(i.rt_block)
    i.rt_chk_robin                           0x08001960   Section        0  rt_robin.o(i.rt_chk_robin)
    i.rt_dec_dly                             0x080019a8   Section        0  rt_list.o(i.rt_dec_dly)
    i.rt_dispatch                            0x08001a18   Section        0  rt_task.o(i.rt_dispatch)
    i.rt_evt_psh                             0x08001a5c   Section        0  rt_event.o(i.rt_evt_psh)
    i.rt_free_box                            0x08001aac   Section        0  rt_membox.o(i.rt_free_box)
    i.rt_free_mem                            0x08001ad8   Section        0  rt_memory.o(i.rt_free_mem)
    i.rt_get_first                           0x08001b00   Section        0  rt_list.o(i.rt_get_first)
    i.rt_id2obj                              0x08001b28   Section        0  rt_cmsis.o(i.rt_id2obj)
    rt_id2obj                                0x08001b29   Thumb Code     8  rt_cmsis.o(i.rt_id2obj)
    i.rt_init_context                        0x08001b30   Section        0  rt_task.o(i.rt_init_context)
    rt_init_context                          0x08001b31   Thumb Code    66  rt_task.o(i.rt_init_context)
    i.rt_init_mem                            0x08001b78   Section        0  rt_memory.o(i.rt_init_mem)
    i.rt_init_robin                          0x08001b94   Section        0  rt_robin.o(i.rt_init_robin)
    i.rt_init_stack                          0x08001bac   Section        0  hal_cm.o(i.rt_init_stack)
    i.rt_mbx_check                           0x08001c2c   Section        0  rt_mailbox.o(i.rt_mbx_check)
    i.rt_mbx_init                            0x08001c34   Section        0  rt_mailbox.o(i.rt_mbx_init)
    i.rt_mbx_psh                             0x08001c50   Section        0  rt_mailbox.o(i.rt_mbx_psh)
    i.rt_mbx_send                            0x08001d40   Section        0  rt_mailbox.o(i.rt_mbx_send)
    i.rt_mbx_wait                            0x08001dd8   Section        0  rt_mailbox.o(i.rt_mbx_wait)
    i.rt_ms2tick                             0x08001e8c   Section        0  rt_cmsis.o(i.rt_ms2tick)
    rt_ms2tick                               0x08001e8d   Thumb Code    58  rt_cmsis.o(i.rt_ms2tick)
    i.rt_mut_release                         0x08001ed0   Section        0  rt_mutex.o(i.rt_mut_release)
    i.rt_mut_wait                            0x08001fa8   Section        0  rt_mutex.o(i.rt_mut_wait)
    i.rt_pop_req                             0x08002020   Section        0  rt_system.o(i.rt_pop_req)
    i.rt_psh_req                             0x0800209c   Section        0  rt_system.o(i.rt_psh_req)
    i.rt_psq_enq                             0x080020bc   Section        0  rt_list.o(i.rt_psq_enq)
    i.rt_put_dly                             0x08002118   Section        0  rt_list.o(i.rt_put_dly)
    i.rt_put_prio                            0x08002160   Section        0  rt_list.o(i.rt_put_prio)
    i.rt_put_rdy_first                       0x08002198   Section        0  rt_list.o(i.rt_put_rdy_first)
    i.rt_resort_prio                         0x080021ac   Section        0  rt_list.o(i.rt_resort_prio)
    i.rt_ret_val                             0x080021e0   Section        0  hal_cm.o(i.rt_ret_val)
    i.rt_ret_val2                            0x080021e6   Section        0  hal_cm.o(i.rt_ret_val2)
    i.rt_rmv_dly                             0x080021ee   Section        0  rt_list.o(i.rt_rmv_dly)
    i.rt_rmv_list                            0x08002218   Section        0  rt_list.o(i.rt_rmv_list)
    i.rt_sem_psh                             0x08002248   Section        0  rt_semaphore.o(i.rt_sem_psh)
    i.rt_stk_check                           0x0800227c   Section        0  rt_system.o(i.rt_stk_check)
    i.rt_switch_req                          0x080022a0   Section        0  rt_task.o(i.rt_switch_req)
    i.rt_sys_init                            0x080022c8   Section        0  rt_task.o(i.rt_sys_init)
    i.rt_sys_start                           0x08002394   Section        0  rt_task.o(i.rt_sys_start)
    i.rt_systick                             0x0800240c   Section        0  rt_system.o(i.rt_systick)
    i.rt_tid2ptcb                            0x0800244c   Section        0  rt_cmsis.o(i.rt_tid2ptcb)
    rt_tid2ptcb                              0x0800244d   Thumb Code    18  rt_cmsis.o(i.rt_tid2ptcb)
    i.rt_timer_insert                        0x08002460   Section        0  rt_cmsis.o(i.rt_timer_insert)
    rt_timer_insert                          0x08002461   Thumb Code    48  rt_cmsis.o(i.rt_timer_insert)
    i.rt_tsk_create                          0x08002494   Section        0  rt_task.o(i.rt_tsk_create)
    i.rt_tsk_delete                          0x0800251c   Section        0  rt_task.o(i.rt_tsk_delete)
    i.rt_tsk_prio                            0x08002698   Section        0  rt_task.o(i.rt_tsk_prio)
    i.rt_tsk_self                            0x08002714   Section        0  rt_task.o(i.rt_tsk_self)
    i.state_dispatch                         0x08002724   Section        0  main.o(i.state_dispatch)
    i.svcKernelInitialize                    0x08002768   Section        0  rt_cmsis.o(i.svcKernelInitialize)
    i.svcKernelStart                         0x080027d8   Section        0  rt_cmsis.o(i.svcKernelStart)
    i.svcMailCreate                          0x08002820   Section        0  rt_cmsis.o(i.svcMailCreate)
    i.svcMessageCreate                       0x08002862   Section        0  rt_cmsis.o(i.svcMessageCreate)
    i.svcMessageGet                          0x08002886   Section        0  rt_cmsis.o(i.svcMessageGet)
    i.svcMessagePut                          0x080028c0   Section        0  rt_cmsis.o(i.svcMessagePut)
    i.svcThreadCreate                        0x080028f8   Section        0  rt_cmsis.o(i.svcThreadCreate)
    i.svcThreadGetId                         0x08002964   Section        0  rt_cmsis.o(i.svcThreadGetId)
    i.svcThreadTerminate                     0x08002980   Section        0  rt_cmsis.o(i.svcThreadTerminate)
    i.svcTimerCall                           0x080029b8   Section        0  rt_cmsis.o(i.svcTimerCall)
    i.sysMailAlloc                           0x080029d0   Section        0  rt_cmsis.o(i.sysMailAlloc)
    i.sysMailFree                            0x08002a28   Section        0  rt_cmsis.o(i.sysMailFree)
    i.sysTimerTick                           0x08002a88   Section        0  rt_cmsis.o(i.sysTimerTick)
    .constdata                               0x08002ae4   Section       28  main.o(.constdata)
    .constdata                               0x08002b00   Section      104  rtx_conf_cm.o(.constdata)
    __tagsym$$used                           0x08002b1c   Number         0  rtx_conf_cm.o(.constdata)
    __tagsym$$used                           0x08002b20   Number         0  rtx_conf_cm.o(.constdata)
    __tagsym$$used                           0x08002b24   Number         0  rtx_conf_cm.o(.constdata)
    __tagsym$$used                           0x08002b28   Number         0  rtx_conf_cm.o(.constdata)
    .data                                    0x20000000   Section       16  main.o(.data)
    .data                                    0x20000010   Section        2  basestate.o(.data)
    .data                                    0x20000014   Section       20  rtx_conf_cm.o(.data)
    nr_mutex                                 0x20000024   Data           4  rtx_conf_cm.o(.data)
    .data                                    0x20000028   Section       20  stm32f10x_rcc.o(.data)
    APBAHBPrescTable                         0x20000028   Data          16  stm32f10x_rcc.o(.data)
    ADCPrescTable                            0x20000038   Data           4  stm32f10x_rcc.o(.data)
    .data                                    0x2000003c   Section        8  rt_cmsis.o(.data)
    .data                                    0x20000044   Section        8  rt_task.o(.data)
    .data                                    0x2000004c   Section        8  rt_system.o(.data)
    os_lock                                  0x2000004c   Data           1  rt_system.o(.data)
    os_psh_flag                              0x2000004d   Data           1  rt_system.o(.data)
    pend_flags                               0x2000004e   Data           1  rt_system.o(.data)
    .data                                    0x20000054   Section        4  rt_time.o(.data)
    .data                                    0x20000058   Section        8  rt_robin.o(.data)
    .data                                    0x20000060   Section        1  hal_cm.o(.data)
    .bss                                     0x20000064   Section       80  main.o(.bss)
    me                                       0x20000064   Data          12  main.o(.bss)
    .bss                                     0x200000b4   Section       16  uart_1.o(.bss)
    .bss                                     0x200000c8   Section     3016  rtx_conf_cm.o(.bss)
    std_libspace                             0x20000970   Data         672  rtx_conf_cm.o(.bss)
    std_libmutex                             0x20000c10   Data         128  rtx_conf_cm.o(.bss)
    .bss                                     0x20000c90   Section       52  rt_task.o(.bss)
    .bss                                     0x20000cc4   Section       48  rt_list.o(.bss)
    .bss                                     0x20000cf4   Section       96  libspace.o(.bss)
    HEAP                                     0x20000d58   Section      512  startup_stm32f10x_md.o(HEAP)
    Heap_Mem                                 0x20000d58   Data         512  startup_stm32f10x_md.o(HEAP)
    STACK                                    0x20000f58   Section     1024  startup_stm32f10x_md.o(STACK)
    Stack_Mem                                0x20000f58   Data        1024  startup_stm32f10x_md.o(STACK)
    __initial_sp                             0x20001358   Data           0  startup_stm32f10x_md.o(STACK)

    Global Symbols

    Symbol Name                              Value     Ov Type        Size  Object(Section)

    BuildAttributes$$THM_ISAv4$P$D$K$B$S$PE$A:L22UL41UL21$X:L11$S22US41US21$IEEE1$IW$USESV6$~STKCKD$USESV7$~SHL$OSPACE$ROPI$EBA8$UX$STANDARDLIB$REQ8$PRES8$EABIv2 0x00000000   Number         0  anon$$obj.o ABSOLUTE
    __ARM_use_no_argv                        0x00000000   Number         0  main.o ABSOLUTE
    _printf_flags                            0x00000000   Number         0  printf_stubs.o ABSOLUTE
    _printf_return_value                     0x00000000   Number         0  printf_stubs.o ABSOLUTE
    _printf_sizespec                         0x00000000   Number         0  printf_stubs.o ABSOLUTE
    _printf_widthprec                        0x00000000   Number         0  printf_stubs.o ABSOLUTE
    __ARM_exceptions_init                     - Undefined Weak Reference
    __alloca_initialize                       - Undefined Weak Reference
    __arm_preinit_                            - Undefined Weak Reference
    __cpp_initialize__aeabi_                  - Undefined Weak Reference
    __cxa_finalize                            - Undefined Weak Reference
    __rt_locale                               - Undefined Weak Reference
    __sigvec_lookup                           - Undefined Weak Reference
    _atexit_init                              - Undefined Weak Reference
    _call_atexit_fns                          - Undefined Weak Reference
    _clock_init                               - Undefined Weak Reference
    _fp_trap_init                             - Undefined Weak Reference
    _fp_trap_shutdown                         - Undefined Weak Reference
    _get_lc_collate                           - Undefined Weak Reference
    _get_lc_ctype                             - Undefined Weak Reference
    _get_lc_monetary                          - Undefined Weak Reference
    _get_lc_numeric                           - Undefined Weak Reference
    _get_lc_time                              - Undefined Weak Reference
    _getenv_init                              - Undefined Weak Reference
    _handle_redirection                       - Undefined Weak Reference
    _init_alloc                               - Undefined Weak Reference
    _init_user_alloc                          - Undefined Weak Reference
    _initio                                   - Undefined Weak Reference
    _printf_post_padding                      - Undefined Weak Reference
    _printf_pre_padding                       - Undefined Weak Reference
    _printf_truncate_signed                   - Undefined Weak Reference
    _printf_truncate_unsigned                 - Undefined Weak Reference
    _rand_init                                - Undefined Weak Reference
    _signal_finish                            - Undefined Weak Reference
    _signal_init                              - Undefined Weak Reference
    _terminate_alloc                          - Undefined Weak Reference
    _terminate_user_alloc                     - Undefined Weak Reference
    _terminateio                              - Undefined Weak Reference
    __Vectors_Size                           0x000000ec   Number         0  startup_stm32f10x_md.o ABSOLUTE
    __RL_RTX_VER                             0x00000482   Number         0  rt_system.o ABSOLUTE
    __Vectors                                0x08000000   Data           4  startup_stm32f10x_md.o(RESET)
    __Vectors_End                            0x080000ec   Data           0  startup_stm32f10x_md.o(RESET)
    __main                                   0x080000ed   Thumb Code     8  __main.o(!!!main)
    __scatterload                            0x080000f5   Thumb Code     0  __scatter.o(!!!scatter)
    __scatterload_rt2                        0x080000f5   Thumb Code    44  __scatter.o(!!!scatter)
    __scatterload_rt2_thumb_only             0x080000f5   Thumb Code     0  __scatter.o(!!!scatter)
    __scatterload_null                       0x08000103   Thumb Code     0  __scatter.o(!!!scatter)
    __scatterload_copy                       0x08000129   Thumb Code    26  __scatter_copy.o(!!handler_copy)
    __scatterload_zeroinit                   0x08000145   Thumb Code    28  __scatter_zi.o(!!handler_zi)
    __rt_lib_init                            0x08000161   Thumb Code     0  libinit.o(.ARM.Collect$$libinit$$00000000)
    __rt_lib_init_alloca_1                   0x08000163   Thumb Code     0  libinit2.o(.ARM.Collect$$libinit$$0000002E)
    __rt_lib_init_argv_1                     0x08000163   Thumb Code     0  libinit2.o(.ARM.Collect$$libinit$$0000002C)
    __rt_lib_init_atexit_1                   0x08000163   Thumb Code     0  libinit2.o(.ARM.Collect$$libinit$$0000001B)
    __rt_lib_init_clock_1                    0x08000163   Thumb Code     0  libinit2.o(.ARM.Collect$$libinit$$00000021)
    __rt_lib_init_cpp_1                      0x08000163   Thumb Code     0  libinit2.o(.ARM.Collect$$libinit$$00000032)
    __rt_lib_init_exceptions_1               0x08000163   Thumb Code     0  libinit2.o(.ARM.Collect$$libinit$$00000030)
    __rt_lib_init_fp_1                       0x08000163   Thumb Code     0  libinit2.o(.ARM.Collect$$libinit$$00000002)
    __rt_lib_init_fp_trap_1                  0x08000163   Thumb Code     0  libinit2.o(.ARM.Collect$$libinit$$0000001F)
    __rt_lib_init_getenv_1                   0x08000163   Thumb Code     0  libinit2.o(.ARM.Collect$$libinit$$00000023)
    __rt_lib_init_heap_1                     0x08000163   Thumb Code     0  libinit2.o(.ARM.Collect$$libinit$$0000000A)
    __rt_lib_init_lc_collate_1               0x08000163   Thumb Code     0  libinit2.o(.ARM.Collect$$libinit$$00000011)
    __rt_lib_init_lc_ctype_1                 0x08000163   Thumb Code     0  libinit2.o(.ARM.Collect$$libinit$$00000013)
    __rt_lib_init_lc_monetary_1              0x08000163   Thumb Code     0  libinit2.o(.ARM.Collect$$libinit$$00000015)
    __rt_lib_init_lc_numeric_1               0x08000163   Thumb Code     0  libinit2.o(.ARM.Collect$$libinit$$00000017)
    __rt_lib_init_lc_time_1                  0x08000163   Thumb Code     0  libinit2.o(.ARM.Collect$$libinit$$00000019)
    __rt_lib_init_preinit_1                  0x08000163   Thumb Code     0  libinit2.o(.ARM.Collect$$libinit$$00000004)
    __rt_lib_init_rand_1                     0x08000163   Thumb Code     0  libinit2.o(.ARM.Collect$$libinit$$0000000E)
    __rt_lib_init_return                     0x08000163   Thumb Code     0  libinit2.o(.ARM.Collect$$libinit$$00000033)
    __rt_lib_init_signal_1                   0x08000163   Thumb Code     0  libinit2.o(.ARM.Collect$$libinit$$0000001D)
    __rt_lib_init_stdio_1                    0x08000163   Thumb Code     0  libinit2.o(.ARM.Collect$$libinit$$00000025)
    __rt_lib_init_user_alloc_1               0x08000163   Thumb Code     0  libinit2.o(.ARM.Collect$$libinit$$0000000C)
    __rt_lib_shutdown                        0x08000165   Thumb Code     0  libshutdown.o(.ARM.Collect$$libshutdown$$00000000)
    __rt_lib_shutdown_cpp_1                  0x08000167   Thumb Code     0  libshutdown2.o(.ARM.Collect$$libshutdown$$00000002)
    __rt_lib_shutdown_fp_trap_1              0x08000167   Thumb Code     0  libshutdown2.o(.ARM.Collect$$libshutdown$$00000007)
    __rt_lib_shutdown_heap_1                 0x08000167   Thumb Code     0  libshutdown2.o(.ARM.Collect$$libshutdown$$0000000F)
    __rt_lib_shutdown_return                 0x08000167   Thumb Code     0  libshutdown2.o(.ARM.Collect$$libshutdown$$00000010)
    __rt_lib_shutdown_signal_1               0x08000167   Thumb Code     0  libshutdown2.o(.ARM.Collect$$libshutdown$$0000000A)
    __rt_lib_shutdown_stdio_1                0x08000167   Thumb Code     0  libshutdown2.o(.ARM.Collect$$libshutdown$$00000004)
    __rt_lib_shutdown_user_alloc_1           0x08000167   Thumb Code     0  libshutdown2.o(.ARM.Collect$$libshutdown$$0000000C)
    __rt_entry                               0x08000169   Thumb Code     0  __rtentry.o(.ARM.Collect$$rtentry$$00000000)
    __rt_entry_presh_1                       0x08000169   Thumb Code     0  __rtentry2.o(.ARM.Collect$$rtentry$$00000002)
    __rt_entry_sh                            0x08000169   Thumb Code     0  __rtentry4.o(.ARM.Collect$$rtentry$$00000004)
    __rt_entry_li                            0x0800016f   Thumb Code     0  __rtentry2.o(.ARM.Collect$$rtentry$$0000000A)
    __rt_entry_postsh_1                      0x0800016f   Thumb Code     0  __rtentry2.o(.ARM.Collect$$rtentry$$00000009)
    __rt_entry_postli_1                      0x08000173   Thumb Code     0  __rtentry2.o(.ARM.Collect$$rtentry$$0000000B)
    __rt_entry_main                          0x0800017b   Thumb Code     0  __rtentry2.o(.ARM.Collect$$rtentry$$0000000D)
    __rt_exit                                0x08000183   Thumb Code     0  rtexit.o(.ARM.Collect$$rtexit$$00000000)
    __rt_exit_ls                             0x08000185   Thumb Code     0  rtexit2.o(.ARM.Collect$$rtexit$$00000003)
    __rt_exit_prels_1                        0x08000185   Thumb Code     0  rtexit2.o(.ARM.Collect$$rtexit$$00000002)
    __rt_exit_exit                           0x08000189   Thumb Code     0  rtexit2.o(.ARM.Collect$$rtexit$$00000004)
    _platform_post_lib_init                  0x08000191   Thumb Code    24  rtx_conf_cm.o(.emb_text)
    rt_set_PSP                               0x080001ad   Thumb Code     6  hal_cm3.o(.emb_text)
    rt_get_PSP                               0x080001b3   Thumb Code     6  hal_cm3.o(.emb_text)
    os_set_env                               0x080001b9   Thumb Code    24  hal_cm3.o(.emb_text)
    _alloc_box                               0x080001d5   Thumb Code    28  hal_cm3.o(.emb_text)
    _free_box                                0x080001f5   Thumb Code    28  hal_cm3.o(.emb_text)
    SVC_Handler                              0x08000215   Thumb Code   108  hal_cm3.o(.emb_text)
    PendSV_Handler                           0x0800028d   Thumb Code    56  hal_cm3.o(.emb_text)
    SysTick_Handler                          0x080002c9   Thumb Code     8  hal_cm3.o(.emb_text)
    OS_Tick_Handler                          0x080002d1   Thumb Code    12  hal_cm3.o(.emb_text)
    Reset_Handler                            0x080002dd   Thumb Code     4  startup_stm32f10x_md.o(.text)
    ADC1_2_IRQHandler                        0x080002f3   Thumb Code     0  startup_stm32f10x_md.o(.text)
    CAN1_RX1_IRQHandler                      0x080002f3   Thumb Code     0  startup_stm32f10x_md.o(.text)
    CAN1_SCE_IRQHandler                      0x080002f3   Thumb Code     0  startup_stm32f10x_md.o(.text)
    EXTI15_10_IRQHandler                     0x080002f3   Thumb Code     0  startup_stm32f10x_md.o(.text)
    FLASH_IRQHandler                         0x080002f3   Thumb Code     0  startup_stm32f10x_md.o(.text)
    I2C1_ER_IRQHandler                       0x080002f3   Thumb Code     0  startup_stm32f10x_md.o(.text)
    I2C1_EV_IRQHandler                       0x080002f3   Thumb Code     0  startup_stm32f10x_md.o(.text)
    I2C2_ER_IRQHandler                       0x080002f3   Thumb Code     0  startup_stm32f10x_md.o(.text)
    I2C2_EV_IRQHandler                       0x080002f3   Thumb Code     0  startup_stm32f10x_md.o(.text)
    PVD_IRQHandler                           0x080002f3   Thumb Code     0  startup_stm32f10x_md.o(.text)
    RCC_IRQHandler                           0x080002f3   Thumb Code     0  startup_stm32f10x_md.o(.text)
    RTCAlarm_IRQHandler                      0x080002f3   Thumb Code     0  startup_stm32f10x_md.o(.text)
    RTC_IRQHandler                           0x080002f3   Thumb Code     0  startup_stm32f10x_md.o(.text)
    SPI1_IRQHandler                          0x080002f3   Thumb Code     0  startup_stm32f10x_md.o(.text)
    SPI2_IRQHandler                          0x080002f3   Thumb Code     0  startup_stm32f10x_md.o(.text)
    TAMPER_IRQHandler                        0x080002f3   Thumb Code     0  startup_stm32f10x_md.o(.text)
    TIM1_BRK_IRQHandler                      0x080002f3   Thumb Code     0  startup_stm32f10x_md.o(.text)
    TIM1_CC_IRQHandler                       0x080002f3   Thumb Code     0  startup_stm32f10x_md.o(.text)
    TIM1_TRG_COM_IRQHandler                  0x080002f3   Thumb Code     0  startup_stm32f10x_md.o(.text)
    TIM1_UP_IRQHandler                       0x080002f3   Thumb Code     0  startup_stm32f10x_md.o(.text)
    TIM2_IRQHandler                          0x080002f3   Thumb Code     0  startup_stm32f10x_md.o(.text)
    TIM3_IRQHandler                          0x080002f3   Thumb Code     0  startup_stm32f10x_md.o(.text)
    TIM4_IRQHandler                          0x080002f3   Thumb Code     0  startup_stm32f10x_md.o(.text)
    USART1_IRQHandler                        0x080002f3   Thumb Code     0  startup_stm32f10x_md.o(.text)
    USART2_IRQHandler                        0x080002f3   Thumb Code     0  startup_stm32f10x_md.o(.text)
    USART3_IRQHandler                        0x080002f3   Thumb Code     0  startup_stm32f10x_md.o(.text)
    USBWakeUp_IRQHandler                     0x080002f3   Thumb Code     0  startup_stm32f10x_md.o(.text)
    USB_HP_CAN1_TX_IRQHandler                0x080002f3   Thumb Code     0  startup_stm32f10x_md.o(.text)
    USB_LP_CAN1_RX0_IRQHandler               0x080002f3   Thumb Code     0  startup_stm32f10x_md.o(.text)
    WWDG_IRQHandler                          0x080002f3   Thumb Code     0  startup_stm32f10x_md.o(.text)
    __user_initial_stackheap                 0x080002f5   Thumb Code     0  startup_stm32f10x_md.o(.text)
    __user_libspace                          0x08000315   Thumb Code     8  libspace.o(.text)
    __user_perproc_libspace                  0x08000315   Thumb Code     0  libspace.o(.text)
    exit                                     0x0800031d   Thumb Code    18  exit.o(.text)
    __use_two_region_memory                  0x0800032f   Thumb Code     2  heapauxi.o(.text)
    __rt_heap_escrow$2region                 0x08000331   Thumb Code     2  heapauxi.o(.text)
    __rt_heap_expand$2region                 0x08000333   Thumb Code     2  heapauxi.o(.text)
    _sys_exit                                0x08000335   Thumb Code     8  sys_exit.o(.text)
    __user_setup_stackheap                   0x08000341   Thumb Code    74  sys_stackheap_outer.o(.text)
    __I$use$semihosting                      0x0800038b   Thumb Code     0  use_no_semi.o(.text)
    __use_no_semihosting_swi                 0x0800038b   Thumb Code     2  use_no_semi.o(.text)
    SVC_Count                                0x0800038c   Data           4  svc_table.o(SVC_TABLE)
    __semihosting_library_function           0x0800038d   Thumb Code     0  indicate_semi.o(.text)
    Base_dispatch                            0x08000391   Thumb Code    40  basestate.o(i.Base_dispatch)
    SVC_Table                                0x08000390   Data           0  svc_table.o(SVC_TABLE)
    Base_init                                0x080003c1   Thumb Code    24  basestate.o(i.Base_init)
    BusFault_Handler                         0x080003dd   Thumb Code     4  stm32f10x_it.o(i.BusFault_Handler)
    DMA1_Channel1_Event                      0x080003e1   Thumb Code     2  dma_stm32f10x.o(i.DMA1_Channel1_Event)
    DMA1_Channel1_IRQHandler                 0x080003e5   Thumb Code    22  dma_stm32f10x.o(i.DMA1_Channel1_IRQHandler)
    DMA1_Channel2_Event                      0x08000401   Thumb Code     2  dma_stm32f10x.o(i.DMA1_Channel2_Event)
    DMA1_Channel2_IRQHandler                 0x08000405   Thumb Code    24  dma_stm32f10x.o(i.DMA1_Channel2_IRQHandler)
    DMA1_Channel3_Event                      0x08000421   Thumb Code     2  dma_stm32f10x.o(i.DMA1_Channel3_Event)
    DMA1_Channel3_IRQHandler                 0x08000425   Thumb Code    24  dma_stm32f10x.o(i.DMA1_Channel3_IRQHandler)
    DMA1_Channel4_Event                      0x08000441   Thumb Code     2  dma_stm32f10x.o(i.DMA1_Channel4_Event)
    DMA1_Channel4_IRQHandler                 0x08000445   Thumb Code    24  dma_stm32f10x.o(i.DMA1_Channel4_IRQHandler)
    DMA1_Channel5_Event                      0x08000461   Thumb Code     2  dma_stm32f10x.o(i.DMA1_Channel5_Event)
    DMA1_Channel5_IRQHandler                 0x08000465   Thumb Code    24  dma_stm32f10x.o(i.DMA1_Channel5_IRQHandler)
    DMA1_Channel6_Event                      0x08000481   Thumb Code     2  dma_stm32f10x.o(i.DMA1_Channel6_Event)
    DMA1_Channel6_IRQHandler                 0x08000485   Thumb Code    24  dma_stm32f10x.o(i.DMA1_Channel6_IRQHandler)
    DMA1_Channel7_Event                      0x080004a1   Thumb Code     2  dma_stm32f10x.o(i.DMA1_Channel7_Event)
    DMA1_Channel7_IRQHandler                 0x080004a5   Thumb Code    24  dma_stm32f10x.o(i.DMA1_Channel7_IRQHandler)
    DMA_Cmd                                  0x080004c1   Thumb Code    24  stm32f10x_dma.o(i.DMA_Cmd)
    DMA_DeInit                               0x080004d9   Thumb Code   324  stm32f10x_dma.o(i.DMA_DeInit)
    DMA_GetFlagStatus                        0x08000625   Thumb Code    36  stm32f10x_dma.o(i.DMA_GetFlagStatus)
    DMA_Init                                 0x08000651   Thumb Code    60  stm32f10x_dma.o(i.DMA_Init)
    DMA_Tx_Configuration                     0x0800068d   Thumb Code    52  dma.o(i.DMA_Tx_Configuration)
    DebugMon_Handler                         0x080006c9   Thumb Code     2  stm32f10x_it.o(i.DebugMon_Handler)
    EXTI0_IRQHandler                         0x080006cd   Thumb Code    54  stm32f10x_it.o(i.EXTI0_IRQHandler)
    EXTI1_IRQHandler                         0x08000709   Thumb Code    54  stm32f10x_it.o(i.EXTI1_IRQHandler)
    EXTI2_IRQHandler                         0x08000745   Thumb Code    44  stm32f10x_it.o(i.EXTI2_IRQHandler)
    EXTI3_IRQHandler                         0x08000775   Thumb Code    44  stm32f10x_it.o(i.EXTI3_IRQHandler)
    EXTI4_IRQHandler                         0x080007a5   Thumb Code    70  stm32f10x_it.o(i.EXTI4_IRQHandler)
    EXTI9_5_IRQHandler                       0x080007f5   Thumb Code   320  stm32f10x_it.o(i.EXTI9_5_IRQHandler)
    EXTI_ClearITPendingBit                   0x0800093d   Thumb Code     6  stm32f10x_exti.o(i.EXTI_ClearITPendingBit)
    EXTI_Configuration                       0x08000949   Thumb Code   174  exti.o(i.EXTI_Configuration)
    EXTI_GetITStatus                         0x080009f9   Thumb Code    34  stm32f10x_exti.o(i.EXTI_GetITStatus)
    EXTI_Init                                0x08000a21   Thumb Code   142  stm32f10x_exti.o(i.EXTI_Init)
    Elevator_costructor                      0x08000ab5   Thumb Code    50  elevatorstate.o(i.Elevator_costructor)
    Elevator_emergency                       0x08000af5   Thumb Code   164  elevatorstate.o(i.Elevator_emergency)
    Elevator_move                            0x08000ba1   Thumb Code   216  elevatorstate.o(i.Elevator_move)
    Elevator_ready                           0x08000c81   Thumb Code   204  elevatorstate.o(i.Elevator_ready)
    GPIO_Configuration                       0x08000d55   Thumb Code    80  gpio.o(i.GPIO_Configuration)
    GPIO_EXTILineConfig                      0x08000dad   Thumb Code    60  stm32f10x_gpio.o(i.GPIO_EXTILineConfig)
    GPIO_Init                                0x08000ded   Thumb Code   278  stm32f10x_gpio.o(i.GPIO_Init)
    GPIO_PinRemapConfig                      0x08000f05   Thumb Code   138  stm32f10x_gpio.o(i.GPIO_PinRemapConfig)
    GPIO_ReadInputDataBit                    0x08000f95   Thumb Code    18  stm32f10x_gpio.o(i.GPIO_ReadInputDataBit)
    HardFault_Handler                        0x08000fa7   Thumb Code     4  stm32f10x_it.o(i.HardFault_Handler)
    Init_MailQueue                           0x08000fad   Thumb Code    28  main.o(i.Init_MailQueue)
    MemManage_Handler                        0x08000fd1   Thumb Code     4  stm32f10x_it.o(i.MemManage_Handler)
    NMI_Handler                              0x08000fd5   Thumb Code     2  stm32f10x_it.o(i.NMI_Handler)
    NVIC_Init                                0x08000fd9   Thumb Code   100  misc.o(i.NVIC_Init)
    NVIC_PriorityGroupConfig                 0x08001049   Thumb Code    10  misc.o(i.NVIC_PriorityGroupConfig)
    RCC_AHBPeriphClockCmd                    0x0800105d   Thumb Code    26  stm32f10x_rcc.o(i.RCC_AHBPeriphClockCmd)
    RCC_APB1PeriphClockCmd                   0x0800107d   Thumb Code    26  stm32f10x_rcc.o(i.RCC_APB1PeriphClockCmd)
    RCC_APB2PeriphClockCmd                   0x0800109d   Thumb Code    26  stm32f10x_rcc.o(i.RCC_APB2PeriphClockCmd)
    RCC_Configuration                        0x080010bd   Thumb Code    44  rcc.o(i.RCC_Configuration)
    RCC_GetClocksFreq                        0x080010e9   Thumb Code   192  stm32f10x_rcc.o(i.RCC_GetClocksFreq)
    SystemInit                               0x080012a5   Thumb Code    78  system_stm32f10x.o(i.SystemInit)
    UART_Configuration                       0x08001305   Thumb Code    74  uart_1.o(i.UART_Configuration)
    USART_Cmd                                0x0800135d   Thumb Code    24  stm32f10x_usart.o(i.USART_Cmd)
    USART_DMACmd                             0x08001375   Thumb Code    18  stm32f10x_usart.o(i.USART_DMACmd)
    USART_Init                               0x08001389   Thumb Code   210  stm32f10x_usart.o(i.USART_Init)
    UsageFault_Handler                       0x08001461   Thumb Code     4  stm32f10x_it.o(i.UsageFault_Handler)
    _init_box                                0x08001465   Thumb Code    70  rt_membox.o(i._init_box)
    _mutex_acquire                           0x080014ad   Thumb Code    22  rtx_conf_cm.o(i._mutex_acquire)
    _mutex_release                           0x080014cd   Thumb Code    18  rtx_conf_cm.o(i._mutex_release)
    dbg_init                                 0x080014e9   Thumb Code    34  hal_cm.o(i.dbg_init)
    dbg_task_notify                          0x08001519   Thumb Code    32  hal_cm.o(i.dbg_task_notify)
    dbg_task_switch                          0x08001539   Thumb Code    16  hal_cm.o(i.dbg_task_switch)
    isrMessageGet                            0x08001549   Thumb Code    42  rt_cmsis.o(i.isrMessageGet)
    isrMessagePut                            0x08001573   Thumb Code    44  rt_cmsis.o(i.isrMessagePut)
    isr_mbx_receive                          0x080015a1   Thumb Code    86  rt_mailbox.o(i.isr_mbx_receive)
    isr_mbx_send                             0x080015f7   Thumb Code    14  rt_mailbox.o(i.isr_mbx_send)
    main                                     0x08001605   Thumb Code    76  main.o(i.main)
    osKernelInitialize                       0x08001669   Thumb Code    30  rt_cmsis.o(i.osKernelInitialize)
    osKernelStart                            0x0800168d   Thumb Code    98  rt_cmsis.o(i.osKernelStart)
    osMailAlloc                              0x080016f9   Thumb Code    22  rt_cmsis.o(i.osMailAlloc)
    osMailCreate                             0x08001715   Thumb Code    36  rt_cmsis.o(i.osMailCreate)
    osMailFree                               0x08001741   Thumb Code    22  rt_cmsis.o(i.osMailFree)
    osMailGet                                0x0800175d   Thumb Code    22  rt_cmsis.o(i.osMailGet)
    osMailPut                                0x08001773   Thumb Code    20  rt_cmsis.o(i.osMailPut)
    osMessageGet                             0x08001789   Thumb Code    18  rt_cmsis.o(i.osMessageGet)
    osMessagePut                             0x080017a1   Thumb Code    18  rt_cmsis.o(i.osMessagePut)
    osThreadCreate                           0x080017b9   Thumb Code    36  rt_cmsis.o(i.osThreadCreate)
    osThreadExit                             0x080017e5   Thumb Code    14  rt_cmsis.o(i.osThreadExit)
    osTimerCall                              0x080017fd   Thumb Code     8  rt_cmsis.o(i.osTimerCall)
    osTimerThread                            0x08001809   Thumb Code    38  rt_cmsis.o(i.osTimerThread)
    os_error                                 0x08001835   Thumb Code    34  rtx_conf_cm.o(i.os_error)
    os_idle_demon                            0x08001857   Thumb Code     4  rtx_conf_cm.o(i.os_idle_demon)
    os_tick_init                             0x0800185d   Thumb Code    32  rt_system.o(i.os_tick_init)
    os_tick_irqack                           0x08001885   Thumb Code     2  rt_system.o(i.os_tick_irqack)
    print                                    0x08001889   Thumb Code    62  uart_1.o(i.print)
    rt_alloc_box                             0x080018d1   Thumb Code    26  rt_membox.o(i.rt_alloc_box)
    rt_alloc_mem                             0x080018eb   Thumb Code    62  rt_memory.o(i.rt_alloc_mem)
    rt_block                                 0x08001929   Thumb Code    48  rt_task.o(i.rt_block)
    rt_chk_robin                             0x08001961   Thumb Code    60  rt_robin.o(i.rt_chk_robin)
    rt_dec_dly                               0x080019a9   Thumb Code   102  rt_list.o(i.rt_dec_dly)
    rt_dispatch                              0x08001a19   Thumb Code    60  rt_task.o(i.rt_dispatch)
    rt_evt_psh                               0x08001a5d   Thumb Code    76  rt_event.o(i.rt_evt_psh)
    rt_free_box                              0x08001aad   Thumb Code    44  rt_membox.o(i.rt_free_box)
    rt_free_mem                              0x08001ad9   Thumb Code    40  rt_memory.o(i.rt_free_mem)
    rt_get_first                             0x08001b01   Thumb Code    40  rt_list.o(i.rt_get_first)
    rt_init_mem                              0x08001b79   Thumb Code    26  rt_memory.o(i.rt_init_mem)
    rt_init_robin                            0x08001b95   Thumb Code    14  rt_robin.o(i.rt_init_robin)
    rt_init_stack                            0x08001bad   Thumb Code   118  hal_cm.o(i.rt_init_stack)
    rt_mbx_check                             0x08001c2d   Thumb Code     8  rt_mailbox.o(i.rt_mbx_check)
    rt_mbx_init                              0x08001c35   Thumb Code    26  rt_mailbox.o(i.rt_mbx_init)
    rt_mbx_psh                               0x08001c51   Thumb Code   236  rt_mailbox.o(i.rt_mbx_psh)
    rt_mbx_send                              0x08001d41   Thumb Code   148  rt_mailbox.o(i.rt_mbx_send)
    rt_mbx_wait                              0x08001dd9   Thumb Code   174  rt_mailbox.o(i.rt_mbx_wait)
    rt_mut_release                           0x08001ed1   Thumb Code   208  rt_mutex.o(i.rt_mut_release)
    rt_mut_wait                              0x08001fa9   Thumb Code   114  rt_mutex.o(i.rt_mut_wait)
    rt_pop_req                               0x08002021   Thumb Code   112  rt_system.o(i.rt_pop_req)
    rt_psh_req                               0x0800209d   Thumb Code    22  rt_system.o(i.rt_psh_req)
    rt_psq_enq                               0x080020bd   Thumb Code    88  rt_list.o(i.rt_psq_enq)
    rt_put_dly                               0x08002119   Thumb Code    68  rt_list.o(i.rt_put_dly)
    rt_put_prio                              0x08002161   Thumb Code    54  rt_list.o(i.rt_put_prio)
    rt_put_rdy_first                         0x08002199   Thumb Code    14  rt_list.o(i.rt_put_rdy_first)
    rt_resort_prio                           0x080021ad   Thumb Code    46  rt_list.o(i.rt_resort_prio)
    rt_ret_val                               0x080021e1   Thumb Code     6  hal_cm.o(i.rt_ret_val)
    rt_ret_val2                              0x080021e7   Thumb Code     8  hal_cm.o(i.rt_ret_val2)
    rt_rmv_dly                               0x080021ef   Thumb Code    40  rt_list.o(i.rt_rmv_dly)
    rt_rmv_list                              0x08002219   Thumb Code    44  rt_list.o(i.rt_rmv_list)
    rt_sem_psh                               0x08002249   Thumb Code    48  rt_semaphore.o(i.rt_sem_psh)
    rt_stk_check                             0x0800227d   Thumb Code    28  rt_system.o(i.rt_stk_check)
    rt_switch_req                            0x080022a1   Thumb Code    30  rt_task.o(i.rt_switch_req)
    rt_sys_init                              0x080022c9   Thumb Code   138  rt_task.o(i.rt_sys_init)
    rt_sys_start                             0x08002395   Thumb Code   110  rt_task.o(i.rt_sys_start)
    rt_systick                               0x0800240d   Thumb Code    50  rt_system.o(i.rt_systick)
    rt_tsk_create                            0x08002495   Thumb Code   118  rt_task.o(i.rt_tsk_create)
    rt_tsk_delete                            0x0800251d   Thumb Code   352  rt_task.o(i.rt_tsk_delete)
    rt_tsk_prio                              0x08002699   Thumb Code   108  rt_task.o(i.rt_tsk_prio)
    rt_tsk_self                              0x08002715   Thumb Code    12  rt_task.o(i.rt_tsk_self)
    state_dispatch                           0x08002725   Thumb Code    60  main.o(i.state_dispatch)
    svcKernelInitialize                      0x08002769   Thumb Code    80  rt_cmsis.o(i.svcKernelInitialize)
    svcKernelStart                           0x080027d9   Thumb Code    62  rt_cmsis.o(i.svcKernelStart)
    svcMailCreate                            0x08002821   Thumb Code    66  rt_cmsis.o(i.svcMailCreate)
    svcMessageCreate                         0x08002863   Thumb Code    36  rt_cmsis.o(i.svcMessageCreate)
    svcMessageGet                            0x08002887   Thumb Code    58  rt_cmsis.o(i.svcMessageGet)
    svcMessagePut                            0x080028c1   Thumb Code    54  rt_cmsis.o(i.svcMessagePut)
    svcThreadCreate                          0x080028f9   Thumb Code    96  rt_cmsis.o(i.svcThreadCreate)
    svcThreadGetId                           0x08002965   Thumb Code    22  rt_cmsis.o(i.svcThreadGetId)
    svcThreadTerminate                       0x08002981   Thumb Code    50  rt_cmsis.o(i.svcThreadTerminate)
    svcTimerCall                             0x080029b9   Thumb Code    24  rt_cmsis.o(i.svcTimerCall)
    sysMailAlloc                             0x080029d1   Thumb Code    84  rt_cmsis.o(i.sysMailAlloc)
    sysMailFree                              0x08002a29   Thumb Code    96  rt_cmsis.o(i.sysMailFree)
    sysTimerTick                             0x08002a89   Thumb Code    84  rt_cmsis.o(i.sysTimerTick)
    os_thread_def_state_dispatch             0x08002ae4   Data          16  main.o(.constdata)
    os_mailQ_def_EventQueue                  0x08002af4   Data          12  main.o(.constdata)
    os_maxtaskrun                            0x08002b00   Data           2  rtx_conf_cm.o(.constdata)
    os_stackinfo                             0x08002b04   Data           4  rtx_conf_cm.o(.constdata)
    os_rrobin                                0x08002b08   Data           4  rtx_conf_cm.o(.constdata)
    os_tickfreq                              0x08002b0c   Data           4  rtx_conf_cm.o(.constdata)
    os_tickus_i                              0x08002b10   Data           2  rtx_conf_cm.o(.constdata)
    os_tickus_f                              0x08002b12   Data           2  rtx_conf_cm.o(.constdata)
    os_trv                                   0x08002b14   Data           4  rtx_conf_cm.o(.constdata)
    os_flags                                 0x08002b18   Data           1  rtx_conf_cm.o(.constdata)
    CMSIS_RTOS_API_Version                   0x08002b1c   Data           4  rtx_conf_cm.o(.constdata)
    CMSIS_RTOS_RTX_Version                   0x08002b20   Data           4  rtx_conf_cm.o(.constdata)
    os_clockrate                             0x08002b24   Data           4  rtx_conf_cm.o(.constdata)
    os_timernum                              0x08002b28   Data           4  rtx_conf_cm.o(.constdata)
    mp_tcb_size                              0x08002b2c   Data           2  rtx_conf_cm.o(.constdata)
    mp_stk_size                              0x08002b30   Data           4  rtx_conf_cm.o(.constdata)
    os_stack_sz                              0x08002b34   Data           4  rtx_conf_cm.o(.constdata)
    os_fifo_size                             0x08002b38   Data           1  rtx_conf_cm.o(.constdata)
    os_thread_def_osTimerThread              0x08002b3c   Data          16  rtx_conf_cm.o(.constdata)
    os_messageQ_def_osTimerMessageQ          0x08002b4c   Data           8  rtx_conf_cm.o(.constdata)
    mp_tmr_size                              0x08002b54   Data           2  rtx_conf_cm.o(.constdata)
    os_thread_def_main                       0x08002b58   Data          16  rtx_conf_cm.o(.constdata)
    Region$$Table$$Base                      0x08002b68   Number         0  anon$$obj.o(Region$$Table)
    Region$$Table$$Limit                     0x08002b88   Number         0  anon$$obj.o(Region$$Table)
    dispatchThread                           0x20000000   Data           4  main.o(.data)
    qid_EventQueue                           0x20000004   Data           4  main.o(.data)
    os_mailQ_p_EventQueue                    0x20000008   Data           8  main.o(.data)
    exitEvt                                  0x20000010   Data           1  basestate.o(.data)
    entryEvt                                 0x20000011   Data           1  basestate.o(.data)
    osThreadId_osTimerThread                 0x20000014   Data           4  rtx_conf_cm.o(.data)
    osMessageQId_osTimerMessageQ             0x20000018   Data           4  rtx_conf_cm.o(.data)
    os_tmr                                   0x2000001c   Data           4  rtx_conf_cm.o(.data)
    m_tmr                                    0x20000020   Data           4  rtx_conf_cm.o(.data)
    os_initialized                           0x2000003c   Data           1  rt_cmsis.o(.data)
    os_running                               0x2000003d   Data           1  rt_cmsis.o(.data)
    os_timer_head                            0x20000040   Data           4  rt_cmsis.o(.data)
    os_tsk                                   0x20000044   Data           8  rt_task.o(.data)
    os_tick_irqn                             0x20000050   Data           4  rt_system.o(.data)
    os_time                                  0x20000054   Data           4  rt_time.o(.data)
    os_robin                                 0x20000058   Data           8  rt_robin.o(.data)
    dbg_msg                                  0x20000060   Data           1  hal_cm.o(.data)
    os_mailQ_q_EventQueue                    0x20000070   Data          36  main.o(.bss)
    os_mailQ_m_EventQueue                    0x20000094   Data          32  main.o(.bss)
    USART_InitStructure                      0x200000b4   Data          16  uart_1.o(.bss)
    mp_tcb                                   0x200000c8   Data         376  rtx_conf_cm.o(.bss)
    mp_stk                                   0x20000240   Data        1216  rtx_conf_cm.o(.bss)
    os_stack_mem                             0x20000700   Data         432  rtx_conf_cm.o(.bss)
    os_fifo                                  0x200008b0   Data         132  rtx_conf_cm.o(.bss)
    os_active_TCB                            0x20000934   Data          28  rtx_conf_cm.o(.bss)
    os_messageQ_q_osTimerMessageQ            0x20000950   Data          32  rtx_conf_cm.o(.bss)
    os_idle_TCB                              0x20000c90   Data          52  rt_task.o(.bss)
    os_rdy                                   0x20000cc4   Data          24  rt_list.o(.bss)
    os_dly                                   0x20000cdc   Data          24  rt_list.o(.bss)
    __libspace_start                         0x20000cf4   Data          96  libspace.o(.bss)
    __temporary_stack_top$libspace           0x20000d54   Data           0  libspace.o(.bss)



==============================================================================

Memory Map of the image

  Image Entry point : 0x080000ed

  Load Region LR_IROM1 (Base: 0x08000000, Size: 0x00002bec, Max: 0x00020000, ABSOLUTE)

    Execution Region ER_IROM1 (Exec base: 0x08000000, Load base: 0x08000000, Size: 0x00002b88, Max: 0x00020000, ABSOLUTE)

    Exec Addr    Load Addr    Size         Type   Attr      Idx    E Section Name        Object

    0x08000000   0x08000000   0x000000ec   Data   RO          625    RESET               startup_stm32f10x_md.o
    0x080000ec   0x080000ec   0x00000008   Code   RO         2845  * !!!main             c_w.l(__main.o)
    0x080000f4   0x080000f4   0x00000034   Code   RO         3015    !!!scatter          c_w.l(__scatter.o)
    0x08000128   0x08000128   0x0000001a   Code   RO         3017    !!handler_copy      c_w.l(__scatter_copy.o)
    0x08000142   0x08000142   0x00000002   PAD
    0x08000144   0x08000144   0x0000001c   Code   RO         3019    !!handler_zi        c_w.l(__scatter_zi.o)
    0x08000160   0x08000160   0x00000002   Code   RO         2901    .ARM.Collect$$libinit$$00000000  c_w.l(libinit.o)
    0x08000162   0x08000162   0x00000000   Code   RO         2913    .ARM.Collect$$libinit$$00000002  c_w.l(libinit2.o)
    0x08000162   0x08000162   0x00000000   Code   RO         2915    .ARM.Collect$$libinit$$00000004  c_w.l(libinit2.o)
    0x08000162   0x08000162   0x00000000   Code   RO         2918    .ARM.Collect$$libinit$$0000000A  c_w.l(libinit2.o)
    0x08000162   0x08000162   0x00000000   Code   RO         2920    .ARM.Collect$$libinit$$0000000C  c_w.l(libinit2.o)
    0x08000162   0x08000162   0x00000000   Code   RO         2922    .ARM.Collect$$libinit$$0000000E  c_w.l(libinit2.o)
    0x08000162   0x08000162   0x00000000   Code   RO         2925    .ARM.Collect$$libinit$$00000011  c_w.l(libinit2.o)
    0x08000162   0x08000162   0x00000000   Code   RO         2927    .ARM.Collect$$libinit$$00000013  c_w.l(libinit2.o)
    0x08000162   0x08000162   0x00000000   Code   RO         2929    .ARM.Collect$$libinit$$00000015  c_w.l(libinit2.o)
    0x08000162   0x08000162   0x00000000   Code   RO         2931    .ARM.Collect$$libinit$$00000017  c_w.l(libinit2.o)
    0x08000162   0x08000162   0x00000000   Code   RO         2933    .ARM.Collect$$libinit$$00000019  c_w.l(libinit2.o)
    0x08000162   0x08000162   0x00000000   Code   RO         2935    .ARM.Collect$$libinit$$0000001B  c_w.l(libinit2.o)
    0x08000162   0x08000162   0x00000000   Code   RO         2937    .ARM.Collect$$libinit$$0000001D  c_w.l(libinit2.o)
    0x08000162   0x08000162   0x00000000   Code   RO         2939    .ARM.Collect$$libinit$$0000001F  c_w.l(libinit2.o)
    0x08000162   0x08000162   0x00000000   Code   RO         2941    .ARM.Collect$$libinit$$00000021  c_w.l(libinit2.o)
    0x08000162   0x08000162   0x00000000   Code   RO         2943    .ARM.Collect$$libinit$$00000023  c_w.l(libinit2.o)
    0x08000162   0x08000162   0x00000000   Code   RO         2945    .ARM.Collect$$libinit$$00000025  c_w.l(libinit2.o)
    0x08000162   0x08000162   0x00000000   Code   RO         2949    .ARM.Collect$$libinit$$0000002C  c_w.l(libinit2.o)
    0x08000162   0x08000162   0x00000000   Code   RO         2951    .ARM.Collect$$libinit$$0000002E  c_w.l(libinit2.o)
    0x08000162   0x08000162   0x00000000   Code   RO         2953    .ARM.Collect$$libinit$$00000030  c_w.l(libinit2.o)
    0x08000162   0x08000162   0x00000000   Code   RO         2955    .ARM.Collect$$libinit$$00000032  c_w.l(libinit2.o)
    0x08000162   0x08000162   0x00000002   Code   RO         2956    .ARM.Collect$$libinit$$00000033  c_w.l(libinit2.o)
    0x08000164   0x08000164   0x00000002   Code   RO         2902    .ARM.Collect$$libshutdown$$00000000  c_w.l(libshutdown.o)
    0x08000166   0x08000166   0x00000000   Code   RO         2958    .ARM.Collect$$libshutdown$$00000002  c_w.l(libshutdown2.o)
    0x08000166   0x08000166   0x00000000   Code   RO         2960    .ARM.Collect$$libshutdown$$00000004  c_w.l(libshutdown2.o)
    0x08000166   0x08000166   0x00000000   Code   RO         2963    .ARM.Collect$$libshutdown$$00000007  c_w.l(libshutdown2.o)
    0x08000166   0x08000166   0x00000000   Code   RO         2966    .ARM.Collect$$libshutdown$$0000000A  c_w.l(libshutdown2.o)
    0x08000166   0x08000166   0x00000000   Code   RO         2968    .ARM.Collect$$libshutdown$$0000000C  c_w.l(libshutdown2.o)
    0x08000166   0x08000166   0x00000000   Code   RO         2971    .ARM.Collect$$libshutdown$$0000000F  c_w.l(libshutdown2.o)
    0x08000166   0x08000166   0x00000002   Code   RO         2972    .ARM.Collect$$libshutdown$$00000010  c_w.l(libshutdown2.o)
    0x08000168   0x08000168   0x00000000   Code   RO         2847    .ARM.Collect$$rtentry$$00000000  c_w.l(__rtentry.o)
    0x08000168   0x08000168   0x00000000   Code   RO         2862    .ARM.Collect$$rtentry$$00000002  c_w.l(__rtentry2.o)
    0x08000168   0x08000168   0x00000006   Code   RO         2874    .ARM.Collect$$rtentry$$00000004  c_w.l(__rtentry4.o)
    0x0800016e   0x0800016e   0x00000000   Code   RO         2864    .ARM.Collect$$rtentry$$00000009  c_w.l(__rtentry2.o)
    0x0800016e   0x0800016e   0x00000004   Code   RO         2865    .ARM.Collect$$rtentry$$0000000A  c_w.l(__rtentry2.o)
    0x08000172   0x08000172   0x00000008   Code   RO         2866    .ARM.Collect$$rtentry$$0000000B  c_w.l(__rtentry2.o)
    0x0800017a   0x0800017a   0x00000008   Code   RO         2868    .ARM.Collect$$rtentry$$0000000D  c_w.l(__rtentry2.o)
    0x08000182   0x08000182   0x00000002   Code   RO         2848    .ARM.Collect$$rtexit$$00000000  c_w.l(rtexit.o)
    0x08000184   0x08000184   0x00000000   Code   RO         2877    .ARM.Collect$$rtexit$$00000002  c_w.l(rtexit2.o)
    0x08000184   0x08000184   0x00000004   Code   RO         2878    .ARM.Collect$$rtexit$$00000003  c_w.l(rtexit2.o)
    0x08000188   0x08000188   0x00000006   Code   RO         2879    .ARM.Collect$$rtexit$$00000004  c_w.l(rtexit2.o)
    0x0800018e   0x0800018e   0x00000002   PAD
    0x08000190   0x08000190   0x0000001c   Code   RO          565    .emb_text           rtx_conf_cm.o
    0x080001ac   0x080001ac   0x00000130   Code   RO         2791    .emb_text           RTX_CM3.lib(hal_cm3.o)
    0x080002dc   0x080002dc   0x00000038   Code   RO          626    .text               startup_stm32f10x_md.o
    0x08000314   0x08000314   0x00000008   Code   RO         2806    .text               c_w.l(libspace.o)
    0x0800031c   0x0800031c   0x00000012   Code   RO         2841    .text               c_w.l(exit.o)
    0x0800032e   0x0800032e   0x00000006   Code   RO         2843    .text               c_w.l(heapauxi.o)
    0x08000334   0x08000334   0x0000000c   Code   RO         2887    .text               c_w.l(sys_exit.o)
    0x08000340   0x08000340   0x0000004a   Code   RO         2889    .text               c_w.l(sys_stackheap_outer.o)
    0x0800038a   0x0800038a   0x00000002   Code   RO         2903    .text               c_w.l(use_no_semi.o)
    0x0800038c   0x0800038c   0x00000000   Code   RO         2905    .text               c_w.l(indicate_semi.o)
    0x0800038c   0x0800038c   0x00000004   Code   RO         2801    SVC_TABLE           RTX_CM3.lib(svc_table.o)
    0x08000390   0x08000390   0x00000030   Code   RO          183    i.Base_dispatch     basestate.o
    0x080003c0   0x080003c0   0x0000001c   Code   RO          184    i.Base_init         basestate.o
    0x080003dc   0x080003dc   0x00000004   Code   RO          216    i.BusFault_Handler  stm32f10x_it.o
    0x080003e0   0x080003e0   0x00000002   Code   RO         1368    i.DMA1_Channel1_Event  dma_stm32f10x.o
    0x080003e2   0x080003e2   0x00000002   PAD
    0x080003e4   0x080003e4   0x0000001c   Code   RO         1369    i.DMA1_Channel1_IRQHandler  dma_stm32f10x.o
    0x08000400   0x08000400   0x00000002   Code   RO         1370    i.DMA1_Channel2_Event  dma_stm32f10x.o
    0x08000402   0x08000402   0x00000002   PAD
    0x08000404   0x08000404   0x0000001c   Code   RO         1371    i.DMA1_Channel2_IRQHandler  dma_stm32f10x.o
    0x08000420   0x08000420   0x00000002   Code   RO         1372    i.DMA1_Channel3_Event  dma_stm32f10x.o
    0x08000422   0x08000422   0x00000002   PAD
    0x08000424   0x08000424   0x0000001c   Code   RO         1373    i.DMA1_Channel3_IRQHandler  dma_stm32f10x.o
    0x08000440   0x08000440   0x00000002   Code   RO         1374    i.DMA1_Channel4_Event  dma_stm32f10x.o
    0x08000442   0x08000442   0x00000002   PAD
    0x08000444   0x08000444   0x0000001c   Code   RO         1375    i.DMA1_Channel4_IRQHandler  dma_stm32f10x.o
    0x08000460   0x08000460   0x00000002   Code   RO         1376    i.DMA1_Channel5_Event  dma_stm32f10x.o
    0x08000462   0x08000462   0x00000002   PAD
    0x08000464   0x08000464   0x0000001c   Code   RO         1377    i.DMA1_Channel5_IRQHandler  dma_stm32f10x.o
    0x08000480   0x08000480   0x00000002   Code   RO         1378    i.DMA1_Channel6_Event  dma_stm32f10x.o
    0x08000482   0x08000482   0x00000002   PAD
    0x08000484   0x08000484   0x0000001c   Code   RO         1379    i.DMA1_Channel6_IRQHandler  dma_stm32f10x.o
    0x080004a0   0x080004a0   0x00000002   Code   RO         1380    i.DMA1_Channel7_Event  dma_stm32f10x.o
    0x080004a2   0x080004a2   0x00000002   PAD
    0x080004a4   0x080004a4   0x0000001c   Code   RO         1381    i.DMA1_Channel7_IRQHandler  dma_stm32f10x.o
    0x080004c0   0x080004c0   0x00000018   Code   RO         1517    i.DMA_Cmd           stm32f10x_dma.o
    0x080004d8   0x080004d8   0x0000014c   Code   RO         1518    i.DMA_DeInit        stm32f10x_dma.o
    0x08000624   0x08000624   0x0000002c   Code   RO         1520    i.DMA_GetFlagStatus  stm32f10x_dma.o
    0x08000650   0x08000650   0x0000003c   Code   RO         1523    i.DMA_Init          stm32f10x_dma.o
    0x0800068c   0x0800068c   0x0000003c   Code   RO          473    i.DMA_Tx_Configuration  dma.o
    0x080006c8   0x080006c8   0x00000002   Code   RO          217    i.DebugMon_Handler  stm32f10x_it.o
    0x080006ca   0x080006ca   0x00000002   PAD
    0x080006cc   0x080006cc   0x0000003c   Code   RO          218    i.EXTI0_IRQHandler  stm32f10x_it.o
    0x08000708   0x08000708   0x0000003c   Code   RO          220    i.EXTI1_IRQHandler  stm32f10x_it.o
    0x08000744   0x08000744   0x00000030   Code   RO          221    i.EXTI2_IRQHandler  stm32f10x_it.o
    0x08000774   0x08000774   0x00000030   Code   RO          222    i.EXTI3_IRQHandler  stm32f10x_it.o
    0x080007a4   0x080007a4   0x00000050   Code   RO          223    i.EXTI4_IRQHandler  stm32f10x_it.o
    0x080007f4   0x080007f4   0x00000148   Code   RO          224    i.EXTI9_5_IRQHandler  stm32f10x_it.o
    0x0800093c   0x0800093c   0x0000000c   Code   RO         1111    i.EXTI_ClearITPendingBit  stm32f10x_exti.o
    0x08000948   0x08000948   0x000000ae   Code   RO          424    i.EXTI_Configuration  exti.o
    0x080009f6   0x080009f6   0x00000002   PAD
    0x080009f8   0x080009f8   0x00000028   Code   RO         1115    i.EXTI_GetITStatus  stm32f10x_exti.o
    0x08000a20   0x08000a20   0x00000094   Code   RO         1116    i.EXTI_Init         stm32f10x_exti.o
    0x08000ab4   0x08000ab4   0x00000040   Code   RO          135    i.Elevator_costructor  elevatorstate.o
    0x08000af4   0x08000af4   0x000000ac   Code   RO          136    i.Elevator_emergency  elevatorstate.o
    0x08000ba0   0x08000ba0   0x000000e0   Code   RO          138    i.Elevator_move     elevatorstate.o
    0x08000c80   0x08000c80   0x000000d4   Code   RO          139    i.Elevator_ready    elevatorstate.o
    0x08000d54   0x08000d54   0x00000058   Code   RO          367    i.GPIO_Configuration  gpio.o
    0x08000dac   0x08000dac   0x00000040   Code   RO          730    i.GPIO_EXTILineConfig  stm32f10x_gpio.o
    0x08000dec   0x08000dec   0x00000116   Code   RO          733    i.GPIO_Init         stm32f10x_gpio.o
    0x08000f02   0x08000f02   0x00000002   PAD
    0x08000f04   0x08000f04   0x00000090   Code   RO          735    i.GPIO_PinRemapConfig  stm32f10x_gpio.o
    0x08000f94   0x08000f94   0x00000012   Code   RO          737    i.GPIO_ReadInputDataBit  stm32f10x_gpio.o
    0x08000fa6   0x08000fa6   0x00000004   Code   RO          225    i.HardFault_Handler  stm32f10x_it.o
    0x08000faa   0x08000faa   0x00000002   PAD
    0x08000fac   0x08000fac   0x00000024   Code   RO            4    i.Init_MailQueue    main.o
    0x08000fd0   0x08000fd0   0x00000004   Code   RO          226    i.MemManage_Handler  stm32f10x_it.o
    0x08000fd4   0x08000fd4   0x00000002   Code   RO          227    i.NMI_Handler       stm32f10x_it.o
    0x08000fd6   0x08000fd6   0x00000002   PAD
    0x08000fd8   0x08000fd8   0x00000070   Code   RO          679    i.NVIC_Init         misc.o
    0x08001048   0x08001048   0x00000014   Code   RO          680    i.NVIC_PriorityGroupConfig  misc.o
    0x0800105c   0x0800105c   0x00000020   Code   RO          854    i.RCC_AHBPeriphClockCmd  stm32f10x_rcc.o
    0x0800107c   0x0800107c   0x00000020   Code   RO          855    i.RCC_APB1PeriphClockCmd  stm32f10x_rcc.o
    0x0800109c   0x0800109c   0x00000020   Code   RO          857    i.RCC_APB2PeriphClockCmd  stm32f10x_rcc.o
    0x080010bc   0x080010bc   0x0000002c   Code   RO          448    i.RCC_Configuration  rcc.o
    0x080010e8   0x080010e8   0x000000d4   Code   RO          865    i.RCC_GetClocksFreq  stm32f10x_rcc.o
    0x080011bc   0x080011bc   0x00000008   Code   RO          633    i.SetSysClock       system_stm32f10x.o
    0x080011c4   0x080011c4   0x000000e0   Code   RO          634    i.SetSysClockTo72   system_stm32f10x.o
    0x080012a4   0x080012a4   0x00000060   Code   RO          636    i.SystemInit        system_stm32f10x.o
    0x08001304   0x08001304   0x00000058   Code   RO          391    i.UART_Configuration  uart_1.o
    0x0800135c   0x0800135c   0x00000018   Code   RO         1180    i.USART_Cmd         stm32f10x_usart.o
    0x08001374   0x08001374   0x00000012   Code   RO         1181    i.USART_DMACmd      stm32f10x_usart.o
    0x08001386   0x08001386   0x00000002   PAD
    0x08001388   0x08001388   0x000000d8   Code   RO         1187    i.USART_Init        stm32f10x_usart.o
    0x08001460   0x08001460   0x00000004   Code   RO          228    i.UsageFault_Handler  stm32f10x_it.o
    0x08001464   0x08001464   0x00000046   Code   RO         2690    i._init_box         RTX_CM3.lib(rt_membox.o)
    0x080014aa   0x080014aa   0x00000002   PAD
    0x080014ac   0x080014ac   0x00000020   Code   RO          567    i._mutex_acquire    rtx_conf_cm.o
    0x080014cc   0x080014cc   0x0000001c   Code   RO          569    i._mutex_release    rtx_conf_cm.o
    0x080014e8   0x080014e8   0x00000030   Code   RO         2743    i.dbg_init          RTX_CM3.lib(hal_cm.o)
    0x08001518   0x08001518   0x00000020   Code   RO         2744    i.dbg_task_notify   RTX_CM3.lib(hal_cm.o)
    0x08001538   0x08001538   0x00000010   Code   RO         2745    i.dbg_task_switch   RTX_CM3.lib(hal_cm.o)
    0x08001548   0x08001548   0x0000002a   Code   RO         1599    i.isrMessageGet     RTX_CM3.lib(rt_cmsis.o)
    0x08001572   0x08001572   0x0000002c   Code   RO         1600    i.isrMessagePut     RTX_CM3.lib(rt_cmsis.o)
    0x0800159e   0x0800159e   0x00000002   PAD
    0x080015a0   0x080015a0   0x00000056   Code   RO         2545    i.isr_mbx_receive   RTX_CM3.lib(rt_mailbox.o)
    0x080015f6   0x080015f6   0x0000000e   Code   RO         2546    i.isr_mbx_send      RTX_CM3.lib(rt_mailbox.o)
    0x08001604   0x08001604   0x00000064   Code   RO            5    i.main              main.o
    0x08001668   0x08001668   0x00000024   Code   RO         1604    i.osKernelInitialize  RTX_CM3.lib(rt_cmsis.o)
    0x0800168c   0x0800168c   0x0000006c   Code   RO         1606    i.osKernelStart     RTX_CM3.lib(rt_cmsis.o)
    0x080016f8   0x080016f8   0x0000001c   Code   RO         1608    i.osMailAlloc       RTX_CM3.lib(rt_cmsis.o)
    0x08001714   0x08001714   0x0000002c   Code   RO         1610    i.osMailCreate      RTX_CM3.lib(rt_cmsis.o)
    0x08001740   0x08001740   0x0000001c   Code   RO         1611    i.osMailFree        RTX_CM3.lib(rt_cmsis.o)
    0x0800175c   0x0800175c   0x00000016   Code   RO         1612    i.osMailGet         RTX_CM3.lib(rt_cmsis.o)
    0x08001772   0x08001772   0x00000014   Code   RO         1613    i.osMailPut         RTX_CM3.lib(rt_cmsis.o)
    0x08001786   0x08001786   0x00000002   PAD
    0x08001788   0x08001788   0x00000018   Code   RO         1615    i.osMessageGet      RTX_CM3.lib(rt_cmsis.o)
    0x080017a0   0x080017a0   0x00000018   Code   RO         1616    i.osMessagePut      RTX_CM3.lib(rt_cmsis.o)
    0x080017b8   0x080017b8   0x0000002c   Code   RO         1632    i.osThreadCreate    RTX_CM3.lib(rt_cmsis.o)
    0x080017e4   0x080017e4   0x00000018   Code   RO         1633    i.osThreadExit      RTX_CM3.lib(rt_cmsis.o)
    0x080017fc   0x080017fc   0x0000000c   Code   RO         1639    i.osTimerCall       RTX_CM3.lib(rt_cmsis.o)
    0x08001808   0x08001808   0x0000002c   Code   RO         1644    i.osTimerThread     RTX_CM3.lib(rt_cmsis.o)
    0x08001834   0x08001834   0x00000022   Code   RO          570    i.os_error          rtx_conf_cm.o
    0x08001856   0x08001856   0x00000004   Code   RO          571    i.os_idle_demon     rtx_conf_cm.o
    0x0800185a   0x0800185a   0x00000002   PAD
    0x0800185c   0x0800185c   0x00000028   Code   RO         2337    i.os_tick_init      RTX_CM3.lib(rt_system.o)
    0x08001884   0x08001884   0x00000002   Code   RO         2338    i.os_tick_irqack    RTX_CM3.lib(rt_system.o)
    0x08001886   0x08001886   0x00000002   PAD
    0x08001888   0x08001888   0x00000048   Code   RO          392    i.print             uart_1.o
    0x080018d0   0x080018d0   0x0000001a   Code   RO         2691    i.rt_alloc_box      RTX_CM3.lib(rt_membox.o)
    0x080018ea   0x080018ea   0x0000003e   Code   RO         2719    i.rt_alloc_mem      RTX_CM3.lib(rt_memory.o)
    0x08001928   0x08001928   0x00000038   Code   RO         2218    i.rt_block          RTX_CM3.lib(rt_task.o)
    0x08001960   0x08001960   0x00000048   Code   RO         2668    i.rt_chk_robin      RTX_CM3.lib(rt_robin.o)
    0x080019a8   0x080019a8   0x00000070   Code   RO         2469    i.rt_dec_dly        RTX_CM3.lib(rt_list.o)
    0x08001a18   0x08001a18   0x00000044   Code   RO         2219    i.rt_dispatch       RTX_CM3.lib(rt_task.o)
    0x08001a5c   0x08001a5c   0x00000050   Code   RO         2430    i.rt_evt_psh        RTX_CM3.lib(rt_event.o)
    0x08001aac   0x08001aac   0x0000002c   Code   RO         2692    i.rt_free_box       RTX_CM3.lib(rt_membox.o)
    0x08001ad8   0x08001ad8   0x00000028   Code   RO         2720    i.rt_free_mem       RTX_CM3.lib(rt_memory.o)
    0x08001b00   0x08001b00   0x00000028   Code   RO         2470    i.rt_get_first      RTX_CM3.lib(rt_list.o)
    0x08001b28   0x08001b28   0x00000008   Code   RO         1649    i.rt_id2obj         RTX_CM3.lib(rt_cmsis.o)
    0x08001b30   0x08001b30   0x00000048   Code   RO         2220    i.rt_init_context   RTX_CM3.lib(rt_task.o)
    0x08001b78   0x08001b78   0x0000001a   Code   RO         2721    i.rt_init_mem       RTX_CM3.lib(rt_memory.o)
    0x08001b92   0x08001b92   0x00000002   PAD
    0x08001b94   0x08001b94   0x00000018   Code   RO         2669    i.rt_init_robin     RTX_CM3.lib(rt_robin.o)
    0x08001bac   0x08001bac   0x00000080   Code   RO         2746    i.rt_init_stack     RTX_CM3.lib(hal_cm.o)
    0x08001c2c   0x08001c2c   0x00000008   Code   RO         2547    i.rt_mbx_check      RTX_CM3.lib(rt_mailbox.o)
    0x08001c34   0x08001c34   0x0000001a   Code   RO         2548    i.rt_mbx_init       RTX_CM3.lib(rt_mailbox.o)
    0x08001c4e   0x08001c4e   0x00000002   PAD
    0x08001c50   0x08001c50   0x000000f0   Code   RO         2549    i.rt_mbx_psh        RTX_CM3.lib(rt_mailbox.o)
    0x08001d40   0x08001d40   0x00000098   Code   RO         2550    i.rt_mbx_send       RTX_CM3.lib(rt_mailbox.o)
    0x08001dd8   0x08001dd8   0x000000b4   Code   RO         2551    i.rt_mbx_wait       RTX_CM3.lib(rt_mailbox.o)
    0x08001e8c   0x08001e8c   0x00000044   Code   RO         1650    i.rt_ms2tick        RTX_CM3.lib(rt_cmsis.o)
    0x08001ed0   0x08001ed0   0x000000d8   Code   RO         2304    i.rt_mut_release    RTX_CM3.lib(rt_mutex.o)
    0x08001fa8   0x08001fa8   0x00000078   Code   RO         2305    i.rt_mut_wait       RTX_CM3.lib(rt_mutex.o)
    0x08002020   0x08002020   0x0000007c   Code   RO         2341    i.rt_pop_req        RTX_CM3.lib(rt_system.o)
    0x0800209c   0x0800209c   0x00000020   Code   RO         2342    i.rt_psh_req        RTX_CM3.lib(rt_system.o)
    0x080020bc   0x080020bc   0x0000005c   Code   RO         2472    i.rt_psq_enq        RTX_CM3.lib(rt_list.o)
    0x08002118   0x08002118   0x00000048   Code   RO         2473    i.rt_put_dly        RTX_CM3.lib(rt_list.o)
    0x08002160   0x08002160   0x00000036   Code   RO         2474    i.rt_put_prio       RTX_CM3.lib(rt_list.o)
    0x08002196   0x08002196   0x00000002   PAD
    0x08002198   0x08002198   0x00000014   Code   RO         2475    i.rt_put_rdy_first  RTX_CM3.lib(rt_list.o)
    0x080021ac   0x080021ac   0x00000034   Code   RO         2476    i.rt_resort_prio    RTX_CM3.lib(rt_list.o)
    0x080021e0   0x080021e0   0x00000006   Code   RO         2747    i.rt_ret_val        RTX_CM3.lib(hal_cm.o)
    0x080021e6   0x080021e6   0x00000008   Code   RO         2748    i.rt_ret_val2       RTX_CM3.lib(hal_cm.o)
    0x080021ee   0x080021ee   0x00000028   Code   RO         2477    i.rt_rmv_dly        RTX_CM3.lib(rt_list.o)
    0x08002216   0x08002216   0x00000002   PAD
    0x08002218   0x08002218   0x00000030   Code   RO         2478    i.rt_rmv_list       RTX_CM3.lib(rt_list.o)
    0x08002248   0x08002248   0x00000034   Code   RO         2596    i.rt_sem_psh        RTX_CM3.lib(rt_semaphore.o)
    0x0800227c   0x0800227c   0x00000024   Code   RO         2344    i.rt_stk_check      RTX_CM3.lib(rt_system.o)
    0x080022a0   0x080022a0   0x00000028   Code   RO         2221    i.rt_switch_req     RTX_CM3.lib(rt_task.o)
    0x080022c8   0x080022c8   0x000000cc   Code   RO         2222    i.rt_sys_init       RTX_CM3.lib(rt_task.o)
    0x08002394   0x08002394   0x00000078   Code   RO         2223    i.rt_sys_start      RTX_CM3.lib(rt_task.o)
    0x0800240c   0x0800240c   0x00000040   Code   RO         2346    i.rt_systick        RTX_CM3.lib(rt_system.o)
    0x0800244c   0x0800244c   0x00000012   Code   RO         1651    i.rt_tid2ptcb       RTX_CM3.lib(rt_cmsis.o)
    0x0800245e   0x0800245e   0x00000002   PAD
    0x08002460   0x08002460   0x00000034   Code   RO         1652    i.rt_timer_insert   RTX_CM3.lib(rt_cmsis.o)
    0x08002494   0x08002494   0x00000088   Code   RO         2224    i.rt_tsk_create     RTX_CM3.lib(rt_task.o)
    0x0800251c   0x0800251c   0x0000017c   Code   RO         2225    i.rt_tsk_delete     RTX_CM3.lib(rt_task.o)
    0x08002698   0x08002698   0x0000007c   Code   RO         2227    i.rt_tsk_prio       RTX_CM3.lib(rt_task.o)
    0x08002714   0x08002714   0x00000010   Code   RO         2228    i.rt_tsk_self       RTX_CM3.lib(rt_task.o)
    0x08002724   0x08002724   0x00000044   Code   RO            6    i.state_dispatch    main.o
    0x08002768   0x08002768   0x00000070   Code   RO         1655    i.svcKernelInitialize  RTX_CM3.lib(rt_cmsis.o)
    0x080027d8   0x080027d8   0x00000048   Code   RO         1657    i.svcKernelStart    RTX_CM3.lib(rt_cmsis.o)
    0x08002820   0x08002820   0x00000042   Code   RO         1659    i.svcMailCreate     RTX_CM3.lib(rt_cmsis.o)
    0x08002862   0x08002862   0x00000024   Code   RO         1660    i.svcMessageCreate  RTX_CM3.lib(rt_cmsis.o)
    0x08002886   0x08002886   0x0000003a   Code   RO         1661    i.svcMessageGet     RTX_CM3.lib(rt_cmsis.o)
    0x080028c0   0x080028c0   0x00000036   Code   RO         1662    i.svcMessagePut     RTX_CM3.lib(rt_cmsis.o)
    0x080028f6   0x080028f6   0x00000002   PAD
    0x080028f8   0x080028f8   0x0000006c   Code   RO         1675    i.svcThreadCreate   RTX_CM3.lib(rt_cmsis.o)
    0x08002964   0x08002964   0x0000001c   Code   RO         1676    i.svcThreadGetId    RTX_CM3.lib(rt_cmsis.o)
    0x08002980   0x08002980   0x00000038   Code   RO         1679    i.svcThreadTerminate  RTX_CM3.lib(rt_cmsis.o)
    0x080029b8   0x080029b8   0x00000018   Code   RO         1681    i.svcTimerCall      RTX_CM3.lib(rt_cmsis.o)
    0x080029d0   0x080029d0   0x00000058   Code   RO         1686    i.sysMailAlloc      RTX_CM3.lib(rt_cmsis.o)
    0x08002a28   0x08002a28   0x00000060   Code   RO         1687    i.sysMailFree       RTX_CM3.lib(rt_cmsis.o)
    0x08002a88   0x08002a88   0x0000005c   Code   RO         1690    i.sysTimerTick      RTX_CM3.lib(rt_cmsis.o)
    0x08002ae4   0x08002ae4   0x0000001c   Data   RO            8    .constdata          main.o
    0x08002b00   0x08002b00   0x00000068   Data   RO          573    .constdata          rtx_conf_cm.o
    0x08002b68   0x08002b68   0x00000020   Data   RO         3013    Region$$Table       anon$$obj.o


    Execution Region RW_IRAM1 (Exec base: 0x20000000, Load base: 0x08002b88, Size: 0x00001358, Max: 0x00005000, ABSOLUTE)

    Exec Addr    Load Addr    Size         Type   Attr      Idx    E Section Name        Object

    0x20000000   0x08002b88   0x00000010   Data   RW            9    .data               main.o
    0x20000010   0x08002b98   0x00000002   Data   RW          185    .data               basestate.o
    0x20000012   0x08002b9a   0x00000002   PAD
    0x20000014   0x08002b9c   0x00000014   Data   RW          574    .data               rtx_conf_cm.o
    0x20000028   0x08002bb0   0x00000014   Data   RW          885    .data               stm32f10x_rcc.o
    0x2000003c   0x08002bc4   0x00000008   Data   RW         1693    .data               RTX_CM3.lib(rt_cmsis.o)
    0x20000044   0x08002bcc   0x00000008   Data   RW         2230    .data               RTX_CM3.lib(rt_task.o)
    0x2000004c   0x08002bd4   0x00000008   Data   RW         2349    .data               RTX_CM3.lib(rt_system.o)
    0x20000054   0x08002bdc   0x00000004   Data   RW         2639    .data               RTX_CM3.lib(rt_time.o)
    0x20000058   0x08002be0   0x00000008   Data   RW         2670    .data               RTX_CM3.lib(rt_robin.o)
    0x20000060   0x08002be8   0x00000001   Data   RW         2749    .data               RTX_CM3.lib(hal_cm.o)
    0x20000061   0x08002be9   0x00000003   PAD
    0x20000064        -       0x00000050   Zero   RW            7    .bss                main.o
    0x200000b4        -       0x00000010   Zero   RW          393    .bss                uart_1.o
    0x200000c4   0x08002be9   0x00000004   PAD
    0x200000c8        -       0x00000bc8   Zero   RW          572    .bss                rtx_conf_cm.o
    0x20000c90        -       0x00000034   Zero   RW         2229    .bss                RTX_CM3.lib(rt_task.o)
    0x20000cc4        -       0x00000030   Zero   RW         2479    .bss                RTX_CM3.lib(rt_list.o)
    0x20000cf4        -       0x00000060   Zero   RW         2807    .bss                c_w.l(libspace.o)
    0x20000d54   0x08002be9   0x00000004   PAD
    0x20000d58        -       0x00000200   Zero   RW          624    HEAP                startup_stm32f10x_md.o
    0x20000f58        -       0x00000400   Zero   RW          623    STACK               startup_stm32f10x_md.o


==============================================================================

Image component sizes


      Code (inc. data)   RO Data    RW Data    ZI Data      Debug   Object Name

        76         12          0          2          0       3635   basestate.o
        60          8          0          0          0        939   dma.o
       210         30          0          0          0       7763   dma_stm32f10x.o
       672         58          0          0          0       6284   elevatorstate.o
       174          0          0          0          0        557   exti.o
        88          8          0          0          0        461   gpio.o
       204         40         28         16         80     253058   main.o
       132         22          0          0          0       1939   misc.o
        44          0          0          0          0        408   rcc.o
       126         26        104         20       3016       9095   rtx_conf_cm.o
        56         22        236          0       1536        792   startup_stm32f10x_md.o
       460         16          0          0          0       4586   stm32f10x_dma.o
       200         18          0          0          0       2592   stm32f10x_exti.o
       504         10          0          0          0       4596   stm32f10x_gpio.o
       644         38          0          0          0      10176   stm32f10x_it.o
       308         38          0         20          0       5554   stm32f10x_rcc.o
       258          6          0          0          0       3916   stm32f10x_usart.o
       328         28          0          0          0       2017   system_stm32f10x.o
       160         24          0          0         16       1491   uart_1.o

    ----------------------------------------------------------------------
      4732        404        400         60       4652     319859   Object Totals
         0          0         32          0          0          0   (incl. Generated)
        28          0          0          2          4          0   (incl. Padding)

    ----------------------------------------------------------------------

      Code (inc. data)   RO Data    RW Data    ZI Data      Debug   Library Member Name

       238         24          0          1          0       3312   hal_cm.o
       304         36          0          0          0        768   hal_cm3.o
      1580        168          0          8          0      38692   rt_cmsis.o
        80          4          0          0          0        661   rt_event.o
       530         34          0          0         48       8253   rt_list.o
       706         14          0          0          0       4787   rt_mailbox.o
       140          0          0          0          0       1925   rt_membox.o
       128          0          0          0          0       2307   rt_memory.o
       336         14          0          0          0       1643   rt_mutex.o
        96         22          0          8          0       1158   rt_robin.o
        52          4          0          0          0        573   rt_semaphore.o
       298         52          0          8          0       6223   rt_system.o
      1216        174          0          8         52       9649   rt_task.o
         0          0          0          4          0        214   rt_time.o
         4          4          0          0          0        208   svc_table.o
         8          0          0          0          0         68   __main.o
         0          0          0          0          0          0   __rtentry.o
        20          0          0          0          0          0   __rtentry2.o
         6          0          0          0          0          0   __rtentry4.o
        52          8          0          0          0          0   __scatter.o
        26          0          0          0          0          0   __scatter_copy.o
        28          0          0          0          0          0   __scatter_zi.o
        18          0          0          0          0         80   exit.o
         6          0          0          0          0        152   heapauxi.o
         0          0          0          0          0          0   indicate_semi.o
         2          0          0          0          0          0   libinit.o
         2          0          0          0          0          0   libinit2.o
         2          0          0          0          0          0   libshutdown.o
         2          0          0          0          0          0   libshutdown2.o
         8          4          0          0         96         68   libspace.o
         2          0          0          0          0          0   rtexit.o
        10          0          0          0          0          0   rtexit2.o
        12          4          0          0          0         68   sys_exit.o
        74          0          0          0          0         80   sys_stackheap_outer.o
         2          0          0          0          0         68   use_no_semi.o

    ----------------------------------------------------------------------
      6012        566          0         40        200      80957   Library Totals
        24          0          0          3          4          0   (incl. Padding)

    ----------------------------------------------------------------------

      Code (inc. data)   RO Data    RW Data    ZI Data      Debug   Library Name

      5708        550          0         37        100      80373   RTX_CM3.lib
       280         16          0          0         96        584   c_w.l

    ----------------------------------------------------------------------
      6012        566          0         40        200      80957   Library Totals

    ----------------------------------------------------------------------

==============================================================================


      Code (inc. data)   RO Data    RW Data    ZI Data      Debug   

     10744        970        400        100       4852     393220   Grand Totals
     10744        970        400        100       4852     393220   ELF Image Totals
     10744        970        400        100          0          0   ROM Totals

==============================================================================

    Total RO  Size (Code + RO Data)                11144 (  10.88kB)
    Total RW  Size (RW Data + ZI Data)              4952 (   4.84kB)
    Total ROM Size (Code + RO Data + RW Data)      11244 (  10.98kB)

==============================================================================

