Component: ARM Compiler 5.06 update 6 (build 750) Tool: armlink [4d35ed]

==============================================================================

Section Cross References

    elevatorstace.o(i.Elevator_emergency) refers to elevatorstace.o(i.Elevator_move) for Elevator_move
    elevatorstace.o(i.Elevator_emergency) refers to elevatorstace.o(i.Elevator_ready) for Elevator_ready
    elevatorstace.o(i.Elevator_initial) refers to elevatorstace.o(i.Elevator_ready) for Elevator_ready
    elevatorstace.o(i.Elevator_move) refers to elevatorstace.o(i.Elevator_emergency) for Elevator_emergency
    elevatorstace.o(i.Elevator_move) refers to elevatorstace.o(i.Elevator_ready) for Elevator_ready
    elevatorstace.o(i.Elevator_ready) refers to elevatorstace.o(i.Elevator_emergency) for Elevator_emergency
    elevatorstace.o(i.Elevator_ready) refers to elevatorstace.o(i.Elevator_move) for Elevator_move
    rtx_conf_cm.o(.emb_text) refers to rt_cmsis.o(i.osKernelInitialize) for osKernelInitialize
    rtx_conf_cm.o(.emb_text) refers to rt_cmsis.o(i.osThreadCreate) for osThreadCreate
    rtx_conf_cm.o(.emb_text) refers to rt_cmsis.o(i.osKernelStart) for osKernelStart
    rtx_conf_cm.o(.emb_text) refers to exit.o(.text) for exit
    rtx_conf_cm.o(.emb_text) refers to rtx_conf_cm.o(.constdata) for os_thread_def_main
    rtx_conf_cm.o(i.__user_perthread_libspace) refers to rt_task.o(i.rt_tsk_self) for rt_tsk_self
    rtx_conf_cm.o(i.__user_perthread_libspace) refers to rt_cmsis.o(.data) for os_running
    rtx_conf_cm.o(i.__user_perthread_libspace) refers to rtx_conf_cm.o(.bss) for .bss
    rtx_conf_cm.o(i.__user_perthread_libspace) refers to libspace.o(.bss) for __libspace_start
    rtx_conf_cm.o(i._mutex_acquire) refers to rt_cmsis.o(.data) for os_running
    rtx_conf_cm.o(i._mutex_acquire) refers to rt_mutex.o(i.rt_mut_wait) for rt_mut_wait
    rtx_conf_cm.o(i._mutex_initialize) refers to rt_mutex.o(i.rt_mut_init) for rt_mut_init
    rtx_conf_cm.o(i._mutex_initialize) refers to rtx_conf_cm.o(.data) for .data
    rtx_conf_cm.o(i._mutex_initialize) refers to rtx_conf_cm.o(.bss) for .bss
    rtx_conf_cm.o(i._mutex_release) refers to rt_cmsis.o(.data) for os_running
    rtx_conf_cm.o(i._mutex_release) refers to rt_mutex.o(i.rt_mut_release) for rt_mut_release
    rtx_conf_cm.o(.constdata) refers to rt_cmsis.o(i.osTimerThread) for osTimerThread
    rtx_conf_cm.o(.constdata) refers to rtx_conf_cm.o(.bss) for os_messageQ_q_osTimerMessageQ
    rtx_conf_cm.o(.constdata) refers to main.o(i.main) for main
    startup_stm32f10x_md.o(STACK) refers (Special) to heapauxi.o(.text) for __use_two_region_memory
    startup_stm32f10x_md.o(HEAP) refers (Special) to heapauxi.o(.text) for __use_two_region_memory
    startup_stm32f10x_md.o(RESET) refers (Special) to heapauxi.o(.text) for __use_two_region_memory
    startup_stm32f10x_md.o(RESET) refers to startup_stm32f10x_md.o(STACK) for __initial_sp
    startup_stm32f10x_md.o(RESET) refers to startup_stm32f10x_md.o(.text) for Reset_Handler
    startup_stm32f10x_md.o(RESET) refers to hal_cm3.o(.emb_text) for SVC_Handler
    startup_stm32f10x_md.o(.text) refers (Special) to heapauxi.o(.text) for __use_two_region_memory
    startup_stm32f10x_md.o(.text) refers to system_stm32f10x.o(i.SystemInit) for SystemInit
    startup_stm32f10x_md.o(.text) refers to __main.o(!!!main) for __main
    startup_stm32f10x_md.o(.text) refers to startup_stm32f10x_md.o(HEAP) for Heap_Mem
    startup_stm32f10x_md.o(.text) refers to startup_stm32f10x_md.o(STACK) for Stack_Mem
    system_stm32f10x.o(i.SetSysClock) refers to system_stm32f10x.o(i.SetSysClockTo72) for SetSysClockTo72
    system_stm32f10x.o(i.SystemCoreClockUpdate) refers to system_stm32f10x.o(.data) for SystemCoreClock
    system_stm32f10x.o(i.SystemInit) refers to system_stm32f10x.o(i.SetSysClock) for SetSysClock
    stm32f10x_gpio.o(i.GPIO_AFIODeInit) refers to stm32f10x_rcc.o(i.RCC_APB2PeriphResetCmd) for RCC_APB2PeriphResetCmd
    stm32f10x_gpio.o(i.GPIO_DeInit) refers to stm32f10x_rcc.o(i.RCC_APB2PeriphResetCmd) for RCC_APB2PeriphResetCmd
    stm32f10x_rcc.o(i.RCC_GetClocksFreq) refers to stm32f10x_rcc.o(.data) for APBAHBPrescTable
    stm32f10x_rcc.o(i.RCC_WaitForHSEStartUp) refers to stm32f10x_rcc.o(i.RCC_GetFlagStatus) for RCC_GetFlagStatus
    rt_cmsis.o(i.isrMessageGet) refers to rt_mailbox.o(i.isr_mbx_receive) for isr_mbx_receive
    rt_cmsis.o(i.isrMessagePut) refers to rt_mailbox.o(i.rt_mbx_check) for rt_mbx_check
    rt_cmsis.o(i.isrMessagePut) refers to rt_mailbox.o(i.isr_mbx_send) for isr_mbx_send
    rt_cmsis.o(i.isrSemaphoreRelease) refers to rt_cmsis.o(i.rt_id2obj) for rt_id2obj
    rt_cmsis.o(i.isrSemaphoreRelease) refers to rt_semaphore.o(i.isr_sem_send) for isr_sem_send
    rt_cmsis.o(i.isrSignalSet) refers to rt_cmsis.o(i.rt_tid2ptcb) for rt_tid2ptcb
    rt_cmsis.o(i.isrSignalSet) refers to rt_event.o(i.isr_evt_set) for isr_evt_set
    rt_cmsis.o(i.osDelay) refers to rt_cmsis.o(i.svcDelay) for svcDelay
[...]
    libinit.o(.ARM.Collect$$libinit$$00000000) refers (Special) to libinit2.o(.ARM.Collect$$libinit$$00000033) for __rt_lib_init_return
    libinit.o(.ARM.Collect$$libinit$$00000000) refers (Special) to libinit2.o(.ARM.Collect$$libinit$$0000001D) for __rt_lib_init_signal_1
    libinit.o(.ARM.Collect$$libinit$$00000000) refers (Special) to libinit2.o(.ARM.Collect$$libinit$$00000025) for __rt_lib_init_stdio_1
    libinit.o(.ARM.Collect$$libinit$$00000000) refers (Special) to libinit2.o(.ARM.Collect$$libinit$$0000000C) for __rt_lib_init_user_alloc_1
    libshutdown.o(.ARM.Collect$$libshutdown$$00000000) refers (Special) to libshutdown2.o(.ARM.Collect$$libshutdown$$00000002) for __rt_lib_shutdown_cpp_1
    libshutdown.o(.ARM.Collect$$libshutdown$$00000000) refers (Special) to libshutdown2.o(.ARM.Collect$$libshutdown$$00000007) for __rt_lib_shutdown_fp_trap_1
    libshutdown.o(.ARM.Collect$$libshutdown$$00000000) refers (Special) to libshutdown2.o(.ARM.Collect$$libshutdown$$0000000F) for __rt_lib_shutdown_heap_1
    libshutdown.o(.ARM.Collect$$libshutdown$$00000000) refers (Special) to libshutdown2.o(.ARM.Collect$$libshutdown$$00000010) for __rt_lib_shutdown_return
    libshutdown.o(.ARM.Collect$$libshutdown$$00000000) refers (Special) to libshutdown2.o(.ARM.Collect$$libshutdown$$0000000A) for __rt_lib_shutdown_signal_1
    libshutdown.o(.ARM.Collect$$libshutdown$$00000000) refers (Special) to libshutdown2.o(.ARM.Collect$$libshutdown$$00000004) for __rt_lib_shutdown_stdio_1
    libshutdown.o(.ARM.Collect$$libshutdown$$00000000) refers (Special) to libshutdown2.o(.ARM.Collect$$libshutdown$$0000000C) for __rt_lib_shutdown_user_alloc_1
    rt_raise.o(.text) refers to __raise.o(.text) for __raise
    rt_raise.o(.text) refers to sys_exit.o(.text) for _sys_exit
    defsig_exit.o(.text) refers to sys_exit.o(.text) for _sys_exit
    defsig_fpe_inner.o(.text) refers to defsig_general.o(.text) for __default_signal_display
    libinit2.o(.ARM.Collect$$libinit$$00000010) refers to libinit2.o(.ARM.Collect$$libinit$$0000000F) for .ARM.Collect$$libinit$$0000000F
    libinit2.o(.ARM.Collect$$libinit$$00000012) refers to libinit2.o(.ARM.Collect$$libinit$$0000000F) for .ARM.Collect$$libinit$$0000000F
    libinit2.o(.ARM.Collect$$libinit$$00000014) refers to libinit2.o(.ARM.Collect$$libinit$$0000000F) for .ARM.Collect$$libinit$$0000000F
    libinit2.o(.ARM.Collect$$libinit$$00000016) refers to libinit2.o(.ARM.Collect$$libinit$$0000000F) for .ARM.Collect$$libinit$$0000000F
    libinit2.o(.ARM.Collect$$libinit$$00000018) refers to libinit2.o(.ARM.Collect$$libinit$$0000000F) for .ARM.Collect$$libinit$$0000000F
    libinit2.o(.ARM.Collect$$libinit$$00000026) refers to argv_veneer.o(.emb_text) for __ARM_argv_veneer
    libinit2.o(.ARM.Collect$$libinit$$00000027) refers to argv_veneer.o(.emb_text) for __ARM_argv_veneer
    __raise.o(.text) refers to defsig.o(CL$$defsig) for __default_signal_handler
    defsig_general.o(.text) refers to sys_wrch.o(.text) for _ttywrch
    argv_veneer.o(.emb_text) refers to no_argv.o(.text) for __ARM_get_argv
    sys_wrch.o(.text) refers (Special) to use_no_semi.o(.text) for __I$use$semihosting
    sys_wrch.o(.text) refers (Special) to indicate_semi.o(.text) for __semihosting_library_function
    defsig.o(CL$$defsig) refers to defsig_fpe_inner.o(.text) for __rt_SIGFPE_inner
    defsig.o(CL$$defsig) refers to defsig_rtmem_inner.o(.text) for __rt_SIGRTMEM_inner
    _get_argv_nomalloc.o(.text) refers (Special) to hrguard.o(.text) for __heap_region$guard
    _get_argv_nomalloc.o(.text) refers to defsig_rtmem_outer.o(.text) for __rt_SIGRTMEM
    _get_argv_nomalloc.o(.text) refers to sys_command.o(.text) for _sys_command_string
    sys_command.o(.text) refers (Special) to use_no_semi.o(.text) for __I$use$semihosting
    sys_command.o(.text) refers (Special) to indicate_semi.o(.text) for __semihosting_library_function
    defsig_abrt_inner.o(.text) refers to defsig_general.o(.text) for __default_signal_display
    defsig_rtred_inner.o(.text) refers to defsig_general.o(.text) for __default_signal_display
    defsig_rtmem_inner.o(.text) refers to defsig_general.o(.text) for __default_signal_display
    defsig_rtmem_outer.o(.text) refers to defsig_rtmem_inner.o(.text) for __rt_SIGRTMEM_inner
    defsig_rtmem_outer.o(.text) refers to defsig_exit.o(.text) for __sig_exit
    defsig_rtmem_formal.o(.text) refers to rt_raise.o(.text) for __rt_raise
    defsig_stak_inner.o(.text) refers to defsig_general.o(.text) for __default_signal_display
    defsig_pvfn_inner.o(.text) refers to defsig_general.o(.text) for __default_signal_display
    defsig_cppl_inner.o(.text) refers to defsig_general.o(.text) for __default_signal_display
    defsig_segv_inner.o(.text) refers to defsig_general.o(.text) for __default_signal_display
    defsig_other.o(.text) refers to defsig_general.o(.text) for __default_signal_display


==============================================================================

Removing Unused input sections from the image.

    Removing elevatorstace.o(i.Elevator_emergency), (184 bytes).
    Removing elevatorstace.o(i.Elevator_initial), (28 bytes).
    Removing elevatorstace.o(i.Elevator_move), (224 bytes).
    Removing elevatorstace.o(i.Elevator_ready), (212 bytes).
    Removing rtx_conf_cm.o(i.__user_perthread_libspace), (44 bytes).
    Removing rtx_conf_cm.o(i._mutex_initialize), (44 bytes).
    Removing system_stm32f10x.o(.rev16_text), (4 bytes).
    Removing system_stm32f10x.o(.revsh_text), (4 bytes).
    Removing system_stm32f10x.o(.rrx_text), (6 bytes).
    Removing system_stm32f10x.o(i.SystemCoreClockUpdate), (164 bytes).
    Removing system_stm32f10x.o(.data), (20 bytes).
    Removing misc.o(.rev16_text), (4 bytes).
    Removing misc.o(.revsh_text), (4 bytes).
    Removing misc.o(.rrx_text), (6 bytes).
    Removing misc.o(i.NVIC_Init), (112 bytes).
    Removing misc.o(i.NVIC_PriorityGroupConfig), (20 bytes).
    Removing misc.o(i.NVIC_SetVectorTable), (20 bytes).
    Removing misc.o(i.NVIC_SystemLPConfig), (32 bytes).
    Removing misc.o(i.SysTick_CLKSourceConfig), (40 bytes).
    Removing stm32f10x_gpio.o(.rev16_text), (4 bytes).
    Removing stm32f10x_gpio.o(.revsh_text), (4 bytes).
    Removing stm32f10x_gpio.o(.rrx_text), (6 bytes).
    Removing stm32f10x_gpio.o(i.GPIO_AFIODeInit), (20 bytes).
    Removing stm32f10x_gpio.o(i.GPIO_DeInit), (200 bytes).
    Removing stm32f10x_gpio.o(i.GPIO_ETH_MediaInterfaceConfig), (12 bytes).
    Removing stm32f10x_gpio.o(i.GPIO_EXTILineConfig), (64 bytes).
    Removing stm32f10x_gpio.o(i.GPIO_EventOutputCmd), (12 bytes).
    Removing stm32f10x_gpio.o(i.GPIO_EventOutputConfig), (32 bytes).
    Removing stm32f10x_gpio.o(i.GPIO_Init), (278 bytes).
    Removing stm32f10x_gpio.o(i.GPIO_PinLockConfig), (18 bytes).
    Removing stm32f10x_gpio.o(i.GPIO_PinRemapConfig), (144 bytes).
    Removing stm32f10x_gpio.o(i.GPIO_ReadInputData), (8 bytes).
    Removing stm32f10x_gpio.o(i.GPIO_ReadInputDataBit), (18 bytes).
    Removing stm32f10x_gpio.o(i.GPIO_ReadOutputData), (8 bytes).
    Removing stm32f10x_gpio.o(i.GPIO_ReadOutputDataBit), (18 bytes).
    Removing stm32f10x_gpio.o(i.GPIO_ResetBits), (4 bytes).
    Removing stm32f10x_gpio.o(i.GPIO_SetBits), (4 bytes).
    Removing stm32f10x_gpio.o(i.GPIO_StructInit), (16 bytes).
    Removing stm32f10x_gpio.o(i.GPIO_Write), (4 bytes).
    Removing stm32f10x_gpio.o(i.GPIO_WriteBit), (10 bytes).
    Removing stm32f10x_rcc.o(.rev16_text), (4 bytes).
    Removing stm32f10x_rcc.o(.revsh_text), (4 bytes).
    Removing stm32f10x_rcc.o(.rrx_text), (6 bytes).
    Removing stm32f10x_rcc.o(i.RCC_ADCCLKConfig), (24 bytes).
    Removing stm32f10x_rcc.o(i.RCC_AHBPeriphClockCmd), (32 bytes).
    Removing stm32f10x_rcc.o(i.RCC_APB1PeriphClockCmd), (32 bytes).
    Removing stm32f10x_rcc.o(i.RCC_APB1PeriphResetCmd), (32 bytes).
    Removing stm32f10x_rcc.o(i.RCC_APB2PeriphClockCmd), (32 bytes).
    Removing stm32f10x_rcc.o(i.RCC_APB2PeriphResetCmd), (32 bytes).
    Removing stm32f10x_rcc.o(i.RCC_AdjustHSICalibrationValue), (24 bytes).
    Removing stm32f10x_rcc.o(i.RCC_BackupResetCmd), (12 bytes).
    Removing stm32f10x_rcc.o(i.RCC_ClearFlag), (20 bytes).
    Removing stm32f10x_rcc.o(i.RCC_ClearITPendingBit), (12 bytes).
    Removing stm32f10x_rcc.o(i.RCC_ClockSecuritySystemCmd), (12 bytes).
    Removing stm32f10x_rcc.o(i.RCC_DeInit), (76 bytes).
    Removing stm32f10x_rcc.o(i.RCC_GetClocksFreq), (212 bytes).
    Removing stm32f10x_rcc.o(i.RCC_GetFlagStatus), (60 bytes).
    Removing stm32f10x_rcc.o(i.RCC_GetITStatus), (24 bytes).
    Removing stm32f10x_rcc.o(i.RCC_GetSYSCLKSource), (16 bytes).
    Removing stm32f10x_rcc.o(i.RCC_HCLKConfig), (24 bytes).
    Removing stm32f10x_rcc.o(i.RCC_HSEConfig), (76 bytes).
    Removing stm32f10x_rcc.o(i.RCC_HSICmd), (12 bytes).
    Removing stm32f10x_rcc.o(i.RCC_ITConfig), (32 bytes).
    Removing stm32f10x_rcc.o(i.RCC_LSEConfig), (52 bytes).
    Removing stm32f10x_rcc.o(i.RCC_LSICmd), (12 bytes).
    Removing stm32f10x_rcc.o(i.RCC_MCOConfig), (12 bytes).
    Removing stm32f10x_rcc.o(i.RCC_PCLK1Config), (24 bytes).
    Removing stm32f10x_rcc.o(i.RCC_PCLK2Config), (24 bytes).
    Removing stm32f10x_rcc.o(i.RCC_PLLCmd), (12 bytes).
    Removing stm32f10x_rcc.o(i.RCC_PLLConfig), (28 bytes).
    Removing stm32f10x_rcc.o(i.RCC_RTCCLKCmd), (12 bytes).
    Removing stm32f10x_rcc.o(i.RCC_RTCCLKConfig), (16 bytes).
    Removing stm32f10x_rcc.o(i.RCC_SYSCLKConfig), (24 bytes).
    Removing stm32f10x_rcc.o(i.RCC_USBCLKConfig), (12 bytes).
    Removing stm32f10x_rcc.o(i.RCC_WaitForHSEStartUp), (56 bytes).
    Removing stm32f10x_rcc.o(.data), (20 bytes).
    Removing rt_cmsis.o(.rev16_text), (4 bytes).
    Removing rt_cmsis.o(.revsh_text), (4 bytes).
    Removing rt_cmsis.o(.rrx_text), (6 bytes).
    Removing rt_cmsis.o(i.isrSemaphoreRelease), (40 bytes).
    Removing rt_cmsis.o(i.isrSignalSet), (36 bytes).
    Removing rt_cmsis.o(i.osDelay), (24 bytes).
    Removing rt_cmsis.o(i.osKernelRunning), (36 bytes).
    Removing rt_cmsis.o(i.osKernelSysTick), (24 bytes).
    Removing rt_cmsis.o(i.osMailAlloc), (28 bytes).
    Removing rt_cmsis.o(i.osMailCAlloc), (48 bytes).
    Removing rt_cmsis.o(i.osMailCreate), (44 bytes).
    Removing rt_cmsis.o(i.osMailFree), (28 bytes).
    Removing rt_cmsis.o(i.osMailGet), (22 bytes).
    Removing rt_cmsis.o(i.osMailPut), (20 bytes).
    Removing rt_cmsis.o(i.osMessageCreate), (44 bytes).
    Removing rt_cmsis.o(i.osMessagePut), (24 bytes).
    Removing rt_cmsis.o(i.osMutexCreate), (44 bytes).
    Removing rt_cmsis.o(i.osMutexDelete), (24 bytes).
    Removing rt_cmsis.o(i.osMutexRelease), (24 bytes).
    Removing rt_cmsis.o(i.osMutexWait), (24 bytes).
    Removing rt_cmsis.o(i.osPoolAlloc), (32 bytes).
    Removing rt_cmsis.o(i.osPoolCAlloc), (52 bytes).
    Removing rt_cmsis.o(i.osPoolCreate), (44 bytes).
    Removing rt_cmsis.o(i.osPoolFree), (32 bytes).
    Removing rt_cmsis.o(i.osSemaphoreCreate), (44 bytes).
    Removing rt_cmsis.o(i.osSemaphoreDelete), (24 bytes).
    Removing rt_cmsis.o(i.osSemaphoreRelease), (24 bytes).
    Removing rt_cmsis.o(i.osSemaphoreWait), (24 bytes).
    Removing rt_cmsis.o(i.osSignalClear), (24 bytes).
    Removing rt_cmsis.o(i.osSignalSet), (24 bytes).
    Removing rt_cmsis.o(i.osSignalWait), (24 bytes).
    Removing rt_cmsis.o(i.osThreadGetId), (24 bytes).
    Removing rt_cmsis.o(i.osThreadGetPriority), (24 bytes).
    Removing rt_cmsis.o(i.osThreadSetPriority), (24 bytes).
    Removing rt_cmsis.o(i.osThreadTerminate), (24 bytes).
    Removing rt_cmsis.o(i.osThreadYield), (24 bytes).
    Removing rt_cmsis.o(i.osTimerCreate), (44 bytes).
    Removing rt_cmsis.o(i.osTimerDelete), (24 bytes).
    Removing rt_cmsis.o(i.osTimerStart), (24 bytes).
    Removing rt_cmsis.o(i.osTimerStop), (24 bytes).
    Removing rt_cmsis.o(i.osWait), (4 bytes).
    Removing rt_cmsis.o(i.os_resume), (12 bytes).
    Removing rt_cmsis.o(i.os_suspend), (12 bytes).
    Removing rt_cmsis.o(i.rt_clr_box), (24 bytes).
    Removing rt_cmsis.o(i.rt_timer_remove), (60 bytes).
    Removing rt_cmsis.o(i.svcDelay), (18 bytes).
    Removing rt_cmsis.o(i.svcKernelRunning), (12 bytes).
    Removing rt_cmsis.o(i.svcKernelSysTick), (56 bytes).
    Removing rt_cmsis.o(i.svcMailCreate), (66 bytes).
    Removing rt_cmsis.o(i.svcMessagePut), (54 bytes).
    Removing rt_cmsis.o(i.svcMutexCreate), (28 bytes).
    Removing rt_cmsis.o(i.svcMutexDelete), (26 bytes).
    Removing rt_cmsis.o(i.svcMutexRelease), (34 bytes).
    Removing rt_cmsis.o(i.svcMutexWait), (58 bytes).
    Removing rt_cmsis.o(i.svcPoolCreate), (40 bytes).
    Removing rt_cmsis.o(i.svcSemaphoreCreate), (36 bytes).
    Removing rt_cmsis.o(i.svcSemaphoreDelete), (26 bytes).
    Removing rt_cmsis.o(i.svcSemaphoreRelease), (40 bytes).
    Removing rt_cmsis.o(i.svcSemaphoreWait), (50 bytes).
    Removing rt_cmsis.o(i.svcSignalClear), (36 bytes).
    Removing rt_cmsis.o(i.svcSignalSet), (36 bytes).
    Removing rt_cmsis.o(i.svcSignalWait), (84 bytes).
    Removing rt_cmsis.o(i.svcThreadGetPriority), (18 bytes).
    Removing rt_cmsis.o(i.svcThreadSetPriority), (46 bytes).
    Removing rt_cmsis.o(i.svcThreadYield), (10 bytes).
    Removing rt_cmsis.o(i.svcTimerCreate), (56 bytes).
    Removing rt_cmsis.o(i.svcTimerDelete), (40 bytes).
    Removing rt_cmsis.o(i.svcTimerStart), (100 bytes).
    Removing rt_cmsis.o(i.svcTimerStop), (36 bytes).
    Removing rt_cmsis.o(i.sysMailAlloc), (88 bytes).
    Removing rt_cmsis.o(i.sysMailFree), (96 bytes).
    Removing rt_cmsis.o(i.sysPoolAlloc), (10 bytes).
    Removing rt_cmsis.o(i.sysPoolFree), (20 bytes).
    Removing rt_cmsis.o(i.sysUserTimerUpdate), (48 bytes).
    Removing rt_cmsis.o(i.sysUserTimerWakeupTime), (20 bytes).
    Removing rt_task.o(i.rt_tsk_pass), (48 bytes).
    Removing rt_mutex.o(i.rt_mut_delete), (176 bytes).
    Removing rt_mutex.o(i.rt_mut_init), (16 bytes).
    Removing rt_system.o(.emb_text), (0 bytes).
    Removing rt_system.o(i.os_tick_ovf), (16 bytes).
    Removing rt_system.o(i.os_tick_val), (20 bytes).
    Removing rt_system.o(i.rt_resume), (136 bytes).
    Removing rt_system.o(i.rt_suspend), (36 bytes).
    Removing rt_system.o(i.rt_tsk_lock), (80 bytes).
    Removing rt_system.o(i.rt_tsk_unlock), (80 bytes).
    Removing rt_event.o(i.isr_evt_set), (40 bytes).
    Removing rt_event.o(i.rt_evt_clr), (28 bytes).
    Removing rt_event.o(i.rt_evt_get), (12 bytes).
    Removing rt_event.o(i.rt_evt_set), (92 bytes).
    Removing rt_event.o(i.rt_evt_wait), (60 bytes).
    Removing rt_list.o(i.rt_get_same_rdy_prio), (36 bytes).
    Removing rt_mailbox.o(i.rt_mbx_send), (152 bytes).
    Removing rt_semaphore.o(i.isr_sem_send), (16 bytes).
    Removing rt_semaphore.o(i.rt_sem_delete), (92 bytes).
    Removing rt_semaphore.o(i.rt_sem_init), (12 bytes).
    Removing rt_semaphore.o(i.rt_sem_send), (42 bytes).
    Removing rt_semaphore.o(i.rt_sem_wait), (64 bytes).
    Removing rt_time.o(i.rt_dly_wait), (6 bytes).
    Removing rt_time.o(i.rt_itv_set), (24 bytes).
    Removing rt_time.o(i.rt_itv_wait), (40 bytes).
    Removing rt_time.o(i.rt_time_get), (12 bytes).
    Removing rt_membox.o(i._calloc_box), (30 bytes).

178 unused section(s) (total 7068 bytes) removed from the image.

==============================================================================

Image Symbol Table

    Local Symbols

    Symbol Name                              Value     Ov Type        Size  Object(Section)

    ../clib/angel/boardlib.s                 0x00000000   Number         0  boardshut.o ABSOLUTE
    ../clib/angel/boardlib.s                 0x00000000   Number         0  boardinit1.o ABSOLUTE
    ../clib/angel/boardlib.s                 0x00000000   Number         0  boardinit2.o ABSOLUTE
    ../clib/angel/handlers.s                 0x00000000   Number         0  __scatter_zi.o ABSOLUTE
    ../clib/angel/handlers.s                 0x00000000   Number         0  __scatter_copy.o ABSOLUTE
    ../clib/angel/kernel.s                   0x00000000   Number         0  rtexit.o ABSOLUTE
    ../clib/angel/kernel.s                   0x00000000   Number         0  __rtentry.o ABSOLUTE
    ../clib/angel/kernel.s                   0x00000000   Number         0  rtexit2.o ABSOLUTE
    ../clib/angel/kernel.s                   0x00000000   Number         0  __rtentry4.o ABSOLUTE
    ../clib/angel/kernel.s                   0x00000000   Number         0  __rtentry2.o ABSOLUTE
    ../clib/angel/rt.s                       0x00000000   Number         0  rt_div0.o ABSOLUTE
    ../clib/angel/rt.s                       0x00000000   Number         0  rt_raise.o ABSOLUTE
    ../clib/angel/rt.s                       0x00000000   Number         0  aeabi_ldiv0_sigfpe.o ABSOLUTE
    ../clib/angel/rt.s                       0x00000000   Number         0  aeabi_ldiv0.o ABSOLUTE
    ../clib/angel/scatter.s                  0x00000000   Number         0  __scatter.o ABSOLUTE
    ../clib/angel/startup.s                  0x00000000   Number         0  __main.o ABSOLUTE
    ../clib/angel/sys.s                      0x00000000   Number         0  sys_stackheap_outer.o ABSOLUTE
    ../clib/angel/sys.s                      0x00000000   Number         0  use_no_semi.o ABSOLUTE
    ../clib/angel/sys.s                      0x00000000   Number         0  libspace.o ABSOLUTE
    ../clib/angel/sys.s                      0x00000000   Number         0  indicate_semi.o ABSOLUTE
    ../clib/angel/sysapp.c                   0x00000000   Number         0  sys_command.o ABSOLUTE
    ../clib/angel/sysapp.c                   0x00000000   Number         0  sys_exit.o ABSOLUTE
    ../clib/angel/sysapp.c                   0x00000000   Number         0  sys_wrch.o ABSOLUTE
    ../clib/armsys.c                         0x00000000   Number         0  _get_argv_nomalloc.o ABSOLUTE
    ../clib/armsys.c                         0x00000000   Number         0  argv_veneer.o ABSOLUTE
    ../clib/armsys.c                         0x00000000   Number         0  argv_veneer.o ABSOLUTE
    ../clib/armsys.c                         0x00000000   Number         0  no_argv.o ABSOLUTE
    ../clib/heapalloc.c                      0x00000000   Number         0  hrguard.o ABSOLUTE
    ../clib/heapaux.c                        0x00000000   Number         0  heapauxi.o ABSOLUTE
    ../clib/libinit.s                        0x00000000   Number         0  libshutdown2.o ABSOLUTE
    ../clib/libinit.s                        0x00000000   Number         0  libinit2.o ABSOLUTE
    ../clib/libinit.s                        0x00000000   Number         0  libshutdown.o ABSOLUTE
    ../clib/libinit.s                        0x00000000   Number         0  libinit.o ABSOLUTE
    ../clib/longlong.s                       0x00000000   Number         0  lludivv7m.o ABSOLUTE
    ../clib/signal.c                         0x00000000   Number         0  defsig_stak_inner.o ABSOLUTE
    ../clib/signal.c                         0x00000000   Number         0  defsig_rtmem_formal.o ABSOLUTE
    ../clib/signal.c                         0x00000000   Number         0  defsig_rtmem_outer.o ABSOLUTE
    ../clib/signal.c                         0x00000000   Number         0  defsig_rtmem_inner.o ABSOLUTE
    ../clib/signal.c                         0x00000000   Number         0  defsig_fpe_inner.o ABSOLUTE
    ../clib/signal.c                         0x00000000   Number         0  __raise.o ABSOLUTE
    ../clib/signal.c                         0x00000000   Number         0  defsig_general.o ABSOLUTE
    ../clib/signal.c                         0x00000000   Number         0  defsig_rtred_inner.o ABSOLUTE
    ../clib/signal.c                         0x00000000   Number         0  defsig_abrt_inner.o ABSOLUTE
    ../clib/signal.c                         0x00000000   Number         0  defsig_fpe_outer.o ABSOLUTE
    ../clib/signal.c                         0x00000000   Number         0  defsig_fpe_formal.o ABSOLUTE
    ../clib/signal.c                         0x00000000   Number         0  defsig_other.o ABSOLUTE
    ../clib/signal.c                         0x00000000   Number         0  defsig_cppl_inner.o ABSOLUTE
    ../clib/signal.c                         0x00000000   Number         0  defsig_segv_inner.o ABSOLUTE
    ../clib/signal.c                         0x00000000   Number         0  defsig_pvfn_inner.o ABSOLUTE
    ../clib/signal.c                         0x00000000   Number         0  defsig_exit.o ABSOLUTE
    ../clib/signal.s                         0x00000000   Number         0  defsig.o ABSOLUTE
    ../clib/stdlib.c                         0x00000000   Number         0  exit.o ABSOLUTE
    ../fplib/fpinit.s                        0x00000000   Number         0  fpinit.o ABSOLUTE
    ..\HAL_CM.c                              0x00000000   Number         0  hal_cm.o ABSOLUTE
    ..\\rt_CMSIS.c                           0x00000000   Number         0  rt_cmsis.o ABSOLUTE
    ..\\rt_System.c                          0x00000000   Number         0  rt_system.o ABSOLUTE
    ..\rt_CMSIS.c                            0x00000000   Number         0  rt_cmsis.o ABSOLUTE
    ..\rt_Event.c                            0x00000000   Number         0  rt_event.o ABSOLUTE
    ..\rt_List.c                             0x00000000   Number         0  rt_list.o ABSOLUTE
    ..\rt_Mailbox.c                          0x00000000   Number         0  rt_mailbox.o ABSOLUTE
    ..\rt_MemBox.c                           0x00000000   Number         0  rt_membox.o ABSOLUTE
    ..\rt_Memory.c                           0x00000000   Number         0  rt_memory.o ABSOLUTE
    ..\rt_Mutex.c                            0x00000000   Number         0  rt_mutex.o ABSOLUTE
    ..\rt_Robin.c                            0x00000000   Number         0  rt_robin.o ABSOLUTE
    ..\rt_Semaphore.c                        0x00000000   Number         0  rt_semaphore.o ABSOLUTE
    ..\rt_System.c                           0x00000000   Number         0  rt_system.o ABSOLUTE
    ..\rt_Task.c                             0x00000000   Number         0  rt_task.o ABSOLUTE
    ..\rt_Time.c                             0x00000000   Number         0  rt_time.o ABSOLUTE
    HAL_CM3.c                                0x00000000   Number         0  hal_cm3.o ABSOLUTE
    HAL_CM3.c                                0x00000000   Number         0  hal_cm3.o ABSOLUTE
    RTE\CMSIS\RTX_Conf_CM.c                  0x00000000   Number         0  rtx_conf_cm.o ABSOLUTE
    RTE\Device\STM32F103RB\startup_stm32f10x_md.s 0x00000000   Number         0  startup_stm32f10x_md.o ABSOLUTE
    RTE\Device\STM32F103RB\system_stm32f10x.c 0x00000000   Number         0  system_stm32f10x.o ABSOLUTE
    RTE\\CMSIS\\RTX_Conf_CM.c                0x00000000   Number         0  rtx_conf_cm.o ABSOLUTE
    RTE\\Device\\STM32F103RB\\system_stm32f10x.c 0x00000000   Number         0  system_stm32f10x.o ABSOLUTE
    SVC_Table.s                              0x00000000   Number         0  svc_table.o ABSOLUTE
    d:\Users\Ahmad\AppData\Local\Arm\Packs\Keil\STM32F1xx_DFP\2.1.0\Device\StdPeriph_Driver\src\misc.c 0x00000000   Number         0  misc.o ABSOLUTE
    d:\Users\Ahmad\AppData\Local\Arm\Packs\Keil\STM32F1xx_DFP\2.1.0\Device\StdPeriph_Driver\src\stm32f10x_gpio.c 0x00000000   Number         0  stm32f10x_gpio.o ABSOLUTE
    d:\Users\Ahmad\AppData\Local\Arm\Packs\Keil\STM32F1xx_DFP\2.1.0\Device\StdPeriph_Driver\src\stm32f10x_rcc.c 0x00000000   Number         0  stm32f10x_rcc.o ABSOLUTE
    d:\\Users\\Ahmad\\AppData\\Local\\Arm\\Packs\\Keil\\STM32F1xx_DFP\\2.1.0\\Device\\StdPeriph_Driver\\src\\misc.c 0x00000000   Number         0  misc.o ABSOLUTE
    d:\\Users\\Ahmad\\AppData\\Local\\Arm\\Packs\\Keil\\STM32F1xx_DFP\\2.1.0\\Device\\StdPeriph_Driver\\src\\stm32f10x_gpio.c 0x00000000   Number         0  stm32f10x_gpio.o ABSOLUTE
    d:\\Users\\Ahmad\\AppData\\Local\\Arm\\Packs\\Keil\\STM32F1xx_DFP\\2.1.0\\Device\\StdPeriph_Driver\\src\\stm32f10x_rcc.c 0x00000000   Number         0  stm32f10x_rcc.o ABSOLUTE
    dc.s                                     0x00000000   Number         0  dc.o ABSOLUTE
    src\ElevatorEvent.c                      0x00000000   Number         0  elevatorevent.o ABSOLUTE
    src\ElevatorStace.c                      0x00000000   Number         0  elevatorstace.o ABSOLUTE
    src\main.c                               0x00000000   Number         0  main.o ABSOLUTE
    RESET                                    0x08000000   Section      236  startup_stm32f10x_md.o(RESET)
    !!!main                                  0x080000ec   Section        8  __main.o(!!!main)
    !!!scatter                               0x080000f4   Section       52  __scatter.o(!!!scatter)
    !!handler_copy                           0x08000128   Section       26  __scatter_copy.o(!!handler_copy)
    !!handler_zi                             0x08000144   Section       28  __scatter_zi.o(!!handler_zi)
    .ARM.Collect$$libinit$$00000000          0x08000160   Section        2  libinit.o(.ARM.Collect$$libinit$$00000000)
    .ARM.Collect$$libinit$$00000002          0x08000162   Section        0  libinit2.o(.ARM.Collect$$libinit$$00000002)
    .ARM.Collect$$libinit$$00000004          0x08000162   Section        0  libinit2.o(.ARM.Collect$$libinit$$00000004)
    .ARM.Collect$$libinit$$0000000A          0x08000162   Section        0  libinit2.o(.ARM.Collect$$libinit$$0000000A)
    .ARM.Collect$$libinit$$0000000C          0x08000162   Section        0  libinit2.o(.ARM.Collect$$libinit$$0000000C)
    .ARM.Collect$$libinit$$0000000E          0x08000162   Section        0  libinit2.o(.ARM.Collect$$libinit$$0000000E)
    .ARM.Collect$$libinit$$00000011          0x08000162   Section        0  libinit2.o(.ARM.Collect$$libinit$$00000011)
    .ARM.Collect$$libinit$$00000013          0x08000162   Section        0  libinit2.o(.ARM.Collect$$libinit$$00000013)
    .ARM.Collect$$libinit$$00000015          0x08000162   Section        0  libinit2.o(.ARM.Collect$$libinit$$00000015)
    .ARM.Collect$$libinit$$00000017          0x08000162   Section        0  libinit2.o(.ARM.Collect$$libinit$$00000017)
    .ARM.Collect$$libinit$$00000019          0x08000162   Section        0  libinit2.o(.ARM.Collect$$libinit$$00000019)
    .ARM.Collect$$libinit$$0000001B          0x08000162   Section        0  libinit2.o(.ARM.Collect$$libinit$$0000001B)
    .ARM.Collect$$libinit$$0000001D          0x08000162   Section        0  libinit2.o(.ARM.Collect$$libinit$$0000001D)
    .ARM.Collect$$libinit$$0000001F          0x08000162   Section        0  libinit2.o(.ARM.Collect$$libinit$$0000001F)
    .ARM.Collect$$libinit$$00000021          0x08000162   Section        0  libinit2.o(.ARM.Collect$$libinit$$00000021)
    .ARM.Collect$$libinit$$00000023          0x08000162   Section        0  libinit2.o(.ARM.Collect$$libinit$$00000023)
    .ARM.Collect$$libinit$$00000025          0x08000162   Section        0  libinit2.o(.ARM.Collect$$libinit$$00000025)
    .ARM.Collect$$libinit$$0000002C          0x08000162   Section        0  libinit2.o(.ARM.Collect$$libinit$$0000002C)
    .ARM.Collect$$libinit$$0000002E          0x08000162   Section        0  libinit2.o(.ARM.Collect$$libinit$$0000002E)
    .ARM.Collect$$libinit$$00000030          0x08000162   Section        0  libinit2.o(.ARM.Collect$$libinit$$00000030)
    .ARM.Collect$$libinit$$00000032          0x08000162   Section        0  libinit2.o(.ARM.Collect$$libinit$$00000032)
    .ARM.Collect$$libinit$$00000033          0x08000162   Section        2  libinit2.o(.ARM.Collect$$libinit$$00000033)
    .ARM.Collect$$libshutdown$$00000000      0x08000164   Section        2  libshutdown.o(.ARM.Collect$$libshutdown$$00000000)
    .ARM.Collect$$libshutdown$$00000002      0x08000166   Section        0  libshutdown2.o(.ARM.Collect$$libshutdown$$00000002)
    .ARM.Collect$$libshutdown$$00000004      0x08000166   Section        0  libshutdown2.o(.ARM.Collect$$libshutdown$$00000004)
    .ARM.Collect$$libshutdown$$00000007      0x08000166   Section        0  libshutdown2.o(.ARM.Collect$$libshutdown$$00000007)
    .ARM.Collect$$libshutdown$$0000000A      0x08000166   Section        0  libshutdown2.o(.ARM.Collect$$libshutdown$$0000000A)
    .ARM.Collect$$libshutdown$$0000000C      0x08000166   Section        0  libshutdown2.o(.ARM.Collect$$libshutdown$$0000000C)
    .ARM.Collect$$libshutdown$$0000000F      0x08000166   Section        0  libshutdown2.o(.ARM.Collect$$libshutdown$$0000000F)
    .ARM.Collect$$libshutdown$$00000010      0x08000166   Section        2  libshutdown2.o(.ARM.Collect$$libshutdown$$00000010)
    .ARM.Collect$$rtentry$$00000000          0x08000168   Section        0  __rtentry.o(.ARM.Collect$$rtentry$$00000000)
    .ARM.Collect$$rtentry$$00000002          0x08000168   Section        0  __rtentry2.o(.ARM.Collect$$rtentry$$00000002)
    .ARM.Collect$$rtentry$$00000004          0x08000168   Section        6  __rtentry4.o(.ARM.Collect$$rtentry$$00000004)
    .ARM.Collect$$rtentry$$00000009          0x0800016e   Section        0  __rtentry2.o(.ARM.Collect$$rtentry$$00000009)
    .ARM.Collect$$rtentry$$0000000A          0x0800016e   Section        4  __rtentry2.o(.ARM.Collect$$rtentry$$0000000A)
    .ARM.Collect$$rtentry$$0000000B          0x08000172   Section        8  __rtentry2.o(.ARM.Collect$$rtentry$$0000000B)
    .ARM.Collect$$rtentry$$0000000D          0x0800017a   Section        8  __rtentry2.o(.ARM.Collect$$rtentry$$0000000D)
    .ARM.Collect$$rtexit$$00000000           0x08000182   Section        2  rtexit.o(.ARM.Collect$$rtexit$$00000000)
    .ARM.Collect$$rtexit$$00000002           0x08000184   Section        0  rtexit2.o(.ARM.Collect$$rtexit$$00000002)
    .ARM.Collect$$rtexit$$00000003           0x08000184   Section        4  rtexit2.o(.ARM.Collect$$rtexit$$00000003)
    .ARM.Collect$$rtexit$$00000004           0x08000188   Section        6  rtexit2.o(.ARM.Collect$$rtexit$$00000004)
    .emb_text                                0x08000190   Section       28  rtx_conf_cm.o(.emb_text)
    .emb_text                                0x080001ac   Section      304  hal_cm3.o(.emb_text)
    .text                                    0x080002dc   Section       64  startup_stm32f10x_md.o(.text)
    .text                                    0x0800031c   Section        8  libspace.o(.text)
    .text                                    0x08000324   Section        0  exit.o(.text)
    .text                                    0x08000336   Section        0  heapauxi.o(.text)
    .text                                    0x0800033c   Section        0  sys_exit.o(.text)
    .text                                    0x08000348   Section       74  sys_stackheap_outer.o(.text)
    .text                                    0x08000392   Section        2  use_no_semi.o(.text)
    .text                                    0x08000394   Section        0  indicate_semi.o(.text)
    SVC_TABLE                                0x08000394   Section        4  svc_table.o(SVC_TABLE)
    i.SetSysClock                            0x08000398   Section        0  system_stm32f10x.o(i.SetSysClock)
    SetSysClock                              0x08000399   Thumb Code     8  system_stm32f10x.o(i.SetSysClock)
    i.SetSysClockTo72                        0x080003a0   Section        0  system_stm32f10x.o(i.SetSysClockTo72)
    SetSysClockTo72                          0x080003a1   Thumb Code   214  system_stm32f10x.o(i.SetSysClockTo72)
    i.SystemInit                             0x08000480   Section        0  system_stm32f10x.o(i.SystemInit)
    i._init_box                              0x080004e0   Section        0  rt_membox.o(i._init_box)
    i._mutex_acquire                         0x08000528   Section        0  rtx_conf_cm.o(i._mutex_acquire)
    __tagsym$$used                           0x08000529   Number         0  rtx_conf_cm.o(i._mutex_acquire)
    i._mutex_release                         0x08000548   Section        0  rtx_conf_cm.o(i._mutex_release)
    __tagsym$$used                           0x08000549   Number         0  rtx_conf_cm.o(i._mutex_release)
    i.dbg_init                               0x08000564   Section        0  hal_cm.o(i.dbg_init)
    i.dbg_task_notify                        0x08000594   Section        0  hal_cm.o(i.dbg_task_notify)
    i.dbg_task_switch                        0x080005b4   Section        0  hal_cm.o(i.dbg_task_switch)
    i.isrMessageGet                          0x080005c4   Section        0  rt_cmsis.o(i.isrMessageGet)
    i.isrMessagePut                          0x080005ee   Section        0  rt_cmsis.o(i.isrMessagePut)
    i.isr_mbx_receive                        0x0800061c   Section        0  rt_mailbox.o(i.isr_mbx_receive)
    i.isr_mbx_send                           0x08000672   Section        0  rt_mailbox.o(i.isr_mbx_send)
    i.main                                   0x08000680   Section        0  main.o(i.main)
    i.osKernelInitialize                     0x08000684   Section        0  rt_cmsis.o(i.osKernelInitialize)
    i.osKernelStart                          0x080006a8   Section        0  rt_cmsis.o(i.osKernelStart)
    i.osMessageGet                           0x08000714   Section        0  rt_cmsis.o(i.osMessageGet)
    i.osThreadCreate                         0x0800072c   Section        0  rt_cmsis.o(i.osThreadCreate)
    i.osThreadExit                           0x08000758   Section        0  rt_cmsis.o(i.osThreadExit)
    i.osTimerCall                            0x08000770   Section        0  rt_cmsis.o(i.osTimerCall)
    i.osTimerThread                          0x0800077c   Section        0  rt_cmsis.o(i.osTimerThread)
    i.os_error                               0x080007a8   Section        0  rtx_conf_cm.o(i.os_error)
    i.os_idle_demon                          0x080007ca   Section        0  rtx_conf_cm.o(i.os_idle_demon)
    i.os_tick_init                           0x080007d0   Section        0  rt_system.o(i.os_tick_init)
    i.os_tick_irqack                         0x080007f8   Section        0  rt_system.o(i.os_tick_irqack)
    i.rt_alloc_box                           0x080007fa   Section        0  rt_membox.o(i.rt_alloc_box)
    i.rt_alloc_mem                           0x08000814   Section        0  rt_memory.o(i.rt_alloc_mem)
    i.rt_block                               0x08000854   Section        0  rt_task.o(i.rt_block)
    i.rt_chk_robin                           0x0800088c   Section        0  rt_robin.o(i.rt_chk_robin)
    i.rt_dec_dly                             0x080008d4   Section        0  rt_list.o(i.rt_dec_dly)
    i.rt_dispatch                            0x08000944   Section        0  rt_task.o(i.rt_dispatch)
    i.rt_evt_psh                             0x08000988   Section        0  rt_event.o(i.rt_evt_psh)
    i.rt_free_box                            0x080009d8   Section        0  rt_membox.o(i.rt_free_box)
    i.rt_free_mem                            0x08000a04   Section        0  rt_memory.o(i.rt_free_mem)
    i.rt_get_first                           0x08000a2c   Section        0  rt_list.o(i.rt_get_first)
    i.rt_id2obj                              0x08000a54   Section        0  rt_cmsis.o(i.rt_id2obj)
    rt_id2obj                                0x08000a55   Thumb Code     8  rt_cmsis.o(i.rt_id2obj)
    i.rt_init_context                        0x08000a5c   Section        0  rt_task.o(i.rt_init_context)
    rt_init_context                          0x08000a5d   Thumb Code    66  rt_task.o(i.rt_init_context)
    i.rt_init_mem                            0x08000aa4   Section        0  rt_memory.o(i.rt_init_mem)
    i.rt_init_robin                          0x08000ac0   Section        0  rt_robin.o(i.rt_init_robin)
    i.rt_init_stack                          0x08000ad8   Section        0  hal_cm.o(i.rt_init_stack)
    i.rt_mbx_check                           0x08000b58   Section        0  rt_mailbox.o(i.rt_mbx_check)
    i.rt_mbx_init                            0x08000b60   Section        0  rt_mailbox.o(i.rt_mbx_init)
    i.rt_mbx_psh                             0x08000b7c   Section        0  rt_mailbox.o(i.rt_mbx_psh)
    i.rt_mbx_wait                            0x08000c6c   Section        0  rt_mailbox.o(i.rt_mbx_wait)
    i.rt_ms2tick                             0x08000d20   Section        0  rt_cmsis.o(i.rt_ms2tick)
    rt_ms2tick                               0x08000d21   Thumb Code    58  rt_cmsis.o(i.rt_ms2tick)
    i.rt_mut_release                         0x08000d64   Section        0  rt_mutex.o(i.rt_mut_release)
    i.rt_mut_wait                            0x08000e3c   Section        0  rt_mutex.o(i.rt_mut_wait)
    i.rt_pop_req                             0x08000eb4   Section        0  rt_system.o(i.rt_pop_req)
    i.rt_psh_req                             0x08000f30   Section        0  rt_system.o(i.rt_psh_req)
    i.rt_psq_enq                             0x08000f50   Section        0  rt_list.o(i.rt_psq_enq)
    i.rt_put_dly                             0x08000fac   Section        0  rt_list.o(i.rt_put_dly)
    i.rt_put_prio                            0x08000ff4   Section        0  rt_list.o(i.rt_put_prio)
    i.rt_put_rdy_first                       0x0800102c   Section        0  rt_list.o(i.rt_put_rdy_first)
    i.rt_resort_prio                         0x08001040   Section        0  rt_list.o(i.rt_resort_prio)
    i.rt_ret_val                             0x08001074   Section        0  hal_cm.o(i.rt_ret_val)
    i.rt_ret_val2                            0x0800107a   Section        0  hal_cm.o(i.rt_ret_val2)
    i.rt_rmv_dly                             0x08001082   Section        0  rt_list.o(i.rt_rmv_dly)
    i.rt_rmv_list                            0x080010ac   Section        0  rt_list.o(i.rt_rmv_list)
    i.rt_sem_psh                             0x080010dc   Section        0  rt_semaphore.o(i.rt_sem_psh)
    i.rt_stk_check                           0x08001110   Section        0  rt_system.o(i.rt_stk_check)
    i.rt_switch_req                          0x08001134   Section        0  rt_task.o(i.rt_switch_req)
    i.rt_sys_init                            0x0800115c   Section        0  rt_task.o(i.rt_sys_init)
    i.rt_sys_start                           0x08001228   Section        0  rt_task.o(i.rt_sys_start)
    i.rt_systick                             0x080012a0   Section        0  rt_system.o(i.rt_systick)
    i.rt_tid2ptcb                            0x080012e0   Section        0  rt_cmsis.o(i.rt_tid2ptcb)
    rt_tid2ptcb                              0x080012e1   Thumb Code    18  rt_cmsis.o(i.rt_tid2ptcb)
    i.rt_timer_insert                        0x080012f4   Section        0  rt_cmsis.o(i.rt_timer_insert)
    rt_timer_insert                          0x080012f5   Thumb Code    48  rt_cmsis.o(i.rt_timer_insert)
    i.rt_tsk_create                          0x08001328   Section        0  rt_task.o(i.rt_tsk_create)
    i.rt_tsk_delete                          0x080013b0   Section        0  rt_task.o(i.rt_tsk_delete)
    i.rt_tsk_prio                            0x0800152c   Section        0  rt_task.o(i.rt_tsk_prio)
    i.rt_tsk_self                            0x080015a8   Section        0  rt_task.o(i.rt_tsk_self)
    i.svcKernelInitialize                    0x080015b8   Section        0  rt_cmsis.o(i.svcKernelInitialize)
    i.svcKernelStart                         0x08001628   Section        0  rt_cmsis.o(i.svcKernelStart)
    i.svcMessageCreate                       0x08001670   Section        0  rt_cmsis.o(i.svcMessageCreate)
    i.svcMessageGet                          0x08001694   Section        0  rt_cmsis.o(i.svcMessageGet)
    i.svcThreadCreate                        0x080016d0   Section        0  rt_cmsis.o(i.svcThreadCreate)
    i.svcThreadGetId                         0x0800173c   Section        0  rt_cmsis.o(i.svcThreadGetId)
    i.svcThreadTerminate                     0x08001758   Section        0  rt_cmsis.o(i.svcThreadTerminate)
    i.svcTimerCall                           0x08001790   Section        0  rt_cmsis.o(i.svcTimerCall)
    i.sysTimerTick                           0x080017a8   Section        0  rt_cmsis.o(i.sysTimerTick)
    .constdata                               0x08001804   Section      104  rtx_conf_cm.o(.constdata)
    __tagsym$$used                           0x08001820   Number         0  rtx_conf_cm.o(.constdata)
    __tagsym$$used                           0x08001824   Number         0  rtx_conf_cm.o(.constdata)
    __tagsym$$used                           0x08001828   Number         0  rtx_conf_cm.o(.constdata)
    __tagsym$$used                           0x0800182c   Number         0  rtx_conf_cm.o(.constdata)
    .data                                    0x20000000   Section       20  rtx_conf_cm.o(.data)
    nr_mutex                                 0x20000010   Data           4  rtx_conf_cm.o(.data)
    .data                                    0x20000014   Section        8  rt_cmsis.o(.data)
    .data                                    0x2000001c   Section        8  rt_task.o(.data)
    .data                                    0x20000024   Section        8  rt_system.o(.data)
    os_lock                                  0x20000024   Data           1  rt_system.o(.data)
    os_psh_flag                              0x20000025   Data           1  rt_system.o(.data)
    pend_flags                               0x20000026   Data           1  rt_system.o(.data)
    .data                                    0x2000002c   Section        4  rt_time.o(.data)
    .data                                    0x20000030   Section        8  rt_robin.o(.data)
    .data                                    0x20000038   Section        1  hal_cm.o(.data)
    .bss                                     0x20000040   Section     3016  rtx_conf_cm.o(.bss)
    std_libspace                             0x200008e8   Data         672  rtx_conf_cm.o(.bss)
    std_libmutex                             0x20000b88   Data         128  rtx_conf_cm.o(.bss)
    .bss                                     0x20000c08   Section       52  rt_task.o(.bss)
    .bss                                     0x20000c3c   Section       48  rt_list.o(.bss)
    .bss                                     0x20000c6c   Section       96  libspace.o(.bss)
    HEAP                                     0x20000cd0   Section      512  startup_stm32f10x_md.o(HEAP)
    Heap_Mem                                 0x20000cd0   Data         512  startup_stm32f10x_md.o(HEAP)
    STACK                                    0x20000ed0   Section     1024  startup_stm32f10x_md.o(STACK)
    Stack_Mem                                0x20000ed0   Data        1024  startup_stm32f10x_md.o(STACK)
    __initial_sp                             0x200012d0   Data           0  startup_stm32f10x_md.o(STACK)

    Global Symbols

    Symbol Name                              Value     Ov Type        Size  Object(Section)

    BuildAttributes$$THM_ISAv4$P$D$K$B$S$PE$A:L22UL41UL21$X:L11$S22US41US21$IEEE1$IW$USESV6$~STKCKD$USESV7$~SHL$OSPACE$ROPI$EBA8$UX$STANDARDLIB$REQ8$PRES8$EABIv2 0x00000000   Number         0  anon$$obj.o ABSOLUTE
    __ARM_use_no_argv                        0x00000000   Number         0  main.o ABSOLUTE
    __ARM_exceptions_init                     - Undefined Weak Reference
    __alloca_initialize                       - Undefined Weak Reference
    __arm_preinit_                            - Undefined Weak Reference
    __cpp_initialize__aeabi_                  - Undefined Weak Reference
    __cxa_finalize                            - Undefined Weak Reference
    __rt_locale                               - Undefined Weak Reference
    __sigvec_lookup                           - Undefined Weak Reference
    _atexit_init                              - Undefined Weak Reference
    _call_atexit_fns                          - Undefined Weak Reference
    _clock_init                               - Undefined Weak Reference
    _fp_trap_init                             - Undefined Weak Reference
    _fp_trap_shutdown                         - Undefined Weak Reference
    _get_lc_collate                           - Undefined Weak Reference
    _get_lc_ctype                             - Undefined Weak Reference
    _get_lc_monetary                          - Undefined Weak Reference
    _get_lc_numeric                           - Undefined Weak Reference
    _get_lc_time                              - Undefined Weak Reference
    _getenv_init                              - Undefined Weak Reference
    _handle_redirection                       - Undefined Weak Reference
    _init_alloc                               - Undefined Weak Reference
    _init_user_alloc                          - Undefined Weak Reference
    _initio                                   - Undefined Weak Reference
    _rand_init                                - Undefined Weak Reference
    _signal_finish                            - Undefined Weak Reference
    _signal_init                              - Undefined Weak Reference
    _terminate_alloc                          - Undefined Weak Reference
    _terminate_user_alloc                     - Undefined Weak Reference
    _terminateio                              - Undefined Weak Reference
    __Vectors_Size                           0x000000ec   Number         0  startup_stm32f10x_md.o ABSOLUTE
    __RL_RTX_VER                             0x00000482   Number         0  rt_system.o ABSOLUTE
    __Vectors                                0x08000000   Data           4  startup_stm32f10x_md.o(RESET)
    __Vectors_End                            0x080000ec   Data           0  startup_stm32f10x_md.o(RESET)
    __main                                   0x080000ed   Thumb Code     8  __main.o(!!!main)
    __scatterload                            0x080000f5   Thumb Code     0  __scatter.o(!!!scatter)
    __scatterload_rt2                        0x080000f5   Thumb Code    44  __scatter.o(!!!scatter)
    __scatterload_rt2_thumb_only             0x080000f5   Thumb Code     0  __scatter.o(!!!scatter)
    __scatterload_null                       0x08000103   Thumb Code     0  __scatter.o(!!!scatter)
    __scatterload_copy                       0x08000129   Thumb Code    26  __scatter_copy.o(!!handler_copy)
    __scatterload_zeroinit                   0x08000145   Thumb Code    28  __scatter_zi.o(!!handler_zi)
    __rt_lib_init                            0x08000161   Thumb Code     0  libinit.o(.ARM.Collect$$libinit$$00000000)
    __rt_lib_init_alloca_1                   0x08000163   Thumb Code     0  libinit2.o(.ARM.Collect$$libinit$$0000002E)
    __rt_lib_init_argv_1                     0x08000163   Thumb Code     0  libinit2.o(.ARM.Collect$$libinit$$0000002C)
    __rt_lib_init_atexit_1                   0x08000163   Thumb Code     0  libinit2.o(.ARM.Collect$$libinit$$0000001B)
    __rt_lib_init_clock_1                    0x08000163   Thumb Code     0  libinit2.o(.ARM.Collect$$libinit$$00000021)
    __rt_lib_init_cpp_1                      0x08000163   Thumb Code     0  libinit2.o(.ARM.Collect$$libinit$$00000032)
    __rt_lib_init_exceptions_1               0x08000163   Thumb Code     0  libinit2.o(.ARM.Collect$$libinit$$00000030)
    __rt_lib_init_fp_1                       0x08000163   Thumb Code     0  libinit2.o(.ARM.Collect$$libinit$$00000002)
    __rt_lib_init_fp_trap_1                  0x08000163   Thumb Code     0  libinit2.o(.ARM.Collect$$libinit$$0000001F)
    __rt_lib_init_getenv_1                   0x08000163   Thumb Code     0  libinit2.o(.ARM.Collect$$libinit$$00000023)
    __rt_lib_init_heap_1                     0x08000163   Thumb Code     0  libinit2.o(.ARM.Collect$$libinit$$0000000A)
    __rt_lib_init_lc_collate_1               0x08000163   Thumb Code     0  libinit2.o(.ARM.Collect$$libinit$$00000011)
    __rt_lib_init_lc_ctype_1                 0x08000163   Thumb Code     0  libinit2.o(.ARM.Collect$$libinit$$00000013)
    __rt_lib_init_lc_monetary_1              0x08000163   Thumb Code     0  libinit2.o(.ARM.Collect$$libinit$$00000015)
    __rt_lib_init_lc_numeric_1               0x08000163   Thumb Code     0  libinit2.o(.ARM.Collect$$libinit$$00000017)
    __rt_lib_init_lc_time_1                  0x08000163   Thumb Code     0  libinit2.o(.ARM.Collect$$libinit$$00000019)
    __rt_lib_init_preinit_1                  0x08000163   Thumb Code     0  libinit2.o(.ARM.Collect$$libinit$$00000004)
    __rt_lib_init_rand_1                     0x08000163   Thumb Code     0  libinit2.o(.ARM.Collect$$libinit$$0000000E)
    __rt_lib_init_return                     0x08000163   Thumb Code     0  libinit2.o(.ARM.Collect$$libinit$$00000033)
    __rt_lib_init_signal_1                   0x08000163   Thumb Code     0  libinit2.o(.ARM.Collect$$libinit$$0000001D)
    __rt_lib_init_stdio_1                    0x08000163   Thumb Code     0  libinit2.o(.ARM.Collect$$libinit$$00000025)
    __rt_lib_init_user_alloc_1               0x08000163   Thumb Code     0  libinit2.o(.ARM.Collect$$libinit$$0000000C)
    __rt_lib_shutdown                        0x08000165   Thumb Code     0  libshutdown.o(.ARM.Collect$$libshutdown$$00000000)
    __rt_lib_shutdown_cpp_1                  0x08000167   Thumb Code     0  libshutdown2.o(.ARM.Collect$$libshutdown$$00000002)
    __rt_lib_shutdown_fp_trap_1              0x08000167   Thumb Code     0  libshutdown2.o(.ARM.Collect$$libshutdown$$00000007)
    __rt_lib_shutdown_heap_1                 0x08000167   Thumb Code     0  libshutdown2.o(.ARM.Collect$$libshutdown$$0000000F)
    __rt_lib_shutdown_return                 0x08000167   Thumb Code     0  libshutdown2.o(.ARM.Collect$$libshutdown$$00000010)
    __rt_lib_shutdown_signal_1               0x08000167   Thumb Code     0  libshutdown2.o(.ARM.Collect$$libshutdown$$0000000A)
    __rt_lib_shutdown_stdio_1                0x08000167   Thumb Code     0  libshutdown2.o(.ARM.Collect$$libshutdown$$00000004)
    __rt_lib_shutdown_user_alloc_1           0x08000167   Thumb Code     0  libshutdown2.o(.ARM.Collect$$libshutdown$$0000000C)
    __rt_entry                               0x08000169   Thumb Code     0  __rtentry.o(.ARM.Collect$$rtentry$$00000000)
    __rt_entry_presh_1                       0x08000169   Thumb Code     0  __rtentry2.o(.ARM.Collect$$rtentry$$00000002)
    __rt_entry_sh                            0x08000169   Thumb Code     0  __rtentry4.o(.ARM.Collect$$rtentry$$00000004)
    __rt_entry_li                            0x0800016f   Thumb Code     0  __rtentry2.o(.ARM.Collect$$rtentry$$0000000A)
    __rt_entry_postsh_1                      0x0800016f   Thumb Code     0  __rtentry2.o(.ARM.Collect$$rtentry$$00000009)
    __rt_entry_postli_1                      0x08000173   Thumb Code     0  __rtentry2.o(.ARM.Collect$$rtentry$$0000000B)
    __rt_entry_main                          0x0800017b   Thumb Code     0  __rtentry2.o(.ARM.Collect$$rtentry$$0000000D)
    __rt_exit                                0x08000183   Thumb Code     0  rtexit.o(.ARM.Collect$$rtexit$$00000000)
    __rt_exit_ls                             0x08000185   Thumb Code     0  rtexit2.o(.ARM.Collect$$rtexit$$00000003)
    __rt_exit_prels_1                        0x08000185   Thumb Code     0  rtexit2.o(.ARM.Collect$$rtexit$$00000002)
    __rt_exit_exit                           0x08000189   Thumb Code     0  rtexit2.o(.ARM.Collect$$rtexit$$00000004)
    _platform_post_lib_init                  0x08000191   Thumb Code    24  rtx_conf_cm.o(.emb_text)
    rt_set_PSP                               0x080001ad   Thumb Code     6  hal_cm3.o(.emb_text)
    rt_get_PSP                               0x080001b3   Thumb Code     6  hal_cm3.o(.emb_text)
    os_set_env                               0x080001b9   Thumb Code    24  hal_cm3.o(.emb_text)
    _alloc_box                               0x080001d5   Thumb Code    28  hal_cm3.o(.emb_text)
    _free_box                                0x080001f5   Thumb Code    28  hal_cm3.o(.emb_text)
    SVC_Handler                              0x08000215   Thumb Code   108  hal_cm3.o(.emb_text)
    PendSV_Handler                           0x0800028d   Thumb Code    56  hal_cm3.o(.emb_text)
    SysTick_Handler                          0x080002c9   Thumb Code     8  hal_cm3.o(.emb_text)
    OS_Tick_Handler                          0x080002d1   Thumb Code    12  hal_cm3.o(.emb_text)
    Reset_Handler                            0x080002dd   Thumb Code     8  startup_stm32f10x_md.o(.text)
    NMI_Handler                              0x080002e5   Thumb Code     2  startup_stm32f10x_md.o(.text)
    HardFault_Handler                        0x080002e7   Thumb Code     2  startup_stm32f10x_md.o(.text)
    MemManage_Handler                        0x080002e9   Thumb Code     2  startup_stm32f10x_md.o(.text)
    BusFault_Handler                         0x080002eb   Thumb Code     2  startup_stm32f10x_md.o(.text)
    UsageFault_Handler                       0x080002ed   Thumb Code     2  startup_stm32f10x_md.o(.text)
    DebugMon_Handler                         0x080002f1   Thumb Code     2  startup_stm32f10x_md.o(.text)
    ADC1_2_IRQHandler                        0x080002f7   Thumb Code     0  startup_stm32f10x_md.o(.text)
    CAN1_RX1_IRQHandler                      0x080002f7   Thumb Code     0  startup_stm32f10x_md.o(.text)
    CAN1_SCE_IRQHandler                      0x080002f7   Thumb Code     0  startup_stm32f10x_md.o(.text)
    DMA1_Channel1_IRQHandler                 0x080002f7   Thumb Code     0  startup_stm32f10x_md.o(.text)
    DMA1_Channel2_IRQHandler                 0x080002f7   Thumb Code     0  startup_stm32f10x_md.o(.text)
    DMA1_Channel3_IRQHandler                 0x080002f7   Thumb Code     0  startup_stm32f10x_md.o(.text)
    DMA1_Channel4_IRQHandler                 0x080002f7   Thumb Code     0  startup_stm32f10x_md.o(.text)
    DMA1_Channel5_IRQHandler                 0x080002f7   Thumb Code     0  startup_stm32f10x_md.o(.text)
    DMA1_Channel6_IRQHandler                 0x080002f7   Thumb Code     0  startup_stm32f10x_md.o(.text)
    DMA1_Channel7_IRQHandler                 0x080002f7   Thumb Code     0  startup_stm32f10x_md.o(.text)
    EXTI0_IRQHandler                         0x080002f7   Thumb Code     0  startup_stm32f10x_md.o(.text)
    EXTI15_10_IRQHandler                     0x080002f7   Thumb Code     0  startup_stm32f10x_md.o(.text)
    EXTI1_IRQHandler                         0x080002f7   Thumb Code     0  startup_stm32f10x_md.o(.text)
    EXTI2_IRQHandler                         0x080002f7   Thumb Code     0  startup_stm32f10x_md.o(.text)
    EXTI3_IRQHandler                         0x080002f7   Thumb Code     0  startup_stm32f10x_md.o(.text)
    EXTI4_IRQHandler                         0x080002f7   Thumb Code     0  startup_stm32f10x_md.o(.text)
    EXTI9_5_IRQHandler                       0x080002f7   Thumb Code     0  startup_stm32f10x_md.o(.text)
    FLASH_IRQHandler                         0x080002f7   Thumb Code     0  startup_stm32f10x_md.o(.text)
    I2C1_ER_IRQHandler                       0x080002f7   Thumb Code     0  startup_stm32f10x_md.o(.text)
    I2C1_EV_IRQHandler                       0x080002f7   Thumb Code     0  startup_stm32f10x_md.o(.text)
    I2C2_ER_IRQHandler                       0x080002f7   Thumb Code     0  startup_stm32f10x_md.o(.text)
    I2C2_EV_IRQHandler                       0x080002f7   Thumb Code     0  startup_stm32f10x_md.o(.text)
    PVD_IRQHandler                           0x080002f7   Thumb Code     0  startup_stm32f10x_md.o(.text)
    RCC_IRQHandler                           0x080002f7   Thumb Code     0  startup_stm32f10x_md.o(.text)
    RTCAlarm_IRQHandler                      0x080002f7   Thumb Code     0  startup_stm32f10x_md.o(.text)
    RTC_IRQHandler                           0x080002f7   Thumb Code     0  startup_stm32f10x_md.o(.text)
    SPI1_IRQHandler                          0x080002f7   Thumb Code     0  startup_stm32f10x_md.o(.text)
    SPI2_IRQHandler                          0x080002f7   Thumb Code     0  startup_stm32f10x_md.o(.text)
    TAMPER_IRQHandler                        0x080002f7   Thumb Code     0  startup_stm32f10x_md.o(.text)
    TIM1_BRK_IRQHandler                      0x080002f7   Thumb Code     0  startup_stm32f10x_md.o(.text)
    TIM1_CC_IRQHandler                       0x080002f7   Thumb Code     0  startup_stm32f10x_md.o(.text)
    TIM1_TRG_COM_IRQHandler                  0x080002f7   Thumb Code     0  startup_stm32f10x_md.o(.text)
    TIM1_UP_IRQHandler                       0x080002f7   Thumb Code     0  startup_stm32f10x_md.o(.text)
    TIM2_IRQHandler                          0x080002f7   Thumb Code     0  startup_stm32f10x_md.o(.text)
    TIM3_IRQHandler                          0x080002f7   Thumb Code     0  startup_stm32f10x_md.o(.text)
    TIM4_IRQHandler                          0x080002f7   Thumb Code     0  startup_stm32f10x_md.o(.text)
    USART1_IRQHandler                        0x080002f7   Thumb Code     0  startup_stm32f10x_md.o(.text)
    USART2_IRQHandler                        0x080002f7   Thumb Code     0  startup_stm32f10x_md.o(.text)
    USART3_IRQHandler                        0x080002f7   Thumb Code     0  startup_stm32f10x_md.o(.text)
    USBWakeUp_IRQHandler                     0x080002f7   Thumb Code     0  startup_stm32f10x_md.o(.text)
    USB_HP_CAN1_TX_IRQHandler                0x080002f7   Thumb Code     0  startup_stm32f10x_md.o(.text)
    USB_LP_CAN1_RX0_IRQHandler               0x080002f7   Thumb Code     0  startup_stm32f10x_md.o(.text)
    WWDG_IRQHandler                          0x080002f7   Thumb Code     0  startup_stm32f10x_md.o(.text)
    __user_initial_stackheap                 0x080002f9   Thumb Code     0  startup_stm32f10x_md.o(.text)
    __user_libspace                          0x0800031d   Thumb Code     8  libspace.o(.text)
    __user_perproc_libspace                  0x0800031d   Thumb Code     0  libspace.o(.text)
    exit                                     0x08000325   Thumb Code    18  exit.o(.text)
    __use_two_region_memory                  0x08000337   Thumb Code     2  heapauxi.o(.text)
    __rt_heap_escrow$2region                 0x08000339   Thumb Code     2  heapauxi.o(.text)
    __rt_heap_expand$2region                 0x0800033b   Thumb Code     2  heapauxi.o(.text)
    _sys_exit                                0x0800033d   Thumb Code     8  sys_exit.o(.text)
    __user_setup_stackheap                   0x08000349   Thumb Code    74  sys_stackheap_outer.o(.text)
    __I$use$semihosting                      0x08000393   Thumb Code     0  use_no_semi.o(.text)
    __use_no_semihosting_swi                 0x08000393   Thumb Code     2  use_no_semi.o(.text)
    SVC_Count                                0x08000394   Data           4  svc_table.o(SVC_TABLE)
    __semihosting_library_function           0x08000395   Thumb Code     0  indicate_semi.o(.text)
    SVC_Table                                0x08000398   Data           0  svc_table.o(SVC_TABLE)
    SystemInit                               0x08000481   Thumb Code    78  system_stm32f10x.o(i.SystemInit)
    _init_box                                0x080004e1   Thumb Code    70  rt_membox.o(i._init_box)
    _mutex_acquire                           0x08000529   Thumb Code    22  rtx_conf_cm.o(i._mutex_acquire)
    _mutex_release                           0x08000549   Thumb Code    18  rtx_conf_cm.o(i._mutex_release)
    dbg_init                                 0x08000565   Thumb Code    34  hal_cm.o(i.dbg_init)
    dbg_task_notify                          0x08000595   Thumb Code    32  hal_cm.o(i.dbg_task_notify)
    dbg_task_switch                          0x080005b5   Thumb Code    16  hal_cm.o(i.dbg_task_switch)
    isrMessageGet                            0x080005c5   Thumb Code    42  rt_cmsis.o(i.isrMessageGet)
    isrMessagePut                            0x080005ef   Thumb Code    44  rt_cmsis.o(i.isrMessagePut)
    isr_mbx_receive                          0x0800061d   Thumb Code    86  rt_mailbox.o(i.isr_mbx_receive)
    isr_mbx_send                             0x08000673   Thumb Code    14  rt_mailbox.o(i.isr_mbx_send)
    main                                     0x08000681   Thumb Code     4  main.o(i.main)
    osKernelInitialize                       0x08000685   Thumb Code    30  rt_cmsis.o(i.osKernelInitialize)
    osKernelStart                            0x080006a9   Thumb Code    98  rt_cmsis.o(i.osKernelStart)
    osMessageGet                             0x08000715   Thumb Code    18  rt_cmsis.o(i.osMessageGet)
    osThreadCreate                           0x0800072d   Thumb Code    36  rt_cmsis.o(i.osThreadCreate)
    osThreadExit                             0x08000759   Thumb Code    14  rt_cmsis.o(i.osThreadExit)
    osTimerCall                              0x08000771   Thumb Code     8  rt_cmsis.o(i.osTimerCall)
    osTimerThread                            0x0800077d   Thumb Code    38  rt_cmsis.o(i.osTimerThread)
    os_error                                 0x080007a9   Thumb Code    34  rtx_conf_cm.o(i.os_error)
    os_idle_demon                            0x080007cb   Thumb Code     4  rtx_conf_cm.o(i.os_idle_demon)
    os_tick_init                             0x080007d1   Thumb Code    32  rt_system.o(i.os_tick_init)
    os_tick_irqack                           0x080007f9   Thumb Code     2  rt_system.o(i.os_tick_irqack)
    rt_alloc_box                             0x080007fb   Thumb Code    26  rt_membox.o(i.rt_alloc_box)
    rt_alloc_mem                             0x08000815   Thumb Code    62  rt_memory.o(i.rt_alloc_mem)
    rt_block                                 0x08000855   Thumb Code    48  rt_task.o(i.rt_block)
    rt_chk_robin                             0x0800088d   Thumb Code    60  rt_robin.o(i.rt_chk_robin)
    rt_dec_dly                               0x080008d5   Thumb Code   102  rt_list.o(i.rt_dec_dly)
    rt_dispatch                              0x08000945   Thumb Code    60  rt_task.o(i.rt_dispatch)
    rt_evt_psh                               0x08000989   Thumb Code    76  rt_event.o(i.rt_evt_psh)
    rt_free_box                              0x080009d9   Thumb Code    44  rt_membox.o(i.rt_free_box)
    rt_free_mem                              0x08000a05   Thumb Code    40  rt_memory.o(i.rt_free_mem)
    rt_get_first                             0x08000a2d   Thumb Code    40  rt_list.o(i.rt_get_first)
    rt_init_mem                              0x08000aa5   Thumb Code    26  rt_memory.o(i.rt_init_mem)
    rt_init_robin                            0x08000ac1   Thumb Code    14  rt_robin.o(i.rt_init_robin)
    rt_init_stack                            0x08000ad9   Thumb Code   118  hal_cm.o(i.rt_init_stack)
    rt_mbx_check                             0x08000b59   Thumb Code     8  rt_mailbox.o(i.rt_mbx_check)
    rt_mbx_init                              0x08000b61   Thumb Code    26  rt_mailbox.o(i.rt_mbx_init)
    rt_mbx_psh                               0x08000b7d   Thumb Code   236  rt_mailbox.o(i.rt_mbx_psh)
    rt_mbx_wait                              0x08000c6d   Thumb Code   174  rt_mailbox.o(i.rt_mbx_wait)
    rt_mut_release                           0x08000d65   Thumb Code   208  rt_mutex.o(i.rt_mut_release)
    rt_mut_wait                              0x08000e3d   Thumb Code   114  rt_mutex.o(i.rt_mut_wait)
    rt_pop_req                               0x08000eb5   Thumb Code   112  rt_system.o(i.rt_pop_req)
    rt_psh_req                               0x08000f31   Thumb Code    22  rt_system.o(i.rt_psh_req)
    rt_psq_enq                               0x08000f51   Thumb Code    88  rt_list.o(i.rt_psq_enq)
    rt_put_dly                               0x08000fad   Thumb Code    68  rt_list.o(i.rt_put_dly)
    rt_put_prio                              0x08000ff5   Thumb Code    54  rt_list.o(i.rt_put_prio)
    rt_put_rdy_first                         0x0800102d   Thumb Code    14  rt_list.o(i.rt_put_rdy_first)
    rt_resort_prio                           0x08001041   Thumb Code    46  rt_list.o(i.rt_resort_prio)
    rt_ret_val                               0x08001075   Thumb Code     6  hal_cm.o(i.rt_ret_val)
    rt_ret_val2                              0x0800107b   Thumb Code     8  hal_cm.o(i.rt_ret_val2)
    rt_rmv_dly                               0x08001083   Thumb Code    40  rt_list.o(i.rt_rmv_dly)
    rt_rmv_list                              0x080010ad   Thumb Code    44  rt_list.o(i.rt_rmv_list)
    rt_sem_psh                               0x080010dd   Thumb Code    48  rt_semaphore.o(i.rt_sem_psh)
    rt_stk_check                             0x08001111   Thumb Code    28  rt_system.o(i.rt_stk_check)
    rt_switch_req                            0x08001135   Thumb Code    30  rt_task.o(i.rt_switch_req)
    rt_sys_init                              0x0800115d   Thumb Code   138  rt_task.o(i.rt_sys_init)
    rt_sys_start                             0x08001229   Thumb Code   110  rt_task.o(i.rt_sys_start)
    rt_systick                               0x080012a1   Thumb Code    50  rt_system.o(i.rt_systick)
    rt_tsk_create                            0x08001329   Thumb Code   118  rt_task.o(i.rt_tsk_create)
    rt_tsk_delete                            0x080013b1   Thumb Code   352  rt_task.o(i.rt_tsk_delete)
    rt_tsk_prio                              0x0800152d   Thumb Code   108  rt_task.o(i.rt_tsk_prio)
    rt_tsk_self                              0x080015a9   Thumb Code    12  rt_task.o(i.rt_tsk_self)
    svcKernelInitialize                      0x080015b9   Thumb Code    80  rt_cmsis.o(i.svcKernelInitialize)
    svcKernelStart                           0x08001629   Thumb Code    62  rt_cmsis.o(i.svcKernelStart)
    svcMessageCreate                         0x08001671   Thumb Code    36  rt_cmsis.o(i.svcMessageCreate)
    svcMessageGet                            0x08001695   Thumb Code    58  rt_cmsis.o(i.svcMessageGet)
    svcThreadCreate                          0x080016d1   Thumb Code    96  rt_cmsis.o(i.svcThreadCreate)
    svcThreadGetId                           0x0800173d   Thumb Code    22  rt_cmsis.o(i.svcThreadGetId)
    svcThreadTerminate                       0x08001759   Thumb Code    50  rt_cmsis.o(i.svcThreadTerminate)
    svcTimerCall                             0x08001791   Thumb Code    24  rt_cmsis.o(i.svcTimerCall)
    sysTimerTick                             0x080017a9   Thumb Code    84  rt_cmsis.o(i.sysTimerTick)
    os_maxtaskrun                            0x08001804   Data           2  rtx_conf_cm.o(.constdata)
    os_stackinfo                             0x08001808   Data           4  rtx_conf_cm.o(.constdata)
    os_rrobin                                0x0800180c   Data           4  rtx_conf_cm.o(.constdata)
    os_tickfreq                              0x08001810   Data           4  rtx_conf_cm.o(.constdata)
    os_tickus_i                              0x08001814   Data           2  rtx_conf_cm.o(.constdata)
    os_tickus_f                              0x08001816   Data           2  rtx_conf_cm.o(.constdata)
    os_trv                                   0x08001818   Data           4  rtx_conf_cm.o(.constdata)
    os_flags                                 0x0800181c   Data           1  rtx_conf_cm.o(.constdata)
    CMSIS_RTOS_API_Version                   0x08001820   Data           4  rtx_conf_cm.o(.constdata)
    CMSIS_RTOS_RTX_Version                   0x08001824   Data           4  rtx_conf_cm.o(.constdata)
    os_clockrate                             0x08001828   Data           4  rtx_conf_cm.o(.constdata)
    os_timernum                              0x0800182c   Data           4  rtx_conf_cm.o(.constdata)
    mp_tcb_size                              0x08001830   Data           2  rtx_conf_cm.o(.constdata)
    mp_stk_size                              0x08001834   Data           4  rtx_conf_cm.o(.constdata)
    os_stack_sz                              0x08001838   Data           4  rtx_conf_cm.o(.constdata)
    os_fifo_size                             0x0800183c   Data           1  rtx_conf_cm.o(.constdata)
    os_thread_def_osTimerThread              0x08001840   Data          16  rtx_conf_cm.o(.constdata)
    os_messageQ_def_osTimerMessageQ          0x08001850   Data           8  rtx_conf_cm.o(.constdata)
    mp_tmr_size                              0x08001858   Data           2  rtx_conf_cm.o(.constdata)
    os_thread_def_main                       0x0800185c   Data          16  rtx_conf_cm.o(.constdata)
    Region$$Table$$Base                      0x0800186c   Number         0  anon$$obj.o(Region$$Table)
    Region$$Table$$Limit                     0x0800188c   Number         0  anon$$obj.o(Region$$Table)
    osThreadId_osTimerThread                 0x20000000   Data           4  rtx_conf_cm.o(.data)
    osMessageQId_osTimerMessageQ             0x20000004   Data           4  rtx_conf_cm.o(.data)
    os_tmr                                   0x20000008   Data           4  rtx_conf_cm.o(.data)
    m_tmr                                    0x2000000c   Data           4  rtx_conf_cm.o(.data)
    os_initialized                           0x20000014   Data           1  rt_cmsis.o(.data)
    os_running                               0x20000015   Data           1  rt_cmsis.o(.data)
    os_timer_head                            0x20000018   Data           4  rt_cmsis.o(.data)
    os_tsk                                   0x2000001c   Data           8  rt_task.o(.data)
    os_tick_irqn                             0x20000028   Data           4  rt_system.o(.data)
    os_time                                  0x2000002c   Data           4  rt_time.o(.data)
    os_robin                                 0x20000030   Data           8  rt_robin.o(.data)
    dbg_msg                                  0x20000038   Data           1  hal_cm.o(.data)
    mp_tcb                                   0x20000040   Data         376  rtx_conf_cm.o(.bss)
    mp_stk                                   0x200001b8   Data        1216  rtx_conf_cm.o(.bss)
    os_stack_mem                             0x20000678   Data         432  rtx_conf_cm.o(.bss)
    os_fifo                                  0x20000828   Data         132  rtx_conf_cm.o(.bss)
    os_active_TCB                            0x200008ac   Data          28  rtx_conf_cm.o(.bss)
    os_messageQ_q_osTimerMessageQ            0x200008c8   Data          32  rtx_conf_cm.o(.bss)
    os_idle_TCB                              0x20000c08   Data          52  rt_task.o(.bss)
    os_rdy                                   0x20000c3c   Data          24  rt_list.o(.bss)
    os_dly                                   0x20000c54   Data          24  rt_list.o(.bss)
    __libspace_start                         0x20000c6c   Data          96  libspace.o(.bss)
    __temporary_stack_top$libspace           0x20000ccc   Data           0  libspace.o(.bss)



==============================================================================

Memory Map of the image

  Image Entry point : 0x080002dd

  Load Region LR_1 (Base: 0x08000000, Size: 0x000018c8, Max: 0xffffffff, ABSOLUTE)

    Execution Region ER_RO (Exec base: 0x08000000, Load base: 0x08000000, Size: 0x0000188c, Max: 0xffffffff, ABSOLUTE)

    Exec Addr    Load Addr    Size         Type   Attr      Idx    E Section Name        Object

    0x08000000   0x08000000   0x000000ec   Data   RO          128    RESET               startup_stm32f10x_md.o
    0x080000ec   0x080000ec   0x00000008   Code   RO         1819  * !!!main             c_w.l(__main.o)
    0x080000f4   0x080000f4   0x00000034   Code   RO         1980    !!!scatter          c_w.l(__scatter.o)
    0x08000128   0x08000128   0x0000001a   Code   RO         1982    !!handler_copy      c_w.l(__scatter_copy.o)
    0x08000142   0x08000142   0x00000002   PAD
    0x08000144   0x08000144   0x0000001c   Code   RO         1984    !!handler_zi        c_w.l(__scatter_zi.o)
    0x08000160   0x08000160   0x00000002   Code   RO         1866    .ARM.Collect$$libinit$$00000000  c_w.l(libinit.o)
    0x08000162   0x08000162   0x00000000   Code   RO         1878    .ARM.Collect$$libinit$$00000002  c_w.l(libinit2.o)
    0x08000162   0x08000162   0x00000000   Code   RO         1880    .ARM.Collect$$libinit$$00000004  c_w.l(libinit2.o)
    0x08000162   0x08000162   0x00000000   Code   RO         1883    .ARM.Collect$$libinit$$0000000A  c_w.l(libinit2.o)
    0x08000162   0x08000162   0x00000000   Code   RO         1885    .ARM.Collect$$libinit$$0000000C  c_w.l(libinit2.o)
    0x08000162   0x08000162   0x00000000   Code   RO         1887    .ARM.Collect$$libinit$$0000000E  c_w.l(libinit2.o)
    0x08000162   0x08000162   0x00000000   Code   RO         1890    .ARM.Collect$$libinit$$00000011  c_w.l(libinit2.o)
    0x08000162   0x08000162   0x00000000   Code   RO         1892    .ARM.Collect$$libinit$$00000013  c_w.l(libinit2.o)
    0x08000162   0x08000162   0x00000000   Code   RO         1894    .ARM.Collect$$libinit$$00000015  c_w.l(libinit2.o)
    0x08000162   0x08000162   0x00000000   Code   RO         1896    .ARM.Collect$$libinit$$00000017  c_w.l(libinit2.o)
    0x08000162   0x08000162   0x00000000   Code   RO         1898    .ARM.Collect$$libinit$$00000019  c_w.l(libinit2.o)
    0x08000162   0x08000162   0x00000000   Code   RO         1900    .ARM.Collect$$libinit$$0000001B  c_w.l(libinit2.o)
    0x08000162   0x08000162   0x00000000   Code   RO         1902    .ARM.Collect$$libinit$$0000001D  c_w.l(libinit2.o)
    0x08000162   0x08000162   0x00000000   Code   RO         1904    .ARM.Collect$$libinit$$0000001F  c_w.l(libinit2.o)
    0x08000162   0x08000162   0x00000000   Code   RO         1906    .ARM.Collect$$libinit$$00000021  c_w.l(libinit2.o)
    0x08000162   0x08000162   0x00000000   Code   RO         1908    .ARM.Collect$$libinit$$00000023  c_w.l(libinit2.o)
    0x08000162   0x08000162   0x00000000   Code   RO         1910    .ARM.Collect$$libinit$$00000025  c_w.l(libinit2.o)
    0x08000162   0x08000162   0x00000000   Code   RO         1914    .ARM.Collect$$libinit$$0000002C  c_w.l(libinit2.o)
    0x08000162   0x08000162   0x00000000   Code   RO         1916    .ARM.Collect$$libinit$$0000002E  c_w.l(libinit2.o)
    0x08000162   0x08000162   0x00000000   Code   RO         1918    .ARM.Collect$$libinit$$00000030  c_w.l(libinit2.o)
    0x08000162   0x08000162   0x00000000   Code   RO         1920    .ARM.Collect$$libinit$$00000032  c_w.l(libinit2.o)
    0x08000162   0x08000162   0x00000002   Code   RO         1921    .ARM.Collect$$libinit$$00000033  c_w.l(libinit2.o)
    0x08000164   0x08000164   0x00000002   Code   RO         1867    .ARM.Collect$$libshutdown$$00000000  c_w.l(libshutdown.o)
    0x08000166   0x08000166   0x00000000   Code   RO         1923    .ARM.Collect$$libshutdown$$00000002  c_w.l(libshutdown2.o)
    0x08000166   0x08000166   0x00000000   Code   RO         1925    .ARM.Collect$$libshutdown$$00000004  c_w.l(libshutdown2.o)
    0x08000166   0x08000166   0x00000000   Code   RO         1928    .ARM.Collect$$libshutdown$$00000007  c_w.l(libshutdown2.o)
    0x08000166   0x08000166   0x00000000   Code   RO         1931    .ARM.Collect$$libshutdown$$0000000A  c_w.l(libshutdown2.o)
    0x08000166   0x08000166   0x00000000   Code   RO         1933    .ARM.Collect$$libshutdown$$0000000C  c_w.l(libshutdown2.o)
    0x08000166   0x08000166   0x00000000   Code   RO         1936    .ARM.Collect$$libshutdown$$0000000F  c_w.l(libshutdown2.o)
    0x08000166   0x08000166   0x00000002   Code   RO         1937    .ARM.Collect$$libshutdown$$00000010  c_w.l(libshutdown2.o)
    0x08000168   0x08000168   0x00000000   Code   RO         1821    .ARM.Collect$$rtentry$$00000000  c_w.l(__rtentry.o)
    0x08000168   0x08000168   0x00000000   Code   RO         1829    .ARM.Collect$$rtentry$$00000002  c_w.l(__rtentry2.o)
    0x08000168   0x08000168   0x00000006   Code   RO         1841    .ARM.Collect$$rtentry$$00000004  c_w.l(__rtentry4.o)
    0x0800016e   0x0800016e   0x00000000   Code   RO         1831    .ARM.Collect$$rtentry$$00000009  c_w.l(__rtentry2.o)
    0x0800016e   0x0800016e   0x00000004   Code   RO         1832    .ARM.Collect$$rtentry$$0000000A  c_w.l(__rtentry2.o)
    0x08000172   0x08000172   0x00000008   Code   RO         1833    .ARM.Collect$$rtentry$$0000000B  c_w.l(__rtentry2.o)
    0x0800017a   0x0800017a   0x00000008   Code   RO         1835    .ARM.Collect$$rtentry$$0000000D  c_w.l(__rtentry2.o)
    0x08000182   0x08000182   0x00000002   Code   RO         1822    .ARM.Collect$$rtexit$$00000000  c_w.l(rtexit.o)
    0x08000184   0x08000184   0x00000000   Code   RO         1844    .ARM.Collect$$rtexit$$00000002  c_w.l(rtexit2.o)
    0x08000184   0x08000184   0x00000004   Code   RO         1845    .ARM.Collect$$rtexit$$00000003  c_w.l(rtexit2.o)
    0x08000188   0x08000188   0x00000006   Code   RO         1846    .ARM.Collect$$rtexit$$00000004  c_w.l(rtexit2.o)
    0x0800018e   0x0800018e   0x00000002   PAD
    0x08000190   0x08000190   0x0000001c   Code   RO           64    .emb_text           rtx_conf_cm.o
    0x080001ac   0x080001ac   0x00000130   Code   RO         1795    .emb_text           RTX_CM3.lib(hal_cm3.o)
    0x080002dc   0x080002dc   0x00000040   Code   RO          129  * .text               startup_stm32f10x_md.o
    0x0800031c   0x0800031c   0x00000008   Code   RO         1810    .text               c_w.l(libspace.o)
    0x08000324   0x08000324   0x00000012   Code   RO         1815    .text               c_w.l(exit.o)
    0x08000336   0x08000336   0x00000006   Code   RO         1817    .text               c_w.l(heapauxi.o)
    0x0800033c   0x0800033c   0x0000000c   Code   RO         1852    .text               c_w.l(sys_exit.o)
    0x08000348   0x08000348   0x0000004a   Code   RO         1854    .text               c_w.l(sys_stackheap_outer.o)
    0x08000392   0x08000392   0x00000002   Code   RO         1868    .text               c_w.l(use_no_semi.o)
    0x08000394   0x08000394   0x00000000   Code   RO         1870    .text               c_w.l(indicate_semi.o)
    0x08000394   0x08000394   0x00000004   Code   RO         1805    SVC_TABLE           RTX_CM3.lib(svc_table.o)
    0x08000398   0x08000398   0x00000008   Code   RO          136    i.SetSysClock       system_stm32f10x.o
    0x080003a0   0x080003a0   0x000000e0   Code   RO          137    i.SetSysClockTo72   system_stm32f10x.o
    0x08000480   0x08000480   0x00000060   Code   RO          139    i.SystemInit        system_stm32f10x.o
    0x080004e0   0x080004e0   0x00000046   Code   RO         1694    i._init_box         RTX_CM3.lib(rt_membox.o)
    0x08000526   0x08000526   0x00000002   PAD
    0x08000528   0x08000528   0x00000020   Code   RO           66    i._mutex_acquire    rtx_conf_cm.o
    0x08000548   0x08000548   0x0000001c   Code   RO           68    i._mutex_release    rtx_conf_cm.o
    0x08000564   0x08000564   0x00000030   Code   RO         1747    i.dbg_init          RTX_CM3.lib(hal_cm.o)
    0x08000594   0x08000594   0x00000020   Code   RO         1748    i.dbg_task_notify   RTX_CM3.lib(hal_cm.o)
    0x080005b4   0x080005b4   0x00000010   Code   RO         1749    i.dbg_task_switch   RTX_CM3.lib(hal_cm.o)
    0x080005c4   0x080005c4   0x0000002a   Code   RO          603    i.isrMessageGet     RTX_CM3.lib(rt_cmsis.o)
    0x080005ee   0x080005ee   0x0000002c   Code   RO          604    i.isrMessagePut     RTX_CM3.lib(rt_cmsis.o)
    0x0800061a   0x0800061a   0x00000002   PAD
    0x0800061c   0x0800061c   0x00000056   Code   RO         1549    i.isr_mbx_receive   RTX_CM3.lib(rt_mailbox.o)
    0x08000672   0x08000672   0x0000000e   Code   RO         1550    i.isr_mbx_send      RTX_CM3.lib(rt_mailbox.o)
    0x08000680   0x08000680   0x00000004   Code   RO            1    i.main              main.o
    0x08000684   0x08000684   0x00000024   Code   RO          608    i.osKernelInitialize  RTX_CM3.lib(rt_cmsis.o)
    0x080006a8   0x080006a8   0x0000006c   Code   RO          610    i.osKernelStart     RTX_CM3.lib(rt_cmsis.o)
    0x08000714   0x08000714   0x00000018   Code   RO          619    i.osMessageGet      RTX_CM3.lib(rt_cmsis.o)
    0x0800072c   0x0800072c   0x0000002c   Code   RO          636    i.osThreadCreate    RTX_CM3.lib(rt_cmsis.o)
    0x08000758   0x08000758   0x00000018   Code   RO          637    i.osThreadExit      RTX_CM3.lib(rt_cmsis.o)
    0x08000770   0x08000770   0x0000000c   Code   RO          643    i.osTimerCall       RTX_CM3.lib(rt_cmsis.o)
    0x0800077c   0x0800077c   0x0000002c   Code   RO          648    i.osTimerThread     RTX_CM3.lib(rt_cmsis.o)
    0x080007a8   0x080007a8   0x00000022   Code   RO           69    i.os_error          rtx_conf_cm.o
    0x080007ca   0x080007ca   0x00000004   Code   RO           70    i.os_idle_demon     rtx_conf_cm.o
    0x080007ce   0x080007ce   0x00000002   PAD
    0x080007d0   0x080007d0   0x00000028   Code   RO         1341    i.os_tick_init      RTX_CM3.lib(rt_system.o)
    0x080007f8   0x080007f8   0x00000002   Code   RO         1342    i.os_tick_irqack    RTX_CM3.lib(rt_system.o)
    0x080007fa   0x080007fa   0x0000001a   Code   RO         1695    i.rt_alloc_box      RTX_CM3.lib(rt_membox.o)
    0x08000814   0x08000814   0x0000003e   Code   RO         1723    i.rt_alloc_mem      RTX_CM3.lib(rt_memory.o)
    0x08000852   0x08000852   0x00000002   PAD
    0x08000854   0x08000854   0x00000038   Code   RO         1222    i.rt_block          RTX_CM3.lib(rt_task.o)
    0x0800088c   0x0800088c   0x00000048   Code   RO         1672    i.rt_chk_robin      RTX_CM3.lib(rt_robin.o)
    0x080008d4   0x080008d4   0x00000070   Code   RO         1473    i.rt_dec_dly        RTX_CM3.lib(rt_list.o)
    0x08000944   0x08000944   0x00000044   Code   RO         1223    i.rt_dispatch       RTX_CM3.lib(rt_task.o)
    0x08000988   0x08000988   0x00000050   Code   RO         1434    i.rt_evt_psh        RTX_CM3.lib(rt_event.o)
    0x080009d8   0x080009d8   0x0000002c   Code   RO         1696    i.rt_free_box       RTX_CM3.lib(rt_membox.o)
    0x08000a04   0x08000a04   0x00000028   Code   RO         1724    i.rt_free_mem       RTX_CM3.lib(rt_memory.o)
    0x08000a2c   0x08000a2c   0x00000028   Code   RO         1474    i.rt_get_first      RTX_CM3.lib(rt_list.o)
    0x08000a54   0x08000a54   0x00000008   Code   RO          653    i.rt_id2obj         RTX_CM3.lib(rt_cmsis.o)
    0x08000a5c   0x08000a5c   0x00000048   Code   RO         1224    i.rt_init_context   RTX_CM3.lib(rt_task.o)
    0x08000aa4   0x08000aa4   0x0000001a   Code   RO         1725    i.rt_init_mem       RTX_CM3.lib(rt_memory.o)
    0x08000abe   0x08000abe   0x00000002   PAD
    0x08000ac0   0x08000ac0   0x00000018   Code   RO         1673    i.rt_init_robin     RTX_CM3.lib(rt_robin.o)
    0x08000ad8   0x08000ad8   0x00000080   Code   RO         1750    i.rt_init_stack     RTX_CM3.lib(hal_cm.o)
    0x08000b58   0x08000b58   0x00000008   Code   RO         1551    i.rt_mbx_check      RTX_CM3.lib(rt_mailbox.o)
    0x08000b60   0x08000b60   0x0000001a   Code   RO         1552    i.rt_mbx_init       RTX_CM3.lib(rt_mailbox.o)
    0x08000b7a   0x08000b7a   0x00000002   PAD
    0x08000b7c   0x08000b7c   0x000000f0   Code   RO         1553    i.rt_mbx_psh        RTX_CM3.lib(rt_mailbox.o)
    0x08000c6c   0x08000c6c   0x000000b4   Code   RO         1555    i.rt_mbx_wait       RTX_CM3.lib(rt_mailbox.o)
    0x08000d20   0x08000d20   0x00000044   Code   RO          654    i.rt_ms2tick        RTX_CM3.lib(rt_cmsis.o)
    0x08000d64   0x08000d64   0x000000d8   Code   RO         1308    i.rt_mut_release    RTX_CM3.lib(rt_mutex.o)
    0x08000e3c   0x08000e3c   0x00000078   Code   RO         1309    i.rt_mut_wait       RTX_CM3.lib(rt_mutex.o)
    0x08000eb4   0x08000eb4   0x0000007c   Code   RO         1345    i.rt_pop_req        RTX_CM3.lib(rt_system.o)
    0x08000f30   0x08000f30   0x00000020   Code   RO         1346    i.rt_psh_req        RTX_CM3.lib(rt_system.o)
    0x08000f50   0x08000f50   0x0000005c   Code   RO         1476    i.rt_psq_enq        RTX_CM3.lib(rt_list.o)
    0x08000fac   0x08000fac   0x00000048   Code   RO         1477    i.rt_put_dly        RTX_CM3.lib(rt_list.o)
    0x08000ff4   0x08000ff4   0x00000036   Code   RO         1478    i.rt_put_prio       RTX_CM3.lib(rt_list.o)
    0x0800102a   0x0800102a   0x00000002   PAD
    0x0800102c   0x0800102c   0x00000014   Code   RO         1479    i.rt_put_rdy_first  RTX_CM3.lib(rt_list.o)
    0x08001040   0x08001040   0x00000034   Code   RO         1480    i.rt_resort_prio    RTX_CM3.lib(rt_list.o)
    0x08001074   0x08001074   0x00000006   Code   RO         1751    i.rt_ret_val        RTX_CM3.lib(hal_cm.o)
    0x0800107a   0x0800107a   0x00000008   Code   RO         1752    i.rt_ret_val2       RTX_CM3.lib(hal_cm.o)
    0x08001082   0x08001082   0x00000028   Code   RO         1481    i.rt_rmv_dly        RTX_CM3.lib(rt_list.o)
    0x080010aa   0x080010aa   0x00000002   PAD
    0x080010ac   0x080010ac   0x00000030   Code   RO         1482    i.rt_rmv_list       RTX_CM3.lib(rt_list.o)
    0x080010dc   0x080010dc   0x00000034   Code   RO         1600    i.rt_sem_psh        RTX_CM3.lib(rt_semaphore.o)
    0x08001110   0x08001110   0x00000024   Code   RO         1348    i.rt_stk_check      RTX_CM3.lib(rt_system.o)
    0x08001134   0x08001134   0x00000028   Code   RO         1225    i.rt_switch_req     RTX_CM3.lib(rt_task.o)
    0x0800115c   0x0800115c   0x000000cc   Code   RO         1226    i.rt_sys_init       RTX_CM3.lib(rt_task.o)
    0x08001228   0x08001228   0x00000078   Code   RO         1227    i.rt_sys_start      RTX_CM3.lib(rt_task.o)
    0x080012a0   0x080012a0   0x00000040   Code   RO         1350    i.rt_systick        RTX_CM3.lib(rt_system.o)
    0x080012e0   0x080012e0   0x00000012   Code   RO          655    i.rt_tid2ptcb       RTX_CM3.lib(rt_cmsis.o)
    0x080012f2   0x080012f2   0x00000002   PAD
    0x080012f4   0x080012f4   0x00000034   Code   RO          656    i.rt_timer_insert   RTX_CM3.lib(rt_cmsis.o)
    0x08001328   0x08001328   0x00000088   Code   RO         1228    i.rt_tsk_create     RTX_CM3.lib(rt_task.o)
    0x080013b0   0x080013b0   0x0000017c   Code   RO         1229    i.rt_tsk_delete     RTX_CM3.lib(rt_task.o)
    0x0800152c   0x0800152c   0x0000007c   Code   RO         1231    i.rt_tsk_prio       RTX_CM3.lib(rt_task.o)
    0x080015a8   0x080015a8   0x00000010   Code   RO         1232    i.rt_tsk_self       RTX_CM3.lib(rt_task.o)
    0x080015b8   0x080015b8   0x00000070   Code   RO          659    i.svcKernelInitialize  RTX_CM3.lib(rt_cmsis.o)
    0x08001628   0x08001628   0x00000048   Code   RO          661    i.svcKernelStart    RTX_CM3.lib(rt_cmsis.o)
    0x08001670   0x08001670   0x00000024   Code   RO          664    i.svcMessageCreate  RTX_CM3.lib(rt_cmsis.o)
    0x08001694   0x08001694   0x0000003a   Code   RO          665    i.svcMessageGet     RTX_CM3.lib(rt_cmsis.o)
    0x080016ce   0x080016ce   0x00000002   PAD
    0x080016d0   0x080016d0   0x0000006c   Code   RO          679    i.svcThreadCreate   RTX_CM3.lib(rt_cmsis.o)
    0x0800173c   0x0800173c   0x0000001c   Code   RO          680    i.svcThreadGetId    RTX_CM3.lib(rt_cmsis.o)
    0x08001758   0x08001758   0x00000038   Code   RO          683    i.svcThreadTerminate  RTX_CM3.lib(rt_cmsis.o)
    0x08001790   0x08001790   0x00000018   Code   RO          685    i.svcTimerCall      RTX_CM3.lib(rt_cmsis.o)
    0x080017a8   0x080017a8   0x0000005c   Code   RO          694    i.sysTimerTick      RTX_CM3.lib(rt_cmsis.o)
    0x08001804   0x08001804   0x00000068   Data   RO           72    .constdata          rtx_conf_cm.o
    0x0800186c   0x0800186c   0x00000020   Data   RO         1978    Region$$Table       anon$$obj.o


    Execution Region ER_RW (Exec base: 0x20000000, Load base: 0x0800188c, Size: 0x0000003c, Max: 0xffffffff, ABSOLUTE)

    Exec Addr    Load Addr    Size         Type   Attr      Idx    E Section Name        Object

    0x20000000   0x0800188c   0x00000014   Data   RW           73    .data               rtx_conf_cm.o
    0x20000014   0x080018a0   0x00000008   Data   RW          697    .data               RTX_CM3.lib(rt_cmsis.o)
    0x2000001c   0x080018a8   0x00000008   Data   RW         1234    .data               RTX_CM3.lib(rt_task.o)
    0x20000024   0x080018b0   0x00000008   Data   RW         1353    .data               RTX_CM3.lib(rt_system.o)
    0x2000002c   0x080018b8   0x00000004   Data   RW         1643    .data               RTX_CM3.lib(rt_time.o)
    0x20000030   0x080018bc   0x00000008   Data   RW         1674    .data               RTX_CM3.lib(rt_robin.o)
    0x20000038   0x080018c4   0x00000001   Data   RW         1753    .data               RTX_CM3.lib(hal_cm.o)


    Execution Region ER_ZI (Exec base: 0x2000003c, Load base: 0x080018c8, Size: 0x00001294, Max: 0xffffffff, ABSOLUTE)

    Exec Addr    Load Addr    Size         Type   Attr      Idx    E Section Name        Object

    0x2000003c   0x080018c8   0x00000004   PAD
    0x20000040        -       0x00000bc8   Zero   RW           71    .bss                rtx_conf_cm.o
    0x20000c08        -       0x00000034   Zero   RW         1233    .bss                RTX_CM3.lib(rt_task.o)
    0x20000c3c        -       0x00000030   Zero   RW         1483    .bss                RTX_CM3.lib(rt_list.o)
    0x20000c6c        -       0x00000060   Zero   RW         1811    .bss                c_w.l(libspace.o)
    0x20000ccc   0x080018c8   0x00000004   PAD
    0x20000cd0        -       0x00000200   Zero   RW          127    HEAP                startup_stm32f10x_md.o
    0x20000ed0        -       0x00000400   Zero   RW          126    STACK               startup_stm32f10x_md.o


==============================================================================

Image component sizes


      Code (inc. data)   RO Data    RW Data    ZI Data      Debug   Object Name

         0          0          0          0          0       3064   elevatorstace.o
         4          0          0          0          0       1811   main.o
       126         26        104         20       3016       9127   rtx_conf_cm.o
        64         26        236          0       1536        792   startup_stm32f10x_md.o
       328         28          0          0          0       2017   system_stm32f10x.o

    ----------------------------------------------------------------------
       524         80        372         20       4552      16811   Object Totals
         0          0         32          0          0          0   (incl. Generated)
         2          0          0          0          0          0   (incl. Padding)

    ----------------------------------------------------------------------

      Code (inc. data)   RO Data    RW Data    ZI Data      Debug   Library Member Name

       238         24          0          1          0       3312   hal_cm.o
       304         36          0          0          0        768   hal_cm3.o
      1110        138          0          8          0      31753   rt_cmsis.o
        80          4          0          0          0        661   rt_event.o
       530         34          0          0         48       8253   rt_list.o
       554         10          0          0          0       3949   rt_mailbox.o
       140          0          0          0          0       1925   rt_membox.o
       128          0          0          0          0       2307   rt_memory.o
       336         14          0          0          0       1643   rt_mutex.o
        96         22          0          8          0       1158   rt_robin.o
        52          4          0          0          0        573   rt_semaphore.o
       298         52          0          8          0       6223   rt_system.o
      1216        174          0          8         52       9649   rt_task.o
         0          0          0          4          0        214   rt_time.o
         4          4          0          0          0        208   svc_table.o
         8          0          0          0          0         68   __main.o
         0          0          0          0          0          0   __rtentry.o
        20          0          0          0          0          0   __rtentry2.o
         6          0          0          0          0          0   __rtentry4.o
        52          8          0          0          0          0   __scatter.o
        26          0          0          0          0          0   __scatter_copy.o
        28          0          0          0          0          0   __scatter_zi.o
        18          0          0          0          0         80   exit.o
         6          0          0          0          0        152   heapauxi.o
         0          0          0          0          0          0   indicate_semi.o
         2          0          0          0          0          0   libinit.o
         2          0          0          0          0          0   libinit2.o
         2          0          0          0          0          0   libshutdown.o
         2          0          0          0          0          0   libshutdown2.o
         8          4          0          0         96         68   libspace.o
         2          0          0          0          0          0   rtexit.o
        10          0          0          0          0          0   rtexit2.o
        12          4          0          0          0         68   sys_exit.o
        74          0          0          0          0         80   sys_stackheap_outer.o
         2          0          0          0          0         68   use_no_semi.o

    ----------------------------------------------------------------------
      5388        532          0         40        204      73180   Library Totals
        22          0          0          3          8          0   (incl. Padding)

    ----------------------------------------------------------------------

      Code (inc. data)   RO Data    RW Data    ZI Data      Debug   Library Name

      5086        516          0         37        100      72596   RTX_CM3.lib
       280         16          0          0         96        584   c_w.l

    ----------------------------------------------------------------------
      5388        532          0         40        204      73180   Library Totals

    ----------------------------------------------------------------------

==============================================================================


      Code (inc. data)   RO Data    RW Data    ZI Data      Debug   

      5912        612        372         60       4756      85983   Grand Totals
      5912        612        372         60       4756      85983   ELF Image Totals
      5912        612        372         60          0          0   ROM Totals

==============================================================================

    Total RO  Size (Code + RO Data)                 6284 (   6.14kB)
    Total RW  Size (RW Data + ZI Data)              4816 (   4.70kB)
    Total ROM Size (Code + RO Data + RW Data)       6344 (   6.20kB)

==============================================================================

